Archive member included to satisfy reference by file (symbol)

d:/atmel/studio/7.0/toolchain/avr8/avr8-gnu-toolchain/bin/../lib/gcc/avr/5.4.0/avr6\libgcc.a(_exit.o)
                              D:/Atmel/Studio/7.0/Packs/atmel/ATmega_DFP/1.7.374/gcc/dev/atmega2560/avr6/crtatmega2560.o (exit)
d:/atmel/studio/7.0/toolchain/avr8/avr8-gnu-toolchain/bin/../lib/gcc/avr/5.4.0/avr6\libgcc.a(_copy_data.o)
                              deteccao_intruso.o (__do_copy_data)
d:/atmel/studio/7.0/toolchain/avr8/avr8-gnu-toolchain/bin/../lib/gcc/avr/5.4.0/avr6\libgcc.a(_clear_bss.o)
                              deteccao_intruso.o (__do_clear_bss)
d:/atmel/studio/7.0/toolchain/avr8/avr8-gnu-toolchain/bin/../lib/gcc/avr/5.4.0/../../../../avr/lib/avr6\libc.a(strcmp.o)
                              subRotinaAdm.o (strcmp)
d:/atmel/studio/7.0/toolchain/avr8/avr8-gnu-toolchain/bin/../lib/gcc/avr/5.4.0/../../../../avr/lib/avr6\libc.a(strcpy.o)
                              subRotinaAdm.o (strcpy)

Allocating common symbols
Common symbol       size              file

possivelTecla       0x1               serial.o
horarioSensor       0x6               main.o
validacao           0x2               serial.o
sensorAtivo         0x1               main.o
tecla               0x1               serial.o
binColuna           0x1               serial.o
admLogin            0x1               main.o

Discarded input sections

 .data          0x00000000        0x0 D:/Atmel/Studio/7.0/Packs/atmel/ATmega_DFP/1.7.374/gcc/dev/atmega2560/avr6/crtatmega2560.o
 .bss           0x00000000        0x0 D:/Atmel/Studio/7.0/Packs/atmel/ATmega_DFP/1.7.374/gcc/dev/atmega2560/avr6/crtatmega2560.o
 .text          0x00000000        0x0 deteccao_intruso.o
 .data          0x00000000        0x0 deteccao_intruso.o
 .bss           0x00000000        0x0 deteccao_intruso.o
 .text.desativa_buzzer
                0x00000000        0xe deteccao_intruso.o
 COMMON         0x00000000        0x0 deteccao_intruso.o
 .text          0x00000000        0x0 serial.o
 .data          0x00000000        0x0 serial.o
 .bss           0x00000000        0x0 serial.o
 .text          0x00000000        0x0 subRotinaAdm.o
 .data          0x00000000        0x0 subRotinaAdm.o
 .bss           0x00000000        0x0 subRotinaAdm.o
 COMMON         0x00000000        0x0 subRotinaAdm.o
 .text          0x00000000        0x0 teclado.o
 .data          0x00000000        0x0 teclado.o
 .bss           0x00000000        0x0 teclado.o
 .text          0x00000000        0x0 lcdio.o
 .data          0x00000000        0x0 lcdio.o
 .bss           0x00000000        0x0 lcdio.o
 .text          0x00000000        0x0 main.o
 .data          0x00000000        0x0 main.o
 .bss           0x00000000        0x0 main.o
 .text          0x00000000        0x0 timerRelogio.o
 .data          0x00000000        0x0 timerRelogio.o
 .bss           0x00000000        0x0 timerRelogio.o
 .text          0x00000000        0x0 timers.o
 .data          0x00000000        0x0 timers.o
 .bss           0x00000000        0x0 timers.o
 .text.onda_800hzint
                0x00000000       0x1e timers.o
 .text.onda_400hzint
                0x00000000       0x1e timers.o
 .text.led2hz_int
                0x00000000       0x24 timers.o
 .text.delay_1ms
                0x00000000       0x20 timers.o
 .bss.onda      0x00000000        0x1 timers.o
 .bss.ciclos_buzzer
                0x00000000        0x4 timers.o
 .bss.buzzer    0x00000000        0x1 timers.o
 .bss.led2hz    0x00000000        0x1 timers.o
 .text          0x00000000        0x0 validacao_senhas.o
 .data          0x00000000        0x0 validacao_senhas.o
 .bss           0x00000000        0x0 validacao_senhas.o
 .text          0x00000000        0x0 d:/atmel/studio/7.0/toolchain/avr8/avr8-gnu-toolchain/bin/../lib/gcc/avr/5.4.0/avr6\libgcc.a(_exit.o)
 .data          0x00000000        0x0 d:/atmel/studio/7.0/toolchain/avr8/avr8-gnu-toolchain/bin/../lib/gcc/avr/5.4.0/avr6\libgcc.a(_exit.o)
 .bss           0x00000000        0x0 d:/atmel/studio/7.0/toolchain/avr8/avr8-gnu-toolchain/bin/../lib/gcc/avr/5.4.0/avr6\libgcc.a(_exit.o)
 .text.libgcc.mul
                0x00000000        0x0 d:/atmel/studio/7.0/toolchain/avr8/avr8-gnu-toolchain/bin/../lib/gcc/avr/5.4.0/avr6\libgcc.a(_exit.o)
 .text.libgcc.div
                0x00000000        0x0 d:/atmel/studio/7.0/toolchain/avr8/avr8-gnu-toolchain/bin/../lib/gcc/avr/5.4.0/avr6\libgcc.a(_exit.o)
 .text.libgcc   0x00000000        0x0 d:/atmel/studio/7.0/toolchain/avr8/avr8-gnu-toolchain/bin/../lib/gcc/avr/5.4.0/avr6\libgcc.a(_exit.o)
 .text.libgcc.prologue
                0x00000000        0x0 d:/atmel/studio/7.0/toolchain/avr8/avr8-gnu-toolchain/bin/../lib/gcc/avr/5.4.0/avr6\libgcc.a(_exit.o)
 .text.libgcc.builtins
                0x00000000        0x0 d:/atmel/studio/7.0/toolchain/avr8/avr8-gnu-toolchain/bin/../lib/gcc/avr/5.4.0/avr6\libgcc.a(_exit.o)
 .text.libgcc.fmul
                0x00000000        0x0 d:/atmel/studio/7.0/toolchain/avr8/avr8-gnu-toolchain/bin/../lib/gcc/avr/5.4.0/avr6\libgcc.a(_exit.o)
 .text.libgcc.fixed
                0x00000000        0x0 d:/atmel/studio/7.0/toolchain/avr8/avr8-gnu-toolchain/bin/../lib/gcc/avr/5.4.0/avr6\libgcc.a(_exit.o)
 .text          0x00000000        0x0 d:/atmel/studio/7.0/toolchain/avr8/avr8-gnu-toolchain/bin/../lib/gcc/avr/5.4.0/avr6\libgcc.a(_copy_data.o)
 .data          0x00000000        0x0 d:/atmel/studio/7.0/toolchain/avr8/avr8-gnu-toolchain/bin/../lib/gcc/avr/5.4.0/avr6\libgcc.a(_copy_data.o)
 .bss           0x00000000        0x0 d:/atmel/studio/7.0/toolchain/avr8/avr8-gnu-toolchain/bin/../lib/gcc/avr/5.4.0/avr6\libgcc.a(_copy_data.o)
 .text.libgcc.mul
                0x00000000        0x0 d:/atmel/studio/7.0/toolchain/avr8/avr8-gnu-toolchain/bin/../lib/gcc/avr/5.4.0/avr6\libgcc.a(_copy_data.o)
 .text.libgcc.div
                0x00000000        0x0 d:/atmel/studio/7.0/toolchain/avr8/avr8-gnu-toolchain/bin/../lib/gcc/avr/5.4.0/avr6\libgcc.a(_copy_data.o)
 .text.libgcc   0x00000000        0x0 d:/atmel/studio/7.0/toolchain/avr8/avr8-gnu-toolchain/bin/../lib/gcc/avr/5.4.0/avr6\libgcc.a(_copy_data.o)
 .text.libgcc.prologue
                0x00000000        0x0 d:/atmel/studio/7.0/toolchain/avr8/avr8-gnu-toolchain/bin/../lib/gcc/avr/5.4.0/avr6\libgcc.a(_copy_data.o)
 .text.libgcc.builtins
                0x00000000        0x0 d:/atmel/studio/7.0/toolchain/avr8/avr8-gnu-toolchain/bin/../lib/gcc/avr/5.4.0/avr6\libgcc.a(_copy_data.o)
 .text.libgcc.fmul
                0x00000000        0x0 d:/atmel/studio/7.0/toolchain/avr8/avr8-gnu-toolchain/bin/../lib/gcc/avr/5.4.0/avr6\libgcc.a(_copy_data.o)
 .text.libgcc.fixed
                0x00000000        0x0 d:/atmel/studio/7.0/toolchain/avr8/avr8-gnu-toolchain/bin/../lib/gcc/avr/5.4.0/avr6\libgcc.a(_copy_data.o)
 .text          0x00000000        0x0 d:/atmel/studio/7.0/toolchain/avr8/avr8-gnu-toolchain/bin/../lib/gcc/avr/5.4.0/avr6\libgcc.a(_clear_bss.o)
 .data          0x00000000        0x0 d:/atmel/studio/7.0/toolchain/avr8/avr8-gnu-toolchain/bin/../lib/gcc/avr/5.4.0/avr6\libgcc.a(_clear_bss.o)
 .bss           0x00000000        0x0 d:/atmel/studio/7.0/toolchain/avr8/avr8-gnu-toolchain/bin/../lib/gcc/avr/5.4.0/avr6\libgcc.a(_clear_bss.o)
 .text.libgcc.mul
                0x00000000        0x0 d:/atmel/studio/7.0/toolchain/avr8/avr8-gnu-toolchain/bin/../lib/gcc/avr/5.4.0/avr6\libgcc.a(_clear_bss.o)
 .text.libgcc.div
                0x00000000        0x0 d:/atmel/studio/7.0/toolchain/avr8/avr8-gnu-toolchain/bin/../lib/gcc/avr/5.4.0/avr6\libgcc.a(_clear_bss.o)
 .text.libgcc   0x00000000        0x0 d:/atmel/studio/7.0/toolchain/avr8/avr8-gnu-toolchain/bin/../lib/gcc/avr/5.4.0/avr6\libgcc.a(_clear_bss.o)
 .text.libgcc.prologue
                0x00000000        0x0 d:/atmel/studio/7.0/toolchain/avr8/avr8-gnu-toolchain/bin/../lib/gcc/avr/5.4.0/avr6\libgcc.a(_clear_bss.o)
 .text.libgcc.builtins
                0x00000000        0x0 d:/atmel/studio/7.0/toolchain/avr8/avr8-gnu-toolchain/bin/../lib/gcc/avr/5.4.0/avr6\libgcc.a(_clear_bss.o)
 .text.libgcc.fmul
                0x00000000        0x0 d:/atmel/studio/7.0/toolchain/avr8/avr8-gnu-toolchain/bin/../lib/gcc/avr/5.4.0/avr6\libgcc.a(_clear_bss.o)
 .text.libgcc.fixed
                0x00000000        0x0 d:/atmel/studio/7.0/toolchain/avr8/avr8-gnu-toolchain/bin/../lib/gcc/avr/5.4.0/avr6\libgcc.a(_clear_bss.o)
 .text          0x00000000        0x0 d:/atmel/studio/7.0/toolchain/avr8/avr8-gnu-toolchain/bin/../lib/gcc/avr/5.4.0/../../../../avr/lib/avr6\libc.a(strcmp.o)
 .data          0x00000000        0x0 d:/atmel/studio/7.0/toolchain/avr8/avr8-gnu-toolchain/bin/../lib/gcc/avr/5.4.0/../../../../avr/lib/avr6\libc.a(strcmp.o)
 .bss           0x00000000        0x0 d:/atmel/studio/7.0/toolchain/avr8/avr8-gnu-toolchain/bin/../lib/gcc/avr/5.4.0/../../../../avr/lib/avr6\libc.a(strcmp.o)
 .text          0x00000000        0x0 d:/atmel/studio/7.0/toolchain/avr8/avr8-gnu-toolchain/bin/../lib/gcc/avr/5.4.0/../../../../avr/lib/avr6\libc.a(strcpy.o)
 .data          0x00000000        0x0 d:/atmel/studio/7.0/toolchain/avr8/avr8-gnu-toolchain/bin/../lib/gcc/avr/5.4.0/../../../../avr/lib/avr6\libc.a(strcpy.o)
 .bss           0x00000000        0x0 d:/atmel/studio/7.0/toolchain/avr8/avr8-gnu-toolchain/bin/../lib/gcc/avr/5.4.0/../../../../avr/lib/avr6\libc.a(strcpy.o)

Memory Configuration

Name             Origin             Length             Attributes
text             0x00000000         0x00040000         xr
data             0x00800200         0x00002000         rw !x
eeprom           0x00810000         0x00001000         rw !x
fuse             0x00820000         0x00000003         rw !x
lock             0x00830000         0x00000400         rw !x
signature        0x00840000         0x00000400         rw !x
user_signatures  0x00850000         0x00000400         rw !x
*default*        0x00000000         0xffffffff

Linker script and memory map

Address of section .data set to 0x800200
LOAD D:/Atmel/Studio/7.0/Packs/atmel/ATmega_DFP/1.7.374/gcc/dev/atmega2560/avr6/crtatmega2560.o
LOAD deteccao_intruso.o
LOAD serial.o
LOAD subRotinaAdm.o
LOAD teclado.o
LOAD lcdio.o
LOAD main.o
LOAD timerRelogio.o
LOAD timers.o
LOAD validacao_senhas.o
START GROUP
LOAD d:/atmel/studio/7.0/toolchain/avr8/avr8-gnu-toolchain/bin/../lib/gcc/avr/5.4.0/../../../../avr/lib/avr6\libm.a
END GROUP
START GROUP
LOAD d:/atmel/studio/7.0/toolchain/avr8/avr8-gnu-toolchain/bin/../lib/gcc/avr/5.4.0/avr6\libgcc.a
LOAD d:/atmel/studio/7.0/toolchain/avr8/avr8-gnu-toolchain/bin/../lib/gcc/avr/5.4.0/../../../../avr/lib/avr6\libm.a
LOAD d:/atmel/studio/7.0/toolchain/avr8/avr8-gnu-toolchain/bin/../lib/gcc/avr/5.4.0/../../../../avr/lib/avr6\libc.a
LOAD D:/Atmel/Studio/7.0/Packs/atmel/ATmega_DFP/1.7.374/gcc/dev/atmega2560/avr6\libatmega2560.a
END GROUP
                0x00000000                __TEXT_REGION_ORIGIN__ = DEFINED (__TEXT_REGION_ORIGIN__)?__TEXT_REGION_ORIGIN__:0x0
                [0x00800200]                __DATA_REGION_ORIGIN__ = DEFINED (__DATA_REGION_ORIGIN__)?__DATA_REGION_ORIGIN__:0x800200
                [0x00040000]                __TEXT_REGION_LENGTH__ = DEFINED (__TEXT_REGION_LENGTH__)?__TEXT_REGION_LENGTH__:0x100000
                [0x00002000]                __DATA_REGION_LENGTH__ = DEFINED (__DATA_REGION_LENGTH__)?__DATA_REGION_LENGTH__:0xfe00
                [0x00001000]                __EEPROM_REGION_LENGTH__ = DEFINED (__EEPROM_REGION_LENGTH__)?__EEPROM_REGION_LENGTH__:0x10000
                [0x00000003]                __FUSE_REGION_LENGTH__ = DEFINED (__FUSE_REGION_LENGTH__)?__FUSE_REGION_LENGTH__:0x400
                0x00000400                __LOCK_REGION_LENGTH__ = DEFINED (__LOCK_REGION_LENGTH__)?__LOCK_REGION_LENGTH__:0x400
                0x00000400                __SIGNATURE_REGION_LENGTH__ = DEFINED (__SIGNATURE_REGION_LENGTH__)?__SIGNATURE_REGION_LENGTH__:0x400
                0x00000400                __USER_SIGNATURE_REGION_LENGTH__ = DEFINED (__USER_SIGNATURE_REGION_LENGTH__)?__USER_SIGNATURE_REGION_LENGTH__:0x400

.hash
 *(.hash)

.dynsym
 *(.dynsym)

.dynstr
 *(.dynstr)

.gnu.version
 *(.gnu.version)

.gnu.version_d
 *(.gnu.version_d)

.gnu.version_r
 *(.gnu.version_r)

.rel.init
 *(.rel.init)

.rela.init
 *(.rela.init)

.rel.text
 *(.rel.text)
 *(.rel.text.*)
 *(.rel.gnu.linkonce.t*)

.rela.text
 *(.rela.text)
 *(.rela.text.*)
 *(.rela.gnu.linkonce.t*)

.rel.fini
 *(.rel.fini)

.rela.fini
 *(.rela.fini)

.rel.rodata
 *(.rel.rodata)
 *(.rel.rodata.*)
 *(.rel.gnu.linkonce.r*)

.rela.rodata
 *(.rela.rodata)
 *(.rela.rodata.*)
 *(.rela.gnu.linkonce.r*)

.rel.data
 *(.rel.data)
 *(.rel.data.*)
 *(.rel.gnu.linkonce.d*)

.rela.data
 *(.rela.data)
 *(.rela.data.*)
 *(.rela.gnu.linkonce.d*)

.rel.ctors
 *(.rel.ctors)

.rela.ctors
 *(.rela.ctors)

.rel.dtors
 *(.rel.dtors)

.rela.dtors
 *(.rela.dtors)

.rel.got
 *(.rel.got)

.rela.got
 *(.rela.got)

.rel.bss
 *(.rel.bss)

.rela.bss
 *(.rela.bss)

.rel.plt
 *(.rel.plt)

.rela.plt
 *(.rela.plt)

.text           0x00000000     0x10be
 *(.vectors)
 .vectors       0x00000000       0xe4 D:/Atmel/Studio/7.0/Packs/atmel/ATmega_DFP/1.7.374/gcc/dev/atmega2560/avr6/crtatmega2560.o
                0x00000000                __vector_default
                0x00000000                __vectors
 *(.vectors)
 *(.progmem.gcc*)
                0x000000e4                . = ALIGN (0x2)
                0x000000e4                __trampolines_start = .
 *(.trampolines)
 .trampolines   0x000000e4        0x0 linker stubs
 *(.trampolines*)
                0x000000e4                __trampolines_end = .
 *libprintf_flt.a:*(.progmem.data)
 *libc.a:*(.progmem.data)
 *(.progmem*)
                0x000000e4                . = ALIGN (0x2)
 *(.jumptables)
 *(.jumptables*)
 *(.lowtext)
 *(.lowtext*)
                0x000000e4                __ctors_start = .
 *(.ctors)
                0x000000e4                __ctors_end = .
                0x000000e4                __dtors_start = .
 *(.dtors)
                0x000000e4                __dtors_end = .
 SORT(*)(.ctors)
 SORT(*)(.dtors)
 *(.init0)
 .init0         0x000000e4        0x0 D:/Atmel/Studio/7.0/Packs/atmel/ATmega_DFP/1.7.374/gcc/dev/atmega2560/avr6/crtatmega2560.o
                0x000000e4                __init
 *(.init0)
 *(.init1)
 *(.init1)
 *(.init2)
 .init2         0x000000e4       0x10 D:/Atmel/Studio/7.0/Packs/atmel/ATmega_DFP/1.7.374/gcc/dev/atmega2560/avr6/crtatmega2560.o
 *(.init2)
 *(.init3)
 *(.init3)
 *(.init4)
 .init4         0x000000f4       0x1a d:/atmel/studio/7.0/toolchain/avr8/avr8-gnu-toolchain/bin/../lib/gcc/avr/5.4.0/avr6\libgcc.a(_copy_data.o)
                0x000000f4                __do_copy_data
 .init4         0x0000010e       0x10 d:/atmel/studio/7.0/toolchain/avr8/avr8-gnu-toolchain/bin/../lib/gcc/avr/5.4.0/avr6\libgcc.a(_clear_bss.o)
                0x0000010e                __do_clear_bss
 *(.init4)
 *(.init5)
 *(.init5)
 *(.init6)
 *(.init6)
 *(.init7)
 *(.init7)
 *(.init8)
 *(.init8)
 *(.init9)
 .init9         0x0000011e        0x4 D:/Atmel/Studio/7.0/Packs/atmel/ATmega_DFP/1.7.374/gcc/dev/atmega2560/avr6/crtatmega2560.o
 *(.init9)
 *(.text)
 .text          0x00000122        0x2 D:/Atmel/Studio/7.0/Packs/atmel/ATmega_DFP/1.7.374/gcc/dev/atmega2560/avr6/crtatmega2560.o
                0x00000122                __vector_38
                0x00000122                __vector_22
                0x00000122                __vector_28
                0x00000122                __vector_1
                0x00000122                __vector_32
                0x00000122                __vector_34
                0x00000122                __vector_24
                0x00000122                __vector_12
                0x00000122                __vector_55
                0x00000122                __vector_46
                0x00000122                __bad_interrupt
                0x00000122                __vector_6
                0x00000122                __vector_31
                0x00000122                __vector_39
                0x00000122                __vector_3
                0x00000122                __vector_23
                0x00000122                __vector_30
                0x00000122                __vector_54
                0x00000122                __vector_13
                0x00000122                __vector_17
                0x00000122                __vector_19
                0x00000122                __vector_56
                0x00000122                __vector_7
                0x00000122                __vector_49
                0x00000122                __vector_41
                0x00000122                __vector_43
                0x00000122                __vector_27
                0x00000122                __vector_5
                0x00000122                __vector_33
                0x00000122                __vector_47
                0x00000122                __vector_52
                0x00000122                __vector_37
                0x00000122                __vector_4
                0x00000122                __vector_44
                0x00000122                __vector_51
                0x00000122                __vector_9
                0x00000122                __vector_2
                0x00000122                __vector_21
                0x00000122                __vector_15
                0x00000122                __vector_36
                0x00000122                __vector_29
                0x00000122                __vector_40
                0x00000122                __vector_8
                0x00000122                __vector_26
                0x00000122                __vector_48
                0x00000122                __vector_14
                0x00000122                __vector_53
                0x00000122                __vector_10
                0x00000122                __vector_50
                0x00000122                __vector_16
                0x00000122                __vector_18
                0x00000122                __vector_42
                0x00000124                . = ALIGN (0x2)
 *(.text.*)
 .text.delay_piscaled
                0x00000124       0x66 deteccao_intruso.o
                0x00000124                delay_piscaled
 .text.ativa_buzzer
                0x0000018a       0x9a deteccao_intruso.o
                0x0000018a                ativa_buzzer
 .text.serialAtivarInterrupt
                0x00000224        0xc serial.o
                0x00000224                serialAtivarInterrupt
 .text.serialDesativarInterrupt
                0x00000230        0xc serial.o
                0x00000230                serialDesativarInterrupt
 .text.serialInicializar
                0x0000023c       0x20 serial.o
                0x0000023c                serialInicializar
 .text.serialByteDisponivelEnvio
                0x0000025c        0x8 serial.o
                0x0000025c                serialByteDisponivelEnvio
 .text.serialByteRecebido
                0x00000264        0x8 serial.o
                0x00000264                serialByteRecebido
 .text.serialEnviarByte
                0x0000026c       0x12 serial.o
                0x0000026c                serialEnviarByte
 .text.serialReceberByte
                0x0000027e        0xc serial.o
                0x0000027e                serialReceberByte
 .text.serialEnviarString
                0x0000028a       0x24 serial.o
                0x0000028a                serialEnviarString
 .text.escreveNumero
                0x000002ae       0x4a subRotinaAdm.o
                0x000002ae                escreveNumero
 .text.printa_horarioreal
                0x000002f8       0x34 subRotinaAdm.o
                0x000002f8                printa_horarioreal
 .text.tela1    0x0000032c       0x12 subRotinaAdm.o
                0x0000032c                tela1
 .text.tela2    0x0000033e       0x12 subRotinaAdm.o
                0x0000033e                tela2
 .text.tela3    0x00000350       0x12 subRotinaAdm.o
                0x00000350                tela3
 .text.tela4    0x00000362       0x2e subRotinaAdm.o
                0x00000362                tela4
 .text.telaTrocaSenhas
                0x00000390       0x12 subRotinaAdm.o
                0x00000390                telaTrocaSenhas
 .text.telaDeStatusUsuario
                0x000003a2       0x4a subRotinaAdm.o
                0x000003a2                telaDeStatusUsuario
 .text.telaResetSenhas
                0x000003ec       0x12 subRotinaAdm.o
                0x000003ec                telaResetSenhas
 .text.telaResetarSenhas
                0x000003fe       0x12 subRotinaAdm.o
                0x000003fe                telaResetarSenhas
 .text.telaSenhasDivergentes
                0x00000410       0x12 subRotinaAdm.o
                0x00000410                telaSenhasDivergentes
 .text.telaNovaSenha
                0x00000422        0xc subRotinaAdm.o
                0x00000422                telaNovaSenha
 .text.telaConfirmaSenha
                0x0000042e        0xc subRotinaAdm.o
                0x0000042e                telaConfirmaSenha
 .text.subRotinaAdm
                0x0000043a      0x1fc subRotinaAdm.o
                0x0000043a                subRotinaAdm
 .text.ligaLinhas
                0x00000636       0x9c teclado.o
                0x00000636                ligaLinhas
 .text.procuraLinhas
                0x000006d2       0x44 teclado.o
                0x000006d2                procuraLinhas
 .text.procuraTecla
                0x00000716       0x42 teclado.o
                0x00000716                procuraTecla
 .text.config_delay_timer0_CTC
                0x00000758        0xa lcdio.o
                0x00000758                config_delay_timer0_CTC
 .text.delay_CTC
                0x00000762       0x12 lcdio.o
                0x00000762                delay_CTC
 .text.config_porta_avr
                0x00000774        0xa lcdio.o
                0x00000774                config_porta_avr
 .text.trigger_EN
                0x0000077e       0x1e lcdio.o
                0x0000077e                trigger_EN
 .text.send_data
                0x0000079c       0x32 lcdio.o
                0x0000079c                send_data
 .text.send_command
                0x000007ce       0x32 lcdio.o
                0x000007ce                send_command
 .text.send_string
                0x00000800       0x18 lcdio.o
                0x00000800                send_string
 .text.limpa_reseta_cursor
                0x00000818        0xe lcdio.o
                0x00000818                limpa_reseta_cursor
 .text.config_lcd_padrao
                0x00000826       0x26 lcdio.o
                0x00000826                config_lcd_padrao
 .text.proxima_linha
                0x0000084c        0xc lcdio.o
                0x0000084c                proxima_linha
 .text.modoNoturno
                0x00000858       0x68 main.o
                0x00000858                modoNoturno
 .text.telaLcd  0x000008c0       0x12 main.o
                0x000008c0                telaLcd
 .text.telaLcd2
                0x000008d2       0x12 main.o
                0x000008d2                telaLcd2
 .text.telaLcd3
                0x000008e4        0xa main.o
                0x000008e4                telaLcd3
 .text.enviaMotivo
                0x000008ee       0x88 main.o
                0x000008ee                enviaMotivo
 .text.main     0x00000976      0x128 main.o
                0x00000976                main
 .text.__vector_11
                0x00000a9e      0x136 main.o
                0x00000a9e                __vector_11
 .text.__vector_20
                0x00000bd4       0x8e main.o
                0x00000bd4                __vector_20
 .text.__vector_35
                0x00000c62       0x7a main.o
                0x00000c62                __vector_35
 .text.__vector_25
                0x00000cdc       0x96 main.o
                0x00000cdc                __vector_25
 .text.__vector_45
                0x00000d72       0x74 main.o
                0x00000d72                __vector_45
 .text.configRelogio
                0x00000de6       0x1c timerRelogio.o
                0x00000de6                configRelogio
 .text.conversaoMinHr
                0x00000e02       0x48 timerRelogio.o
                0x00000e02                conversaoMinHr
 .text.config_timer1
                0x00000e4a       0x18 timers.o
                0x00000e4a                config_timer1
 .text.onda_800hz
                0x00000e62       0x1e timers.o
                0x00000e62                onda_800hz
 .text.onda_400hz
                0x00000e80       0x1e timers.o
                0x00000e80                onda_400hz
 .text.delay_250ms
                0x00000e9e       0x20 timers.o
                0x00000e9e                delay_250ms
 .text.delay_200ms
                0x00000ebe       0x20 timers.o
                0x00000ebe                delay_200ms
 .text.delay_1s
                0x00000ede       0x20 timers.o
                0x00000ede                delay_1s
 .text.config_timer_ok
                0x00000efe       0x1c timers.o
                0x00000efe                config_timer_ok
 .text.lendo_senha
                0x00000f1a       0x26 validacao_senhas.o
                0x00000f1a                lendo_senha
 .text.subRotinaTrocaSenha
                0x00000f40       0x4e validacao_senhas.o
                0x00000f40                subRotinaTrocaSenha
 .text.validar_senha
                0x00000f8e       0x6a validacao_senhas.o
                0x00000f8e                validar_senha
 .text.resultado_validacao
                0x00000ff8       0xa2 validacao_senhas.o
                0x00000ff8                resultado_validacao
 .text.avr-libc
                0x0000109a       0x12 d:/atmel/studio/7.0/toolchain/avr8/avr8-gnu-toolchain/bin/../lib/gcc/avr/5.4.0/../../../../avr/lib/avr6\libc.a(strcmp.o)
                0x0000109a                strcmp
 .text.avr-libc
                0x000010ac        0xe d:/atmel/studio/7.0/toolchain/avr8/avr8-gnu-toolchain/bin/../lib/gcc/avr/5.4.0/../../../../avr/lib/avr6\libc.a(strcpy.o)
                0x000010ac                strcpy
                0x000010ba                . = ALIGN (0x2)
 *(.fini9)
 .fini9         0x000010ba        0x0 d:/atmel/studio/7.0/toolchain/avr8/avr8-gnu-toolchain/bin/../lib/gcc/avr/5.4.0/avr6\libgcc.a(_exit.o)
                0x000010ba                _exit
                0x000010ba                exit
 *(.fini9)
 *(.fini8)
 *(.fini8)
 *(.fini7)
 *(.fini7)
 *(.fini6)
 *(.fini6)
 *(.fini5)
 *(.fini5)
 *(.fini4)
 *(.fini4)
 *(.fini3)
 *(.fini3)
 *(.fini2)
 *(.fini2)
 *(.fini1)
 *(.fini1)
 *(.fini0)
 .fini0         0x000010ba        0x4 d:/atmel/studio/7.0/toolchain/avr8/avr8-gnu-toolchain/bin/../lib/gcc/avr/5.4.0/avr6\libgcc.a(_exit.o)
 *(.fini0)
                0x000010be                _etext = .

.data           0x00800200      0x2b2 load address 0x000010be
                0x00800200                PROVIDE (__data_start, .)
 *(.data)
 *(.data*)
 .data.tempo_TA
                0x00800200        0x4 deteccao_intruso.o
                0x00800200                tempo_TA
 .data.confereNovaSenha
                0x00800204        0x6 subRotinaAdm.o
                0x00800204                confereNovaSenha
 .data.novaSenha
                0x0080020a        0x6 subRotinaAdm.o
                0x0080020a                novaSenha
 .data.sair     0x00800210        0x1 subRotinaAdm.o
                0x00800210                sair
 .data.usuario2Status
                0x00800211        0x1 subRotinaAdm.o
                0x00800211                usuario2Status
 .data.usuario1Status
                0x00800212        0x1 subRotinaAdm.o
                0x00800212                usuario1Status
 .data.teclado  0x00800213       0x10 teclado.o
                0x00800213                teclado
 .data.senhas   0x00800223       0x3c validacao_senhas.o
                0x00800223                senhas
 *(.gnu.linkonce.d*)
 *(.rodata)
 *(.rodata*)
 .rodata.str1.1
                0x0080025f      0x113 subRotinaAdm.o
                                0x115 (size before relaxing)
 .rodata.str1.1
                0x00800372       0xd9 main.o
                                 0xe9 (size before relaxing)
 .rodata.str1.1
                0x0080044b       0x66 validacao_senhas.o
                                 0x71 (size before relaxing)
 *(.gnu.linkonce.r*)
                0x008004b2                . = ALIGN (0x2)
 *fill*         0x008004b1        0x1 
                0x008004b2                _edata = .
                0x008004b2                PROVIDE (__data_end, .)

.bss            0x008004b2       0x26
                0x008004b2                PROVIDE (__bss_start, .)
 *(.bss)
 *(.bss*)
 .bss.chamada   0x008004b2        0x1 deteccao_intruso.o
                0x008004b2                chamada
 .bss.intruso_detectado
                0x008004b3        0x1 deteccao_intruso.o
                0x008004b3                intruso_detectado
 .bss.alarme_ativo
                0x008004b4        0x1 deteccao_intruso.o
                0x008004b4                alarme_ativo
 .bss.pediHorario
                0x008004b5        0x2 serial.o
                0x008004b5                pediHorario
 .bss.senhaConferida
                0x008004b7        0x1 subRotinaAdm.o
                0x008004b7                senhaConferida
 .bss.modoNoturnoStatus
                0x008004b8        0x1 subRotinaAdm.o
                0x008004b8                modoNoturnoStatus
 .bss.instrucaoDigitada
                0x008004b9        0x1 subRotinaAdm.o
                0x008004b9                instrucaoDigitada
 .bss.nr_ciclos_relogio
                0x008004ba        0x2 timerRelogio.o
                0x008004ba                nr_ciclos_relogio
 .bss.min       0x008004bc        0x1 timerRelogio.o
                0x008004bc                min
 .bss.hora      0x008004bd        0x1 timerRelogio.o
                0x008004bd                hora
 .bss.dia       0x008004be        0x1 timerRelogio.o
                0x008004be                dia
 .bss.nr_ciclos_ok
                0x008004bf        0x2 timers.o
                0x008004bf                nr_ciclos_ok
 .bss.nr_ciclos_timer1
                0x008004c1        0x2 timers.o
                0x008004c1                nr_ciclos_timer1
 .bss.senha     0x008004c3        0x6 validacao_senhas.o
                0x008004c3                senha
 .bss.nr_digitados
                0x008004c9        0x2 validacao_senhas.o
                0x008004c9                nr_digitados
 *(COMMON)
 COMMON         0x008004cb        0x5 serial.o
                0x008004cb                possivelTecla
                0x008004cc                validacao
                0x008004ce                tecla
                0x008004cf                binColuna
 COMMON         0x008004d0        0x8 main.o
                0x008004d0                horarioSensor
                0x008004d6                sensorAtivo
                0x008004d7                admLogin
                0x008004d8                PROVIDE (__bss_end, .)
                0x000010be                __data_load_start = LOADADDR (.data)
                0x00001370                __data_load_end = (__data_load_start + SIZEOF (.data))

.noinit         0x008004d8        0x0
                [!provide]                PROVIDE (__noinit_start, .)
 *(.noinit*)
                [!provide]                PROVIDE (__noinit_end, .)
                0x008004d8                _end = .
                [!provide]                PROVIDE (__heap_start, .)

.eeprom         0x00810000        0x0
 *(.eeprom*)
                0x00810000                __eeprom_end = .

.fuse
 *(.fuse)
 *(.lfuse)
 *(.hfuse)
 *(.efuse)

.lock
 *(.lock*)

.signature
 *(.signature*)

.user_signatures
 *(.user_signatures*)

.stab
 *(.stab)

.stabstr
 *(.stabstr)

.stab.excl
 *(.stab.excl)

.stab.exclstr
 *(.stab.exclstr)

.stab.index
 *(.stab.index)

.stab.indexstr
 *(.stab.indexstr)

.comment        0x00000000       0x30
 *(.comment)
 .comment       0x00000000       0x30 deteccao_intruso.o
                                 0x31 (size before relaxing)
 .comment       0x00000030       0x31 serial.o
 .comment       0x00000030       0x31 subRotinaAdm.o
 .comment       0x00000030       0x31 teclado.o
 .comment       0x00000030       0x31 lcdio.o
 .comment       0x00000030       0x31 main.o
 .comment       0x00000030       0x31 timerRelogio.o
 .comment       0x00000030       0x31 timers.o
 .comment       0x00000030       0x31 validacao_senhas.o

.note.gnu.avr.deviceinfo
                0x00000000       0x40
 .note.gnu.avr.deviceinfo
                0x00000000       0x40 D:/Atmel/Studio/7.0/Packs/atmel/ATmega_DFP/1.7.374/gcc/dev/atmega2560/avr6/crtatmega2560.o

.note.gnu.build-id
 *(.note.gnu.build-id)

.debug
 *(.debug)

.line
 *(.line)

.debug_srcinfo
 *(.debug_srcinfo)

.debug_sfnames
 *(.debug_sfnames)

.debug_aranges  0x00000000      0x2e8
 *(.debug_aranges)
 .debug_aranges
                0x00000000       0x30 deteccao_intruso.o
 .debug_aranges
                0x00000030       0x58 serial.o
 .debug_aranges
                0x00000088       0x88 subRotinaAdm.o
 .debug_aranges
                0x00000110       0x30 teclado.o
 .debug_aranges
                0x00000140       0x68 lcdio.o
 .debug_aranges
                0x000001a8       0x70 main.o
 .debug_aranges
                0x00000218       0x28 timerRelogio.o
 .debug_aranges
                0x00000240       0x70 timers.o
 .debug_aranges
                0x000002b0       0x38 validacao_senhas.o

.debug_pubnames
 *(.debug_pubnames)

.debug_info     0x00000000     0x3d6d
 *(.debug_info .gnu.linkonce.wi.*)
 .debug_info    0x00000000      0xbbc D:/Atmel/Studio/7.0/Packs/atmel/ATmega_DFP/1.7.374/gcc/dev/atmega2560/avr6/crtatmega2560.o
 .debug_info    0x00000bbc      0x1f8 deteccao_intruso.o
 .debug_info    0x00000db4      0x436 serial.o
 .debug_info    0x000011ea      0xcf0 subRotinaAdm.o
 .debug_info    0x00001eda      0x27d teclado.o
 .debug_info    0x00002157      0x3f5 lcdio.o
 .debug_info    0x0000254c      0xc2e main.o
 .debug_info    0x0000317a      0x3aa timerRelogio.o
 .debug_info    0x00003524      0x1d2 timers.o
 .debug_info    0x000036f6      0x677 validacao_senhas.o

.debug_abbrev   0x00000000     0x14d8
 *(.debug_abbrev)
 .debug_abbrev  0x00000000      0xb1a D:/Atmel/Studio/7.0/Packs/atmel/ATmega_DFP/1.7.374/gcc/dev/atmega2560/avr6/crtatmega2560.o
 .debug_abbrev  0x00000b1a       0xb6 deteccao_intruso.o
 .debug_abbrev  0x00000bd0      0x13e serial.o
 .debug_abbrev  0x00000d0e      0x18e subRotinaAdm.o
 .debug_abbrev  0x00000e9c       0xf1 teclado.o
 .debug_abbrev  0x00000f8d      0x114 lcdio.o
 .debug_abbrev  0x000010a1      0x17f main.o
 .debug_abbrev  0x00001220       0xf5 timerRelogio.o
 .debug_abbrev  0x00001315       0x60 timers.o
 .debug_abbrev  0x00001375      0x163 validacao_senhas.o

.debug_line     0x00000000     0x1c85
 *(.debug_line .debug_line.* .debug_line_end)
 .debug_line    0x00000000      0x1fa D:/Atmel/Studio/7.0/Packs/atmel/ATmega_DFP/1.7.374/gcc/dev/atmega2560/avr6/crtatmega2560.o
 .debug_line    0x000001fa      0x19d deteccao_intruso.o
 .debug_line    0x00000397      0x1df serial.o
 .debug_line    0x00000576      0x5d2 subRotinaAdm.o
 .debug_line    0x00000b48      0x187 teclado.o
 .debug_line    0x00000ccf      0x2cc lcdio.o
 .debug_line    0x00000f9b      0x65f main.o
 .debug_line    0x000015fa      0x168 timerRelogio.o
 .debug_line    0x00001762      0x2ba timers.o
 .debug_line    0x00001a1c      0x269 validacao_senhas.o

.debug_frame    0x00000000      0x6ec
 *(.debug_frame)
 .debug_frame   0x00000000       0x6c deteccao_intruso.o
 .debug_frame   0x0000006c       0xac serial.o
 .debug_frame   0x00000118      0x11c subRotinaAdm.o
 .debug_frame   0x00000234       0x50 teclado.o
 .debug_frame   0x00000284       0xd0 lcdio.o
 .debug_frame   0x00000354      0x240 main.o
 .debug_frame   0x00000594       0x34 timerRelogio.o
 .debug_frame   0x000005c8       0xc4 timers.o
 .debug_frame   0x0000068c       0x60 validacao_senhas.o

.debug_str      0x00000000      0xb99
 *(.debug_str)
 .debug_str     0x00000000      0x3e6 D:/Atmel/Studio/7.0/Packs/atmel/ATmega_DFP/1.7.374/gcc/dev/atmega2560/avr6/crtatmega2560.o
 .debug_str     0x000003e6      0x1f0 deteccao_intruso.o
                                0x23d (size before relaxing)
 .debug_str     0x000005d6      0x1c6 serial.o
                                0x3b4 (size before relaxing)
 .debug_str     0x0000079c      0x1b6 subRotinaAdm.o
                                0x49e (size before relaxing)
 .debug_str     0x00000952       0x4f teclado.o
                                0x232 (size before relaxing)
 .debug_str     0x000009a1       0x77 lcdio.o
                                0x26e (size before relaxing)
 .debug_str     0x00000a18      0x108 main.o
                                0x53e (size before relaxing)
 .debug_str     0x00000b20       0x14 timerRelogio.o
                                0x356 (size before relaxing)
 .debug_str     0x00000b34       0x3f timers.o
                                0x244 (size before relaxing)
 .debug_str     0x00000b73       0x26 validacao_senhas.o
                                0x3c7 (size before relaxing)

.debug_loc      0x00000000      0xad1
 *(.debug_loc)
 .debug_loc     0x00000000      0x10e deteccao_intruso.o
 .debug_loc     0x0000010e       0xdd serial.o
 .debug_loc     0x000001eb      0x17e subRotinaAdm.o
 .debug_loc     0x00000369      0x152 teclado.o
 .debug_loc     0x000004bb       0xf3 lcdio.o
 .debug_loc     0x000005ae      0x4a3 main.o
 .debug_loc     0x00000a51       0x80 validacao_senhas.o

.debug_macinfo
 *(.debug_macinfo)

.debug_weaknames
 *(.debug_weaknames)

.debug_funcnames
 *(.debug_funcnames)

.debug_typenames
 *(.debug_typenames)

.debug_varnames
 *(.debug_varnames)

.debug_pubtypes
 *(.debug_pubtypes)

.debug_ranges   0x00000000      0x270
 *(.debug_ranges)
 .debug_ranges  0x00000000       0x38 deteccao_intruso.o
 .debug_ranges  0x00000038       0x48 serial.o
 .debug_ranges  0x00000080       0x78 subRotinaAdm.o
 .debug_ranges  0x000000f8       0x20 teclado.o
 .debug_ranges  0x00000118       0x58 lcdio.o
 .debug_ranges  0x00000170       0x60 main.o
 .debug_ranges  0x000001d0       0x18 timerRelogio.o
 .debug_ranges  0x000001e8       0x60 timers.o
 .debug_ranges  0x00000248       0x28 validacao_senhas.o

.debug_macro
 *(.debug_macro)
OUTPUT(lcd_dale.elf elf32-avr)
LOAD linker stubs
