Archive member included to satisfy reference by file (symbol)

d:/atmel/studio/7.0/toolchain/avr8/avr8-gnu-toolchain/bin/../lib/gcc/avr/5.4.0/avr6\libgcc.a(_exit.o)
                              D:/Atmel/Studio/7.0/Packs/atmel/ATmega_DFP/1.7.374/gcc/dev/atmega2560/avr6/crtatmega2560.o (exit)
d:/atmel/studio/7.0/toolchain/avr8/avr8-gnu-toolchain/bin/../lib/gcc/avr/5.4.0/avr6\libgcc.a(_copy_data.o)
                              deteccao_intruso.o (__do_copy_data)
d:/atmel/studio/7.0/toolchain/avr8/avr8-gnu-toolchain/bin/../lib/gcc/avr/5.4.0/avr6\libgcc.a(_clear_bss.o)
                              deteccao_intruso.o (__do_clear_bss)
d:/atmel/studio/7.0/toolchain/avr8/avr8-gnu-toolchain/bin/../lib/gcc/avr/5.4.0/../../../../avr/lib/avr6\libc.a(strcmp.o)
                              validacao_senhas.o (strcmp)
d:/atmel/studio/7.0/toolchain/avr8/avr8-gnu-toolchain/bin/../lib/gcc/avr/5.4.0/../../../../avr/lib/avr6\libc.a(strcpy.o)
                              subRotinaAdm.o (strcpy)

Allocating common symbols
Common symbol       size              file

possivelTecla       0x1               subRotinaAdm.o
tecla               0x1               subRotinaAdm.o
binColuna           0x1               subRotinaAdm.o

Discarded input sections

 .data          0x00000000        0x0 D:/Atmel/Studio/7.0/Packs/atmel/ATmega_DFP/1.7.374/gcc/dev/atmega2560/avr6/crtatmega2560.o
 .bss           0x00000000        0x0 D:/Atmel/Studio/7.0/Packs/atmel/ATmega_DFP/1.7.374/gcc/dev/atmega2560/avr6/crtatmega2560.o
 .text          0x00000000        0x0 deteccao_intruso.o
 .data          0x00000000        0x0 deteccao_intruso.o
 .bss           0x00000000        0x0 deteccao_intruso.o
 COMMON         0x00000000        0x0 deteccao_intruso.o
 .text          0x00000000        0x0 subRotinaAdm.o
 .data          0x00000000        0x0 subRotinaAdm.o
 .bss           0x00000000        0x0 subRotinaAdm.o
 .text          0x00000000        0x0 teclado.o
 .data          0x00000000        0x0 teclado.o
 .bss           0x00000000        0x0 teclado.o
 .text          0x00000000        0x0 lcdio.o
 .data          0x00000000        0x0 lcdio.o
 .bss           0x00000000        0x0 lcdio.o
 .text          0x00000000        0x0 main.o
 .data          0x00000000        0x0 main.o
 .bss           0x00000000        0x0 main.o
 .text          0x00000000        0x0 timers.o
 .data          0x00000000        0x0 timers.o
 .bss           0x00000000        0x0 timers.o
 .text.onda_800hzint
                0x00000000       0x1e timers.o
 .text.onda_400hzint
                0x00000000       0x1e timers.o
 .text.onda_2hzint
                0x00000000       0x20 timers.o
 .text.delay_1ms
                0x00000000       0x20 timers.o
 .text          0x00000000        0x0 validacao_senhas.o
 .data          0x00000000        0x0 validacao_senhas.o
 .bss           0x00000000        0x0 validacao_senhas.o
 .text          0x00000000        0x0 d:/atmel/studio/7.0/toolchain/avr8/avr8-gnu-toolchain/bin/../lib/gcc/avr/5.4.0/avr6\libgcc.a(_exit.o)
 .data          0x00000000        0x0 d:/atmel/studio/7.0/toolchain/avr8/avr8-gnu-toolchain/bin/../lib/gcc/avr/5.4.0/avr6\libgcc.a(_exit.o)
 .bss           0x00000000        0x0 d:/atmel/studio/7.0/toolchain/avr8/avr8-gnu-toolchain/bin/../lib/gcc/avr/5.4.0/avr6\libgcc.a(_exit.o)
 .text.libgcc.mul
                0x00000000        0x0 d:/atmel/studio/7.0/toolchain/avr8/avr8-gnu-toolchain/bin/../lib/gcc/avr/5.4.0/avr6\libgcc.a(_exit.o)
 .text.libgcc.div
                0x00000000        0x0 d:/atmel/studio/7.0/toolchain/avr8/avr8-gnu-toolchain/bin/../lib/gcc/avr/5.4.0/avr6\libgcc.a(_exit.o)
 .text.libgcc   0x00000000        0x0 d:/atmel/studio/7.0/toolchain/avr8/avr8-gnu-toolchain/bin/../lib/gcc/avr/5.4.0/avr6\libgcc.a(_exit.o)
 .text.libgcc.prologue
                0x00000000        0x0 d:/atmel/studio/7.0/toolchain/avr8/avr8-gnu-toolchain/bin/../lib/gcc/avr/5.4.0/avr6\libgcc.a(_exit.o)
 .text.libgcc.builtins
                0x00000000        0x0 d:/atmel/studio/7.0/toolchain/avr8/avr8-gnu-toolchain/bin/../lib/gcc/avr/5.4.0/avr6\libgcc.a(_exit.o)
 .text.libgcc.fmul
                0x00000000        0x0 d:/atmel/studio/7.0/toolchain/avr8/avr8-gnu-toolchain/bin/../lib/gcc/avr/5.4.0/avr6\libgcc.a(_exit.o)
 .text.libgcc.fixed
                0x00000000        0x0 d:/atmel/studio/7.0/toolchain/avr8/avr8-gnu-toolchain/bin/../lib/gcc/avr/5.4.0/avr6\libgcc.a(_exit.o)
 .text          0x00000000        0x0 d:/atmel/studio/7.0/toolchain/avr8/avr8-gnu-toolchain/bin/../lib/gcc/avr/5.4.0/avr6\libgcc.a(_copy_data.o)
 .data          0x00000000        0x0 d:/atmel/studio/7.0/toolchain/avr8/avr8-gnu-toolchain/bin/../lib/gcc/avr/5.4.0/avr6\libgcc.a(_copy_data.o)
 .bss           0x00000000        0x0 d:/atmel/studio/7.0/toolchain/avr8/avr8-gnu-toolchain/bin/../lib/gcc/avr/5.4.0/avr6\libgcc.a(_copy_data.o)
 .text.libgcc.mul
                0x00000000        0x0 d:/atmel/studio/7.0/toolchain/avr8/avr8-gnu-toolchain/bin/../lib/gcc/avr/5.4.0/avr6\libgcc.a(_copy_data.o)
 .text.libgcc.div
                0x00000000        0x0 d:/atmel/studio/7.0/toolchain/avr8/avr8-gnu-toolchain/bin/../lib/gcc/avr/5.4.0/avr6\libgcc.a(_copy_data.o)
 .text.libgcc   0x00000000        0x0 d:/atmel/studio/7.0/toolchain/avr8/avr8-gnu-toolchain/bin/../lib/gcc/avr/5.4.0/avr6\libgcc.a(_copy_data.o)
 .text.libgcc.prologue
                0x00000000        0x0 d:/atmel/studio/7.0/toolchain/avr8/avr8-gnu-toolchain/bin/../lib/gcc/avr/5.4.0/avr6\libgcc.a(_copy_data.o)
 .text.libgcc.builtins
                0x00000000        0x0 d:/atmel/studio/7.0/toolchain/avr8/avr8-gnu-toolchain/bin/../lib/gcc/avr/5.4.0/avr6\libgcc.a(_copy_data.o)
 .text.libgcc.fmul
                0x00000000        0x0 d:/atmel/studio/7.0/toolchain/avr8/avr8-gnu-toolchain/bin/../lib/gcc/avr/5.4.0/avr6\libgcc.a(_copy_data.o)
 .text.libgcc.fixed
                0x00000000        0x0 d:/atmel/studio/7.0/toolchain/avr8/avr8-gnu-toolchain/bin/../lib/gcc/avr/5.4.0/avr6\libgcc.a(_copy_data.o)
 .text          0x00000000        0x0 d:/atmel/studio/7.0/toolchain/avr8/avr8-gnu-toolchain/bin/../lib/gcc/avr/5.4.0/avr6\libgcc.a(_clear_bss.o)
 .data          0x00000000        0x0 d:/atmel/studio/7.0/toolchain/avr8/avr8-gnu-toolchain/bin/../lib/gcc/avr/5.4.0/avr6\libgcc.a(_clear_bss.o)
 .bss           0x00000000        0x0 d:/atmel/studio/7.0/toolchain/avr8/avr8-gnu-toolchain/bin/../lib/gcc/avr/5.4.0/avr6\libgcc.a(_clear_bss.o)
 .text.libgcc.mul
                0x00000000        0x0 d:/atmel/studio/7.0/toolchain/avr8/avr8-gnu-toolchain/bin/../lib/gcc/avr/5.4.0/avr6\libgcc.a(_clear_bss.o)
 .text.libgcc.div
                0x00000000        0x0 d:/atmel/studio/7.0/toolchain/avr8/avr8-gnu-toolchain/bin/../lib/gcc/avr/5.4.0/avr6\libgcc.a(_clear_bss.o)
 .text.libgcc   0x00000000        0x0 d:/atmel/studio/7.0/toolchain/avr8/avr8-gnu-toolchain/bin/../lib/gcc/avr/5.4.0/avr6\libgcc.a(_clear_bss.o)
 .text.libgcc.prologue
                0x00000000        0x0 d:/atmel/studio/7.0/toolchain/avr8/avr8-gnu-toolchain/bin/../lib/gcc/avr/5.4.0/avr6\libgcc.a(_clear_bss.o)
 .text.libgcc.builtins
                0x00000000        0x0 d:/atmel/studio/7.0/toolchain/avr8/avr8-gnu-toolchain/bin/../lib/gcc/avr/5.4.0/avr6\libgcc.a(_clear_bss.o)
 .text.libgcc.fmul
                0x00000000        0x0 d:/atmel/studio/7.0/toolchain/avr8/avr8-gnu-toolchain/bin/../lib/gcc/avr/5.4.0/avr6\libgcc.a(_clear_bss.o)
 .text.libgcc.fixed
                0x00000000        0x0 d:/atmel/studio/7.0/toolchain/avr8/avr8-gnu-toolchain/bin/../lib/gcc/avr/5.4.0/avr6\libgcc.a(_clear_bss.o)
 .text          0x00000000        0x0 d:/atmel/studio/7.0/toolchain/avr8/avr8-gnu-toolchain/bin/../lib/gcc/avr/5.4.0/../../../../avr/lib/avr6\libc.a(strcmp.o)
 .data          0x00000000        0x0 d:/atmel/studio/7.0/toolchain/avr8/avr8-gnu-toolchain/bin/../lib/gcc/avr/5.4.0/../../../../avr/lib/avr6\libc.a(strcmp.o)
 .bss           0x00000000        0x0 d:/atmel/studio/7.0/toolchain/avr8/avr8-gnu-toolchain/bin/../lib/gcc/avr/5.4.0/../../../../avr/lib/avr6\libc.a(strcmp.o)
 .text          0x00000000        0x0 d:/atmel/studio/7.0/toolchain/avr8/avr8-gnu-toolchain/bin/../lib/gcc/avr/5.4.0/../../../../avr/lib/avr6\libc.a(strcpy.o)
 .data          0x00000000        0x0 d:/atmel/studio/7.0/toolchain/avr8/avr8-gnu-toolchain/bin/../lib/gcc/avr/5.4.0/../../../../avr/lib/avr6\libc.a(strcpy.o)
 .bss           0x00000000        0x0 d:/atmel/studio/7.0/toolchain/avr8/avr8-gnu-toolchain/bin/../lib/gcc/avr/5.4.0/../../../../avr/lib/avr6\libc.a(strcpy.o)

Memory Configuration

Name             Origin             Length             Attributes
text             0x00000000         0x00040000         xr
data             0x00800200         0x00002000         rw !x
eeprom           0x00810000         0x00001000         rw !x
fuse             0x00820000         0x00000003         rw !x
lock             0x00830000         0x00000400         rw !x
signature        0x00840000         0x00000400         rw !x
user_signatures  0x00850000         0x00000400         rw !x
*default*        0x00000000         0xffffffff

Linker script and memory map

Address of section .data set to 0x800200
LOAD D:/Atmel/Studio/7.0/Packs/atmel/ATmega_DFP/1.7.374/gcc/dev/atmega2560/avr6/crtatmega2560.o
LOAD deteccao_intruso.o
LOAD subRotinaAdm.o
LOAD teclado.o
LOAD lcdio.o
LOAD main.o
LOAD timers.o
LOAD validacao_senhas.o
START GROUP
LOAD d:/atmel/studio/7.0/toolchain/avr8/avr8-gnu-toolchain/bin/../lib/gcc/avr/5.4.0/../../../../avr/lib/avr6\libm.a
END GROUP
START GROUP
LOAD d:/atmel/studio/7.0/toolchain/avr8/avr8-gnu-toolchain/bin/../lib/gcc/avr/5.4.0/avr6\libgcc.a
LOAD d:/atmel/studio/7.0/toolchain/avr8/avr8-gnu-toolchain/bin/../lib/gcc/avr/5.4.0/../../../../avr/lib/avr6\libm.a
LOAD d:/atmel/studio/7.0/toolchain/avr8/avr8-gnu-toolchain/bin/../lib/gcc/avr/5.4.0/../../../../avr/lib/avr6\libc.a
LOAD D:/Atmel/Studio/7.0/Packs/atmel/ATmega_DFP/1.7.374/gcc/dev/atmega2560/avr6\libatmega2560.a
END GROUP
                0x00000000                __TEXT_REGION_ORIGIN__ = DEFINED (__TEXT_REGION_ORIGIN__)?__TEXT_REGION_ORIGIN__:0x0
                [0x00800200]                __DATA_REGION_ORIGIN__ = DEFINED (__DATA_REGION_ORIGIN__)?__DATA_REGION_ORIGIN__:0x800200
                [0x00040000]                __TEXT_REGION_LENGTH__ = DEFINED (__TEXT_REGION_LENGTH__)?__TEXT_REGION_LENGTH__:0x100000
                [0x00002000]                __DATA_REGION_LENGTH__ = DEFINED (__DATA_REGION_LENGTH__)?__DATA_REGION_LENGTH__:0xfe00
                [0x00001000]                __EEPROM_REGION_LENGTH__ = DEFINED (__EEPROM_REGION_LENGTH__)?__EEPROM_REGION_LENGTH__:0x10000
                [0x00000003]                __FUSE_REGION_LENGTH__ = DEFINED (__FUSE_REGION_LENGTH__)?__FUSE_REGION_LENGTH__:0x400
                0x00000400                __LOCK_REGION_LENGTH__ = DEFINED (__LOCK_REGION_LENGTH__)?__LOCK_REGION_LENGTH__:0x400
                0x00000400                __SIGNATURE_REGION_LENGTH__ = DEFINED (__SIGNATURE_REGION_LENGTH__)?__SIGNATURE_REGION_LENGTH__:0x400
                0x00000400                __USER_SIGNATURE_REGION_LENGTH__ = DEFINED (__USER_SIGNATURE_REGION_LENGTH__)?__USER_SIGNATURE_REGION_LENGTH__:0x400

.hash
 *(.hash)

.dynsym
 *(.dynsym)

.dynstr
 *(.dynstr)

.gnu.version
 *(.gnu.version)

.gnu.version_d
 *(.gnu.version_d)

.gnu.version_r
 *(.gnu.version_r)

.rel.init
 *(.rel.init)

.rela.init
 *(.rela.init)

.rel.text
 *(.rel.text)
 *(.rel.text.*)
 *(.rel.gnu.linkonce.t*)

.rela.text
 *(.rela.text)
 *(.rela.text.*)
 *(.rela.gnu.linkonce.t*)

.rel.fini
 *(.rel.fini)

.rela.fini
 *(.rela.fini)

.rel.rodata
 *(.rel.rodata)
 *(.rel.rodata.*)
 *(.rel.gnu.linkonce.r*)

.rela.rodata
 *(.rela.rodata)
 *(.rela.rodata.*)
 *(.rela.gnu.linkonce.r*)

.rel.data
 *(.rel.data)
 *(.rel.data.*)
 *(.rel.gnu.linkonce.d*)

.rela.data
 *(.rela.data)
 *(.rela.data.*)
 *(.rela.gnu.linkonce.d*)

.rel.ctors
 *(.rel.ctors)

.rela.ctors
 *(.rela.ctors)

.rel.dtors
 *(.rel.dtors)

.rela.dtors
 *(.rela.dtors)

.rel.got
 *(.rel.got)

.rela.got
 *(.rela.got)

.rel.bss
 *(.rel.bss)

.rela.bss
 *(.rela.bss)

.rel.plt
 *(.rel.plt)

.rela.plt
 *(.rela.plt)

.text           0x00000000      0xa08
 *(.vectors)
 .vectors       0x00000000       0xe4 D:/Atmel/Studio/7.0/Packs/atmel/ATmega_DFP/1.7.374/gcc/dev/atmega2560/avr6/crtatmega2560.o
                0x00000000                __vector_default
                0x00000000                __vectors
 *(.vectors)
 *(.progmem.gcc*)
                0x000000e4                . = ALIGN (0x2)
                0x000000e4                __trampolines_start = .
 *(.trampolines)
 .trampolines   0x000000e4        0x0 linker stubs
 *(.trampolines*)
                0x000000e4                __trampolines_end = .
 *libprintf_flt.a:*(.progmem.data)
 *libc.a:*(.progmem.data)
 *(.progmem*)
                0x000000e4                . = ALIGN (0x2)
 *(.jumptables)
 *(.jumptables*)
 *(.lowtext)
 *(.lowtext*)
                0x000000e4                __ctors_start = .
 *(.ctors)
                0x000000e4                __ctors_end = .
                0x000000e4                __dtors_start = .
 *(.dtors)
                0x000000e4                __dtors_end = .
 SORT(*)(.ctors)
 SORT(*)(.dtors)
 *(.init0)
 .init0         0x000000e4        0x0 D:/Atmel/Studio/7.0/Packs/atmel/ATmega_DFP/1.7.374/gcc/dev/atmega2560/avr6/crtatmega2560.o
                0x000000e4                __init
 *(.init0)
 *(.init1)
 *(.init1)
 *(.init2)
 .init2         0x000000e4       0x10 D:/Atmel/Studio/7.0/Packs/atmel/ATmega_DFP/1.7.374/gcc/dev/atmega2560/avr6/crtatmega2560.o
 *(.init2)
 *(.init3)
 *(.init3)
 *(.init4)
 .init4         0x000000f4       0x1a d:/atmel/studio/7.0/toolchain/avr8/avr8-gnu-toolchain/bin/../lib/gcc/avr/5.4.0/avr6\libgcc.a(_copy_data.o)
                0x000000f4                __do_copy_data
 .init4         0x0000010e       0x10 d:/atmel/studio/7.0/toolchain/avr8/avr8-gnu-toolchain/bin/../lib/gcc/avr/5.4.0/avr6\libgcc.a(_clear_bss.o)
                0x0000010e                __do_clear_bss
 *(.init4)
 *(.init5)
 *(.init5)
 *(.init6)
 *(.init6)
 *(.init7)
 *(.init7)
 *(.init8)
 *(.init8)
 *(.init9)
 .init9         0x0000011e        0x4 D:/Atmel/Studio/7.0/Packs/atmel/ATmega_DFP/1.7.374/gcc/dev/atmega2560/avr6/crtatmega2560.o
 *(.init9)
 *(.text)
 .text          0x00000122        0x2 D:/Atmel/Studio/7.0/Packs/atmel/ATmega_DFP/1.7.374/gcc/dev/atmega2560/avr6/crtatmega2560.o
                0x00000122                __vector_38
                0x00000122                __vector_22
                0x00000122                __vector_28
                0x00000122                __vector_1
                0x00000122                __vector_32
                0x00000122                __vector_34
                0x00000122                __vector_24
                0x00000122                __vector_12
                0x00000122                __vector_55
                0x00000122                __vector_46
                0x00000122                __bad_interrupt
                0x00000122                __vector_6
                0x00000122                __vector_31
                0x00000122                __vector_39
                0x00000122                __vector_3
                0x00000122                __vector_23
                0x00000122                __vector_30
                0x00000122                __vector_25
                0x00000122                __vector_54
                0x00000122                __vector_13
                0x00000122                __vector_17
                0x00000122                __vector_19
                0x00000122                __vector_56
                0x00000122                __vector_7
                0x00000122                __vector_49
                0x00000122                __vector_41
                0x00000122                __vector_43
                0x00000122                __vector_27
                0x00000122                __vector_5
                0x00000122                __vector_33
                0x00000122                __vector_47
                0x00000122                __vector_52
                0x00000122                __vector_37
                0x00000122                __vector_4
                0x00000122                __vector_44
                0x00000122                __vector_51
                0x00000122                __vector_9
                0x00000122                __vector_2
                0x00000122                __vector_21
                0x00000122                __vector_15
                0x00000122                __vector_36
                0x00000122                __vector_29
                0x00000122                __vector_40
                0x00000122                __vector_8
                0x00000122                __vector_26
                0x00000122                __vector_48
                0x00000122                __vector_14
                0x00000122                __vector_53
                0x00000122                __vector_10
                0x00000122                __vector_50
                0x00000122                __vector_16
                0x00000122                __vector_18
                0x00000122                __vector_42
                0x00000124                . = ALIGN (0x2)
 *(.text.*)
 .text.delay_piscaled
                0x00000124       0x5a deteccao_intruso.o
                0x00000124                delay_piscaled
 .text.ativa_buzzer
                0x0000017e       0x78 deteccao_intruso.o
                0x0000017e                ativa_buzzer
 .text.tela1    0x000001f6       0x12 subRotinaAdm.o
                0x000001f6                tela1
 .text.tela2    0x00000208       0x12 subRotinaAdm.o
                0x00000208                tela2
 .text.tela3    0x0000021a       0x12 subRotinaAdm.o
                0x0000021a                tela3
 .text.tela4    0x0000022c       0x2e subRotinaAdm.o
                0x0000022c                tela4
 .text.telaTrocaSenhas
                0x0000025a       0x12 subRotinaAdm.o
                0x0000025a                telaTrocaSenhas
 .text.telaDeStatusUsuario
                0x0000026c       0x4a subRotinaAdm.o
                0x0000026c                telaDeStatusUsuario
 .text.subRotinaAdm
                0x000002b6      0x14e subRotinaAdm.o
                0x000002b6                subRotinaAdm
 .text.ligaLinhas
                0x00000404       0x9c teclado.o
                0x00000404                ligaLinhas
 .text.procuraLinhas
                0x000004a0       0x44 teclado.o
                0x000004a0                procuraLinhas
 .text.procuraTecla
                0x000004e4       0x1a teclado.o
                0x000004e4                procuraTecla
 .text.config_delay_timer0_CTC
                0x000004fe        0xa lcdio.o
                0x000004fe                config_delay_timer0_CTC
 .text.delay_CTC
                0x00000508       0x12 lcdio.o
                0x00000508                delay_CTC
 .text.config_porta_avr
                0x0000051a        0xa lcdio.o
                0x0000051a                config_porta_avr
 .text.trigger_EN
                0x00000524       0x1e lcdio.o
                0x00000524                trigger_EN
 .text.send_data
                0x00000542       0x32 lcdio.o
                0x00000542                send_data
 .text.send_command
                0x00000574       0x32 lcdio.o
                0x00000574                send_command
 .text.send_string
                0x000005a6       0x18 lcdio.o
                0x000005a6                send_string
 .text.limpa_reseta_cursor
                0x000005be        0xe lcdio.o
                0x000005be                limpa_reseta_cursor
 .text.config_lcd_padrao
                0x000005cc       0x26 lcdio.o
                0x000005cc                config_lcd_padrao
 .text.proxima_linha
                0x000005f2        0xc lcdio.o
                0x000005f2                proxima_linha
 .text.main     0x000005fe       0x46 main.o
                0x000005fe                main
 .text.__vector_11
                0x00000644       0xc2 main.o
                0x00000644                __vector_11
 .text.__vector_20
                0x00000706       0x82 main.o
                0x00000706                __vector_20
 .text.__vector_35
                0x00000788       0x38 main.o
                0x00000788                __vector_35
 .text.__vector_45
                0x000007c0       0x36 main.o
                0x000007c0                __vector_45
 .text.config_timer1
                0x000007f6       0x1c timers.o
                0x000007f6                config_timer1
 .text.onda_800hz
                0x00000812       0x1e timers.o
                0x00000812                onda_800hz
 .text.onda_400hz
                0x00000830       0x1e timers.o
                0x00000830                onda_400hz
 .text.onda_2hz
                0x0000084e       0x20 timers.o
                0x0000084e                onda_2hz
 .text.delay_1s
                0x0000086e       0x20 timers.o
                0x0000086e                delay_1s
 .text.lendo_senha
                0x0000088e       0x26 validacao_senhas.o
                0x0000088e                lendo_senha
 .text.subRotinaTrocaSenha
                0x000008b4       0x4c validacao_senhas.o
                0x000008b4                subRotinaTrocaSenha
 .text.validar_senha
                0x00000900       0x6a validacao_senhas.o
                0x00000900                validar_senha
 .text.resultado_validacao
                0x0000096a       0x7a validacao_senhas.o
                0x0000096a                resultado_validacao
 .text.avr-libc
                0x000009e4       0x12 d:/atmel/studio/7.0/toolchain/avr8/avr8-gnu-toolchain/bin/../lib/gcc/avr/5.4.0/../../../../avr/lib/avr6\libc.a(strcmp.o)
                0x000009e4                strcmp
 .text.avr-libc
                0x000009f6        0xe d:/atmel/studio/7.0/toolchain/avr8/avr8-gnu-toolchain/bin/../lib/gcc/avr/5.4.0/../../../../avr/lib/avr6\libc.a(strcpy.o)
                0x000009f6                strcpy
                0x00000a04                . = ALIGN (0x2)
 *(.fini9)
 .fini9         0x00000a04        0x0 d:/atmel/studio/7.0/toolchain/avr8/avr8-gnu-toolchain/bin/../lib/gcc/avr/5.4.0/avr6\libgcc.a(_exit.o)
                0x00000a04                _exit
                0x00000a04                exit
 *(.fini9)
 *(.fini8)
 *(.fini8)
 *(.fini7)
 *(.fini7)
 *(.fini6)
 *(.fini6)
 *(.fini5)
 *(.fini5)
 *(.fini4)
 *(.fini4)
 *(.fini3)
 *(.fini3)
 *(.fini2)
 *(.fini2)
 *(.fini1)
 *(.fini1)
 *(.fini0)
 .fini0         0x00000a04        0x4 d:/atmel/studio/7.0/toolchain/avr8/avr8-gnu-toolchain/bin/../lib/gcc/avr/5.4.0/avr6\libgcc.a(_exit.o)
 *(.fini0)
                0x00000a08                _etext = .

.data           0x00800200      0x144 load address 0x00000a08
                0x00800200                PROVIDE (__data_start, .)
 *(.data)
 *(.data*)
 .data.tempo_TA
                0x00800200        0x4 deteccao_intruso.o
                0x00800200                tempo_TA
 .data.novaSenha
                0x00800204        0x6 subRotinaAdm.o
                0x00800204                novaSenha
 .data.sair     0x0080020a        0x1 subRotinaAdm.o
                0x0080020a                sair
 .data.modoNoturnoStatus
                0x0080020b        0x1 subRotinaAdm.o
                0x0080020b                modoNoturnoStatus
 .data.usuario2Status
                0x0080020c        0x1 subRotinaAdm.o
                0x0080020c                usuario2Status
 .data.usuario1Status
                0x0080020d        0x1 subRotinaAdm.o
                0x0080020d                usuario1Status
 .data.teclado  0x0080020e       0x10 teclado.o
                0x0080020e                teclado
 .data.senhas   0x0080021e       0x1e validacao_senhas.o
                0x0080021e                senhas
 *(.gnu.linkonce.d*)
 *(.rodata)
 *(.rodata*)
 .rodata.str1.1
                0x0080023c       0x9e subRotinaAdm.o
 .rodata.str1.1
                0x008002da       0x15 main.o
 .rodata.str1.1
                0x008002ef       0x55 validacao_senhas.o
 *(.gnu.linkonce.r*)
                0x00800344                . = ALIGN (0x2)
                0x00800344                _edata = .
                0x00800344                PROVIDE (__data_end, .)

.bss            0x00800344       0x11
                0x00800344                PROVIDE (__bss_start, .)
 *(.bss)
 *(.bss*)
 .bss.chamada   0x00800344        0x1 deteccao_intruso.o
                0x00800344                chamada
 .bss.intruso_detectado
                0x00800345        0x1 deteccao_intruso.o
                0x00800345                intruso_detectado
 .bss.alarme_ativo
                0x00800346        0x1 deteccao_intruso.o
                0x00800346                alarme_ativo
 .bss.instrucaoDigitada
                0x00800347        0x1 subRotinaAdm.o
                0x00800347                instrucaoDigitada
 .bss.nr_ciclos_timer1
                0x00800348        0x2 timers.o
                0x00800348                nr_ciclos_timer1
 .bss.senha     0x0080034a        0x6 validacao_senhas.o
                0x0080034a                senha
 .bss.nr_digitados
                0x00800350        0x2 validacao_senhas.o
                0x00800350                nr_digitados
 *(COMMON)
 COMMON         0x00800352        0x3 subRotinaAdm.o
                0x00800352                possivelTecla
                0x00800353                tecla
                0x00800354                binColuna
                0x00800355                PROVIDE (__bss_end, .)
                0x00000a08                __data_load_start = LOADADDR (.data)
                0x00000b4c                __data_load_end = (__data_load_start + SIZEOF (.data))

.noinit         0x00800355        0x0
                [!provide]                PROVIDE (__noinit_start, .)
 *(.noinit*)
                [!provide]                PROVIDE (__noinit_end, .)
                0x00800355                _end = .
                [!provide]                PROVIDE (__heap_start, .)

.eeprom         0x00810000        0x0
 *(.eeprom*)
                0x00810000                __eeprom_end = .

.fuse
 *(.fuse)
 *(.lfuse)
 *(.hfuse)
 *(.efuse)

.lock
 *(.lock*)

.signature
 *(.signature*)

.user_signatures
 *(.user_signatures*)

.stab
 *(.stab)

.stabstr
 *(.stabstr)

.stab.excl
 *(.stab.excl)

.stab.exclstr
 *(.stab.exclstr)

.stab.index
 *(.stab.index)

.stab.indexstr
 *(.stab.indexstr)

.comment        0x00000000       0x30
 *(.comment)
 .comment       0x00000000       0x30 deteccao_intruso.o
                                 0x31 (size before relaxing)
 .comment       0x00000030       0x31 subRotinaAdm.o
 .comment       0x00000030       0x31 teclado.o
 .comment       0x00000030       0x31 lcdio.o
 .comment       0x00000030       0x31 main.o
 .comment       0x00000030       0x31 timers.o
 .comment       0x00000030       0x31 validacao_senhas.o

.note.gnu.avr.deviceinfo
                0x00000000       0x40
 .note.gnu.avr.deviceinfo
                0x00000000       0x40 D:/Atmel/Studio/7.0/Packs/atmel/ATmega_DFP/1.7.374/gcc/dev/atmega2560/avr6/crtatmega2560.o

.note.gnu.build-id
 *(.note.gnu.build-id)

.debug
 *(.debug)

.line
 *(.line)

.debug_srcinfo
 *(.debug_srcinfo)

.debug_sfnames
 *(.debug_sfnames)

.debug_aranges  0x00000000      0x1e8
 *(.debug_aranges)
 .debug_aranges
                0x00000000       0x28 deteccao_intruso.o
 .debug_aranges
                0x00000028       0x50 subRotinaAdm.o
 .debug_aranges
                0x00000078       0x30 teclado.o
 .debug_aranges
                0x000000a8       0x68 lcdio.o
 .debug_aranges
                0x00000110       0x40 main.o
 .debug_aranges
                0x00000150       0x60 timers.o
 .debug_aranges
                0x000001b0       0x38 validacao_senhas.o

.debug_pubnames
 *(.debug_pubnames)

.debug_info     0x00000000     0x2484
 *(.debug_info .gnu.linkonce.wi.*)
 .debug_info    0x00000000      0xbbc D:/Atmel/Studio/7.0/Packs/atmel/ATmega_DFP/1.7.374/gcc/dev/atmega2560/avr6/crtatmega2560.o
 .debug_info    0x00000bbc      0x189 deteccao_intruso.o
 .debug_info    0x00000d45      0x73b subRotinaAdm.o
 .debug_info    0x00001480      0x204 teclado.o
 .debug_info    0x00001684      0x39b lcdio.o
 .debug_info    0x00001a1f      0x3ff main.o
 .debug_info    0x00001e1e      0x147 timers.o
 .debug_info    0x00001f65      0x51f validacao_senhas.o

.debug_abbrev   0x00000000     0x11c0
 *(.debug_abbrev)
 .debug_abbrev  0x00000000      0xb1a D:/Atmel/Studio/7.0/Packs/atmel/ATmega_DFP/1.7.374/gcc/dev/atmega2560/avr6/crtatmega2560.o
 .debug_abbrev  0x00000b1a       0xa0 deteccao_intruso.o
 .debug_abbrev  0x00000bba      0x126 subRotinaAdm.o
 .debug_abbrev  0x00000ce0       0xdf teclado.o
 .debug_abbrev  0x00000dbf      0x114 lcdio.o
 .debug_abbrev  0x00000ed3      0x11b main.o
 .debug_abbrev  0x00000fee       0x60 timers.o
 .debug_abbrev  0x0000104e      0x172 validacao_senhas.o

.debug_line     0x00000000     0x124d
 *(.debug_line .debug_line.* .debug_line_end)
 .debug_line    0x00000000      0x1fa D:/Atmel/Studio/7.0/Packs/atmel/ATmega_DFP/1.7.374/gcc/dev/atmega2560/avr6/crtatmega2560.o
 .debug_line    0x000001fa      0x15d deteccao_intruso.o
 .debug_line    0x00000357      0x3b5 subRotinaAdm.o
 .debug_line    0x0000070c      0x169 teclado.o
 .debug_line    0x00000875      0x2cc lcdio.o
 .debug_line    0x00000b41      0x276 main.o
 .debug_line    0x00000db7      0x24b timers.o
 .debug_line    0x00001002      0x24b validacao_senhas.o

.debug_frame    0x00000000      0x42c
 *(.debug_frame)
 .debug_frame   0x00000000       0x5c deteccao_intruso.o
 .debug_frame   0x0000005c       0x8c subRotinaAdm.o
 .debug_frame   0x000000e8       0x44 teclado.o
 .debug_frame   0x0000012c       0xd0 lcdio.o
 .debug_frame   0x000001fc      0x124 main.o
 .debug_frame   0x00000320       0xa4 timers.o
 .debug_frame   0x000003c4       0x68 validacao_senhas.o

.debug_str      0x00000000      0x8c4
 *(.debug_str)
 .debug_str     0x00000000      0x3e6 D:/Atmel/Studio/7.0/Packs/atmel/ATmega_DFP/1.7.374/gcc/dev/atmega2560/avr6/crtatmega2560.o
 .debug_str     0x000003e6      0x1c3 deteccao_intruso.o
                                0x1fc (size before relaxing)
 .debug_str     0x000005a9      0x172 subRotinaAdm.o
                                0x2f8 (size before relaxing)
 .debug_str     0x0000071b       0x43 teclado.o
                                0x1f8 (size before relaxing)
 .debug_str     0x0000075e       0x81 lcdio.o
                                0x240 (size before relaxing)
 .debug_str     0x000007df       0x78 main.o
                                0x359 (size before relaxing)
 .debug_str     0x00000857       0x40 timers.o
                                0x1f3 (size before relaxing)
 .debug_str     0x00000897       0x2d validacao_senhas.o
                                0x324 (size before relaxing)

.debug_loc      0x00000000      0x645
 *(.debug_loc)
 .debug_loc     0x00000000      0x10e deteccao_intruso.o
 .debug_loc     0x0000010e       0x3a subRotinaAdm.o
 .debug_loc     0x00000148      0x123 teclado.o
 .debug_loc     0x0000026b       0xf3 lcdio.o
 .debug_loc     0x0000035e      0x235 main.o
 .debug_loc     0x00000593       0xb2 validacao_senhas.o

.debug_macinfo
 *(.debug_macinfo)

.debug_weaknames
 *(.debug_weaknames)

.debug_funcnames
 *(.debug_funcnames)

.debug_typenames
 *(.debug_typenames)

.debug_varnames
 *(.debug_varnames)

.debug_pubtypes
 *(.debug_pubtypes)

.debug_ranges   0x00000000      0x190
 *(.debug_ranges)
 .debug_ranges  0x00000000       0x30 deteccao_intruso.o
 .debug_ranges  0x00000030       0x40 subRotinaAdm.o
 .debug_ranges  0x00000070       0x20 teclado.o
 .debug_ranges  0x00000090       0x58 lcdio.o
 .debug_ranges  0x000000e8       0x30 main.o
 .debug_ranges  0x00000118       0x50 timers.o
 .debug_ranges  0x00000168       0x28 validacao_senhas.o

.debug_macro
 *(.debug_macro)
OUTPUT(lcd_dale.elf elf32-avr)
LOAD linker stubs
