Archive member included to satisfy reference by file (symbol)

d:/atmel/studio/7.0/toolchain/avr8/avr8-gnu-toolchain/bin/../lib/gcc/avr/5.4.0/avr6\libgcc.a(_exit.o)
                              D:/Atmel/Studio/7.0/Packs/atmel/ATmega_DFP/1.7.374/gcc/dev/atmega2560/avr6/crtatmega2560.o (exit)
d:/atmel/studio/7.0/toolchain/avr8/avr8-gnu-toolchain/bin/../lib/gcc/avr/5.4.0/avr6\libgcc.a(_copy_data.o)
                              deteccao_intruso.o (__do_copy_data)
d:/atmel/studio/7.0/toolchain/avr8/avr8-gnu-toolchain/bin/../lib/gcc/avr/5.4.0/avr6\libgcc.a(_clear_bss.o)
                              deteccao_intruso.o (__do_clear_bss)
d:/atmel/studio/7.0/toolchain/avr8/avr8-gnu-toolchain/bin/../lib/gcc/avr/5.4.0/../../../../avr/lib/avr6\libc.a(strcmp.o)
                              subRotinaAdm.o (strcmp)
d:/atmel/studio/7.0/toolchain/avr8/avr8-gnu-toolchain/bin/../lib/gcc/avr/5.4.0/../../../../avr/lib/avr6\libc.a(strcpy.o)
                              subRotinaAdm.o (strcpy)

Allocating common symbols
Common symbol       size              file

possivelTecla       0x1               serial.o
validacao           0x2               serial.o
sensorAtivo         0x1               main.o
tecla               0x1               serial.o
binColuna           0x1               serial.o
admLogin            0x1               main.o

Discarded input sections

 .data          0x00000000        0x0 D:/Atmel/Studio/7.0/Packs/atmel/ATmega_DFP/1.7.374/gcc/dev/atmega2560/avr6/crtatmega2560.o
 .bss           0x00000000        0x0 D:/Atmel/Studio/7.0/Packs/atmel/ATmega_DFP/1.7.374/gcc/dev/atmega2560/avr6/crtatmega2560.o
 .text          0x00000000        0x0 deteccao_intruso.o
 .data          0x00000000        0x0 deteccao_intruso.o
 .bss           0x00000000        0x0 deteccao_intruso.o
 .text.desativa_buzzer
                0x00000000        0xe deteccao_intruso.o
 COMMON         0x00000000        0x0 deteccao_intruso.o
 .text          0x00000000        0x0 serial.o
 .data          0x00000000        0x0 serial.o
 .bss           0x00000000        0x0 serial.o
 .text.serialDesativarInterrupt
                0x00000000        0xc serial.o
 .text          0x00000000        0x0 subRotinaAdm.o
 .data          0x00000000        0x0 subRotinaAdm.o
 .bss           0x00000000        0x0 subRotinaAdm.o
 COMMON         0x00000000        0x0 subRotinaAdm.o
 .text          0x00000000        0x0 teclado.o
 .data          0x00000000        0x0 teclado.o
 .bss           0x00000000        0x0 teclado.o
 .text          0x00000000        0x0 lcdio.o
 .data          0x00000000        0x0 lcdio.o
 .bss           0x00000000        0x0 lcdio.o
 .text          0x00000000        0x0 main.o
 .data          0x00000000        0x0 main.o
 .bss           0x00000000        0x0 main.o
 .text.modoNoturno
                0x00000000       0x1c main.o
 .text          0x00000000        0x0 timerRelogio.o
 .data          0x00000000        0x0 timerRelogio.o
 .bss           0x00000000        0x0 timerRelogio.o
 .text          0x00000000        0x0 timers.o
 .data          0x00000000        0x0 timers.o
 .bss           0x00000000        0x0 timers.o
 .text.onda_800hzint
                0x00000000       0x1e timers.o
 .text.onda_400hzint
                0x00000000       0x1e timers.o
 .text.led2hz_int
                0x00000000       0x24 timers.o
 .text.delay_1ms
                0x00000000       0x20 timers.o
 .bss.onda      0x00000000        0x1 timers.o
 .bss.ciclos_buzzer
                0x00000000        0x4 timers.o
 .bss.buzzer    0x00000000        0x1 timers.o
 .bss.led2hz    0x00000000        0x1 timers.o
 .text          0x00000000        0x0 validacao_senhas.o
 .data          0x00000000        0x0 validacao_senhas.o
 .bss           0x00000000        0x0 validacao_senhas.o
 .text          0x00000000        0x0 d:/atmel/studio/7.0/toolchain/avr8/avr8-gnu-toolchain/bin/../lib/gcc/avr/5.4.0/avr6\libgcc.a(_exit.o)
 .data          0x00000000        0x0 d:/atmel/studio/7.0/toolchain/avr8/avr8-gnu-toolchain/bin/../lib/gcc/avr/5.4.0/avr6\libgcc.a(_exit.o)
 .bss           0x00000000        0x0 d:/atmel/studio/7.0/toolchain/avr8/avr8-gnu-toolchain/bin/../lib/gcc/avr/5.4.0/avr6\libgcc.a(_exit.o)
 .text.libgcc.mul
                0x00000000        0x0 d:/atmel/studio/7.0/toolchain/avr8/avr8-gnu-toolchain/bin/../lib/gcc/avr/5.4.0/avr6\libgcc.a(_exit.o)
 .text.libgcc.div
                0x00000000        0x0 d:/atmel/studio/7.0/toolchain/avr8/avr8-gnu-toolchain/bin/../lib/gcc/avr/5.4.0/avr6\libgcc.a(_exit.o)
 .text.libgcc   0x00000000        0x0 d:/atmel/studio/7.0/toolchain/avr8/avr8-gnu-toolchain/bin/../lib/gcc/avr/5.4.0/avr6\libgcc.a(_exit.o)
 .text.libgcc.prologue
                0x00000000        0x0 d:/atmel/studio/7.0/toolchain/avr8/avr8-gnu-toolchain/bin/../lib/gcc/avr/5.4.0/avr6\libgcc.a(_exit.o)
 .text.libgcc.builtins
                0x00000000        0x0 d:/atmel/studio/7.0/toolchain/avr8/avr8-gnu-toolchain/bin/../lib/gcc/avr/5.4.0/avr6\libgcc.a(_exit.o)
 .text.libgcc.fmul
                0x00000000        0x0 d:/atmel/studio/7.0/toolchain/avr8/avr8-gnu-toolchain/bin/../lib/gcc/avr/5.4.0/avr6\libgcc.a(_exit.o)
 .text.libgcc.fixed
                0x00000000        0x0 d:/atmel/studio/7.0/toolchain/avr8/avr8-gnu-toolchain/bin/../lib/gcc/avr/5.4.0/avr6\libgcc.a(_exit.o)
 .text          0x00000000        0x0 d:/atmel/studio/7.0/toolchain/avr8/avr8-gnu-toolchain/bin/../lib/gcc/avr/5.4.0/avr6\libgcc.a(_copy_data.o)
 .data          0x00000000        0x0 d:/atmel/studio/7.0/toolchain/avr8/avr8-gnu-toolchain/bin/../lib/gcc/avr/5.4.0/avr6\libgcc.a(_copy_data.o)
 .bss           0x00000000        0x0 d:/atmel/studio/7.0/toolchain/avr8/avr8-gnu-toolchain/bin/../lib/gcc/avr/5.4.0/avr6\libgcc.a(_copy_data.o)
 .text.libgcc.mul
                0x00000000        0x0 d:/atmel/studio/7.0/toolchain/avr8/avr8-gnu-toolchain/bin/../lib/gcc/avr/5.4.0/avr6\libgcc.a(_copy_data.o)
 .text.libgcc.div
                0x00000000        0x0 d:/atmel/studio/7.0/toolchain/avr8/avr8-gnu-toolchain/bin/../lib/gcc/avr/5.4.0/avr6\libgcc.a(_copy_data.o)
 .text.libgcc   0x00000000        0x0 d:/atmel/studio/7.0/toolchain/avr8/avr8-gnu-toolchain/bin/../lib/gcc/avr/5.4.0/avr6\libgcc.a(_copy_data.o)
 .text.libgcc.prologue
                0x00000000        0x0 d:/atmel/studio/7.0/toolchain/avr8/avr8-gnu-toolchain/bin/../lib/gcc/avr/5.4.0/avr6\libgcc.a(_copy_data.o)
 .text.libgcc.builtins
                0x00000000        0x0 d:/atmel/studio/7.0/toolchain/avr8/avr8-gnu-toolchain/bin/../lib/gcc/avr/5.4.0/avr6\libgcc.a(_copy_data.o)
 .text.libgcc.fmul
                0x00000000        0x0 d:/atmel/studio/7.0/toolchain/avr8/avr8-gnu-toolchain/bin/../lib/gcc/avr/5.4.0/avr6\libgcc.a(_copy_data.o)
 .text.libgcc.fixed
                0x00000000        0x0 d:/atmel/studio/7.0/toolchain/avr8/avr8-gnu-toolchain/bin/../lib/gcc/avr/5.4.0/avr6\libgcc.a(_copy_data.o)
 .text          0x00000000        0x0 d:/atmel/studio/7.0/toolchain/avr8/avr8-gnu-toolchain/bin/../lib/gcc/avr/5.4.0/avr6\libgcc.a(_clear_bss.o)
 .data          0x00000000        0x0 d:/atmel/studio/7.0/toolchain/avr8/avr8-gnu-toolchain/bin/../lib/gcc/avr/5.4.0/avr6\libgcc.a(_clear_bss.o)
 .bss           0x00000000        0x0 d:/atmel/studio/7.0/toolchain/avr8/avr8-gnu-toolchain/bin/../lib/gcc/avr/5.4.0/avr6\libgcc.a(_clear_bss.o)
 .text.libgcc.mul
                0x00000000        0x0 d:/atmel/studio/7.0/toolchain/avr8/avr8-gnu-toolchain/bin/../lib/gcc/avr/5.4.0/avr6\libgcc.a(_clear_bss.o)
 .text.libgcc.div
                0x00000000        0x0 d:/atmel/studio/7.0/toolchain/avr8/avr8-gnu-toolchain/bin/../lib/gcc/avr/5.4.0/avr6\libgcc.a(_clear_bss.o)
 .text.libgcc   0x00000000        0x0 d:/atmel/studio/7.0/toolchain/avr8/avr8-gnu-toolchain/bin/../lib/gcc/avr/5.4.0/avr6\libgcc.a(_clear_bss.o)
 .text.libgcc.prologue
                0x00000000        0x0 d:/atmel/studio/7.0/toolchain/avr8/avr8-gnu-toolchain/bin/../lib/gcc/avr/5.4.0/avr6\libgcc.a(_clear_bss.o)
 .text.libgcc.builtins
                0x00000000        0x0 d:/atmel/studio/7.0/toolchain/avr8/avr8-gnu-toolchain/bin/../lib/gcc/avr/5.4.0/avr6\libgcc.a(_clear_bss.o)
 .text.libgcc.fmul
                0x00000000        0x0 d:/atmel/studio/7.0/toolchain/avr8/avr8-gnu-toolchain/bin/../lib/gcc/avr/5.4.0/avr6\libgcc.a(_clear_bss.o)
 .text.libgcc.fixed
                0x00000000        0x0 d:/atmel/studio/7.0/toolchain/avr8/avr8-gnu-toolchain/bin/../lib/gcc/avr/5.4.0/avr6\libgcc.a(_clear_bss.o)
 .text          0x00000000        0x0 d:/atmel/studio/7.0/toolchain/avr8/avr8-gnu-toolchain/bin/../lib/gcc/avr/5.4.0/../../../../avr/lib/avr6\libc.a(strcmp.o)
 .data          0x00000000        0x0 d:/atmel/studio/7.0/toolchain/avr8/avr8-gnu-toolchain/bin/../lib/gcc/avr/5.4.0/../../../../avr/lib/avr6\libc.a(strcmp.o)
 .bss           0x00000000        0x0 d:/atmel/studio/7.0/toolchain/avr8/avr8-gnu-toolchain/bin/../lib/gcc/avr/5.4.0/../../../../avr/lib/avr6\libc.a(strcmp.o)
 .text          0x00000000        0x0 d:/atmel/studio/7.0/toolchain/avr8/avr8-gnu-toolchain/bin/../lib/gcc/avr/5.4.0/../../../../avr/lib/avr6\libc.a(strcpy.o)
 .data          0x00000000        0x0 d:/atmel/studio/7.0/toolchain/avr8/avr8-gnu-toolchain/bin/../lib/gcc/avr/5.4.0/../../../../avr/lib/avr6\libc.a(strcpy.o)
 .bss           0x00000000        0x0 d:/atmel/studio/7.0/toolchain/avr8/avr8-gnu-toolchain/bin/../lib/gcc/avr/5.4.0/../../../../avr/lib/avr6\libc.a(strcpy.o)

Memory Configuration

Name             Origin             Length             Attributes
text             0x00000000         0x00040000         xr
data             0x00800200         0x00002000         rw !x
eeprom           0x00810000         0x00001000         rw !x
fuse             0x00820000         0x00000003         rw !x
lock             0x00830000         0x00000400         rw !x
signature        0x00840000         0x00000400         rw !x
user_signatures  0x00850000         0x00000400         rw !x
*default*        0x00000000         0xffffffff

Linker script and memory map

Address of section .data set to 0x800200
LOAD D:/Atmel/Studio/7.0/Packs/atmel/ATmega_DFP/1.7.374/gcc/dev/atmega2560/avr6/crtatmega2560.o
LOAD deteccao_intruso.o
LOAD serial.o
LOAD subRotinaAdm.o
LOAD teclado.o
LOAD lcdio.o
LOAD main.o
LOAD timerRelogio.o
LOAD timers.o
LOAD validacao_senhas.o
START GROUP
LOAD d:/atmel/studio/7.0/toolchain/avr8/avr8-gnu-toolchain/bin/../lib/gcc/avr/5.4.0/../../../../avr/lib/avr6\libm.a
END GROUP
START GROUP
LOAD d:/atmel/studio/7.0/toolchain/avr8/avr8-gnu-toolchain/bin/../lib/gcc/avr/5.4.0/avr6\libgcc.a
LOAD d:/atmel/studio/7.0/toolchain/avr8/avr8-gnu-toolchain/bin/../lib/gcc/avr/5.4.0/../../../../avr/lib/avr6\libm.a
LOAD d:/atmel/studio/7.0/toolchain/avr8/avr8-gnu-toolchain/bin/../lib/gcc/avr/5.4.0/../../../../avr/lib/avr6\libc.a
LOAD D:/Atmel/Studio/7.0/Packs/atmel/ATmega_DFP/1.7.374/gcc/dev/atmega2560/avr6\libatmega2560.a
END GROUP
                0x00000000                __TEXT_REGION_ORIGIN__ = DEFINED (__TEXT_REGION_ORIGIN__)?__TEXT_REGION_ORIGIN__:0x0
                [0x00800200]                __DATA_REGION_ORIGIN__ = DEFINED (__DATA_REGION_ORIGIN__)?__DATA_REGION_ORIGIN__:0x800200
                [0x00040000]                __TEXT_REGION_LENGTH__ = DEFINED (__TEXT_REGION_LENGTH__)?__TEXT_REGION_LENGTH__:0x100000
                [0x00002000]                __DATA_REGION_LENGTH__ = DEFINED (__DATA_REGION_LENGTH__)?__DATA_REGION_LENGTH__:0xfe00
                [0x00001000]                __EEPROM_REGION_LENGTH__ = DEFINED (__EEPROM_REGION_LENGTH__)?__EEPROM_REGION_LENGTH__:0x10000
                [0x00000003]                __FUSE_REGION_LENGTH__ = DEFINED (__FUSE_REGION_LENGTH__)?__FUSE_REGION_LENGTH__:0x400
                0x00000400                __LOCK_REGION_LENGTH__ = DEFINED (__LOCK_REGION_LENGTH__)?__LOCK_REGION_LENGTH__:0x400
                0x00000400                __SIGNATURE_REGION_LENGTH__ = DEFINED (__SIGNATURE_REGION_LENGTH__)?__SIGNATURE_REGION_LENGTH__:0x400
                0x00000400                __USER_SIGNATURE_REGION_LENGTH__ = DEFINED (__USER_SIGNATURE_REGION_LENGTH__)?__USER_SIGNATURE_REGION_LENGTH__:0x400

.hash
 *(.hash)

.dynsym
 *(.dynsym)

.dynstr
 *(.dynstr)

.gnu.version
 *(.gnu.version)

.gnu.version_d
 *(.gnu.version_d)

.gnu.version_r
 *(.gnu.version_r)

.rel.init
 *(.rel.init)

.rela.init
 *(.rela.init)

.rel.text
 *(.rel.text)
 *(.rel.text.*)
 *(.rel.gnu.linkonce.t*)

.rela.text
 *(.rela.text)
 *(.rela.text.*)
 *(.rela.gnu.linkonce.t*)

.rel.fini
 *(.rel.fini)

.rela.fini
 *(.rela.fini)

.rel.rodata
 *(.rel.rodata)
 *(.rel.rodata.*)
 *(.rel.gnu.linkonce.r*)

.rela.rodata
 *(.rela.rodata)
 *(.rela.rodata.*)
 *(.rela.gnu.linkonce.r*)

.rel.data
 *(.rel.data)
 *(.rel.data.*)
 *(.rel.gnu.linkonce.d*)

.rela.data
 *(.rela.data)
 *(.rela.data.*)
 *(.rela.gnu.linkonce.d*)

.rel.ctors
 *(.rel.ctors)

.rela.ctors
 *(.rela.ctors)

.rel.dtors
 *(.rel.dtors)

.rela.dtors
 *(.rela.dtors)

.rel.got
 *(.rel.got)

.rela.got
 *(.rela.got)

.rel.bss
 *(.rel.bss)

.rela.bss
 *(.rela.bss)

.rel.plt
 *(.rel.plt)

.rela.plt
 *(.rela.plt)

.text           0x00000000      0xfb8
 *(.vectors)
 .vectors       0x00000000       0xe4 D:/Atmel/Studio/7.0/Packs/atmel/ATmega_DFP/1.7.374/gcc/dev/atmega2560/avr6/crtatmega2560.o
                0x00000000                __vector_default
                0x00000000                __vectors
 *(.vectors)
 *(.progmem.gcc*)
                0x000000e4                . = ALIGN (0x2)
                0x000000e4                __trampolines_start = .
 *(.trampolines)
 .trampolines   0x000000e4        0x0 linker stubs
 *(.trampolines*)
                0x000000e4                __trampolines_end = .
 *libprintf_flt.a:*(.progmem.data)
 *libc.a:*(.progmem.data)
 *(.progmem*)
                0x000000e4                . = ALIGN (0x2)
 *(.jumptables)
 *(.jumptables*)
 *(.lowtext)
 *(.lowtext*)
                0x000000e4                __ctors_start = .
 *(.ctors)
                0x000000e4                __ctors_end = .
                0x000000e4                __dtors_start = .
 *(.dtors)
                0x000000e4                __dtors_end = .
 SORT(*)(.ctors)
 SORT(*)(.dtors)
 *(.init0)
 .init0         0x000000e4        0x0 D:/Atmel/Studio/7.0/Packs/atmel/ATmega_DFP/1.7.374/gcc/dev/atmega2560/avr6/crtatmega2560.o
                0x000000e4                __init
 *(.init0)
 *(.init1)
 *(.init1)
 *(.init2)
 .init2         0x000000e4       0x10 D:/Atmel/Studio/7.0/Packs/atmel/ATmega_DFP/1.7.374/gcc/dev/atmega2560/avr6/crtatmega2560.o
 *(.init2)
 *(.init3)
 *(.init3)
 *(.init4)
 .init4         0x000000f4       0x1a d:/atmel/studio/7.0/toolchain/avr8/avr8-gnu-toolchain/bin/../lib/gcc/avr/5.4.0/avr6\libgcc.a(_copy_data.o)
                0x000000f4                __do_copy_data
 .init4         0x0000010e       0x10 d:/atmel/studio/7.0/toolchain/avr8/avr8-gnu-toolchain/bin/../lib/gcc/avr/5.4.0/avr6\libgcc.a(_clear_bss.o)
                0x0000010e                __do_clear_bss
 *(.init4)
 *(.init5)
 *(.init5)
 *(.init6)
 *(.init6)
 *(.init7)
 *(.init7)
 *(.init8)
 *(.init8)
 *(.init9)
 .init9         0x0000011e        0x4 D:/Atmel/Studio/7.0/Packs/atmel/ATmega_DFP/1.7.374/gcc/dev/atmega2560/avr6/crtatmega2560.o
 *(.init9)
 *(.text)
 .text          0x00000122        0x2 D:/Atmel/Studio/7.0/Packs/atmel/ATmega_DFP/1.7.374/gcc/dev/atmega2560/avr6/crtatmega2560.o
                0x00000122                __vector_38
                0x00000122                __vector_22
                0x00000122                __vector_28
                0x00000122                __vector_1
                0x00000122                __vector_32
                0x00000122                __vector_34
                0x00000122                __vector_24
                0x00000122                __vector_12
                0x00000122                __vector_55
                0x00000122                __vector_46
                0x00000122                __bad_interrupt
                0x00000122                __vector_6
                0x00000122                __vector_31
                0x00000122                __vector_39
                0x00000122                __vector_3
                0x00000122                __vector_23
                0x00000122                __vector_30
                0x00000122                __vector_54
                0x00000122                __vector_13
                0x00000122                __vector_17
                0x00000122                __vector_19
                0x00000122                __vector_56
                0x00000122                __vector_7
                0x00000122                __vector_49
                0x00000122                __vector_41
                0x00000122                __vector_43
                0x00000122                __vector_27
                0x00000122                __vector_5
                0x00000122                __vector_33
                0x00000122                __vector_47
                0x00000122                __vector_52
                0x00000122                __vector_37
                0x00000122                __vector_4
                0x00000122                __vector_44
                0x00000122                __vector_51
                0x00000122                __vector_9
                0x00000122                __vector_2
                0x00000122                __vector_21
                0x00000122                __vector_15
                0x00000122                __vector_36
                0x00000122                __vector_29
                0x00000122                __vector_40
                0x00000122                __vector_8
                0x00000122                __vector_26
                0x00000122                __vector_48
                0x00000122                __vector_14
                0x00000122                __vector_53
                0x00000122                __vector_10
                0x00000122                __vector_50
                0x00000122                __vector_16
                0x00000122                __vector_18
                0x00000122                __vector_42
                0x00000124                . = ALIGN (0x2)
 *(.text.*)
 .text.delay_piscaled
                0x00000124       0x66 deteccao_intruso.o
                0x00000124                delay_piscaled
 .text.ativa_buzzer
                0x0000018a       0x9a deteccao_intruso.o
                0x0000018a                ativa_buzzer
 .text.serialAtivarInterrupt
                0x00000224        0xc serial.o
                0x00000224                serialAtivarInterrupt
 .text.serialInicializar
                0x00000230       0x20 serial.o
                0x00000230                serialInicializar
 .text.serialByteDisponivelEnvio
                0x00000250        0x8 serial.o
                0x00000250                serialByteDisponivelEnvio
 .text.serialByteRecebido
                0x00000258        0x8 serial.o
                0x00000258                serialByteRecebido
 .text.serialEnviarByte
                0x00000260       0x12 serial.o
                0x00000260                serialEnviarByte
 .text.serialReceberByte
                0x00000272        0xc serial.o
                0x00000272                serialReceberByte
 .text.serialEnviarString
                0x0000027e       0x24 serial.o
                0x0000027e                serialEnviarString
 .text.escreveNumero
                0x000002a2       0x4a subRotinaAdm.o
                0x000002a2                escreveNumero
 .text.printa_horarioreal
                0x000002ec       0x28 subRotinaAdm.o
                0x000002ec                printa_horarioreal
 .text.tela1    0x00000314       0x12 subRotinaAdm.o
                0x00000314                tela1
 .text.tela2    0x00000326       0x12 subRotinaAdm.o
                0x00000326                tela2
 .text.tela3    0x00000338       0x12 subRotinaAdm.o
                0x00000338                tela3
 .text.tela4    0x0000034a       0x2e subRotinaAdm.o
                0x0000034a                tela4
 .text.telaTrocaSenhas
                0x00000378       0x12 subRotinaAdm.o
                0x00000378                telaTrocaSenhas
 .text.telaDeStatusUsuario
                0x0000038a       0x4a subRotinaAdm.o
                0x0000038a                telaDeStatusUsuario
 .text.telaResetSenhas
                0x000003d4       0x12 subRotinaAdm.o
                0x000003d4                telaResetSenhas
 .text.telaResetarSenhas
                0x000003e6       0x12 subRotinaAdm.o
                0x000003e6                telaResetarSenhas
 .text.telaSenhasDivergentes
                0x000003f8       0x12 subRotinaAdm.o
                0x000003f8                telaSenhasDivergentes
 .text.telaNovaSenha
                0x0000040a        0xc subRotinaAdm.o
                0x0000040a                telaNovaSenha
 .text.telaConfirmaSenha
                0x00000416        0xc subRotinaAdm.o
                0x00000416                telaConfirmaSenha
 .text.subRotinaAdm
                0x00000422      0x1e2 subRotinaAdm.o
                0x00000422                subRotinaAdm
 .text.ligaLinhas
                0x00000604       0x9c teclado.o
                0x00000604                ligaLinhas
 .text.procuraLinhas
                0x000006a0       0x44 teclado.o
                0x000006a0                procuraLinhas
 .text.procuraTecla
                0x000006e4       0x42 teclado.o
                0x000006e4                procuraTecla
 .text.config_delay_timer0_CTC
                0x00000726        0xa lcdio.o
                0x00000726                config_delay_timer0_CTC
 .text.delay_CTC
                0x00000730       0x12 lcdio.o
                0x00000730                delay_CTC
 .text.config_porta_avr
                0x00000742        0xa lcdio.o
                0x00000742                config_porta_avr
 .text.trigger_EN
                0x0000074c       0x1e lcdio.o
                0x0000074c                trigger_EN
 .text.send_data
                0x0000076a       0x32 lcdio.o
                0x0000076a                send_data
 .text.send_command
                0x0000079c       0x32 lcdio.o
                0x0000079c                send_command
 .text.send_string
                0x000007ce       0x18 lcdio.o
                0x000007ce                send_string
 .text.limpa_reseta_cursor
                0x000007e6        0xe lcdio.o
                0x000007e6                limpa_reseta_cursor
 .text.config_lcd_padrao
                0x000007f4       0x26 lcdio.o
                0x000007f4                config_lcd_padrao
 .text.proxima_linha
                0x0000081a        0xc lcdio.o
                0x0000081a                proxima_linha
 .text.telaLcd  0x00000826       0x12 main.o
                0x00000826                telaLcd
 .text.telaLcd2
                0x00000838       0x12 main.o
                0x00000838                telaLcd2
 .text.telaLcd3
                0x0000084a        0xa main.o
                0x0000084a                telaLcd3
 .text.enviaMotivo
                0x00000854       0x78 main.o
                0x00000854                enviaMotivo
 .text.main     0x000008cc       0xf2 main.o
                0x000008cc                main
 .text.__vector_11
                0x000009be      0x12a main.o
                0x000009be                __vector_11
 .text.__vector_20
                0x00000ae8       0x8e main.o
                0x00000ae8                __vector_20
 .text.__vector_35
                0x00000b76       0x7a main.o
                0x00000b76                __vector_35
 .text.__vector_25
                0x00000bf0       0x96 main.o
                0x00000bf0                __vector_25
 .text.__vector_45
                0x00000c86       0x74 main.o
                0x00000c86                __vector_45
 .text.configRelogio
                0x00000cfa       0x1c timerRelogio.o
                0x00000cfa                configRelogio
 .text.conversaoMinHr
                0x00000d16       0x46 timerRelogio.o
                0x00000d16                conversaoMinHr
 .text.config_timer1
                0x00000d5c       0x18 timers.o
                0x00000d5c                config_timer1
 .text.onda_800hz
                0x00000d74       0x1e timers.o
                0x00000d74                onda_800hz
 .text.onda_400hz
                0x00000d92       0x1e timers.o
                0x00000d92                onda_400hz
 .text.delay_250ms
                0x00000db0       0x20 timers.o
                0x00000db0                delay_250ms
 .text.delay_200ms
                0x00000dd0       0x20 timers.o
                0x00000dd0                delay_200ms
 .text.delay_1s
                0x00000df0       0x20 timers.o
                0x00000df0                delay_1s
 .text.config_timer_ok
                0x00000e10       0x1c timers.o
                0x00000e10                config_timer_ok
 .text.lendo_senha
                0x00000e2c       0x26 validacao_senhas.o
                0x00000e2c                lendo_senha
 .text.subRotinaTrocaSenha
                0x00000e52       0x4e validacao_senhas.o
                0x00000e52                subRotinaTrocaSenha
 .text.validar_senha
                0x00000ea0       0x6a validacao_senhas.o
                0x00000ea0                validar_senha
 .text.resultado_validacao
                0x00000f0a       0x8a validacao_senhas.o
                0x00000f0a                resultado_validacao
 .text.avr-libc
                0x00000f94       0x12 d:/atmel/studio/7.0/toolchain/avr8/avr8-gnu-toolchain/bin/../lib/gcc/avr/5.4.0/../../../../avr/lib/avr6\libc.a(strcmp.o)
                0x00000f94                strcmp
 .text.avr-libc
                0x00000fa6        0xe d:/atmel/studio/7.0/toolchain/avr8/avr8-gnu-toolchain/bin/../lib/gcc/avr/5.4.0/../../../../avr/lib/avr6\libc.a(strcpy.o)
                0x00000fa6                strcpy
                0x00000fb4                . = ALIGN (0x2)
 *(.fini9)
 .fini9         0x00000fb4        0x0 d:/atmel/studio/7.0/toolchain/avr8/avr8-gnu-toolchain/bin/../lib/gcc/avr/5.4.0/avr6\libgcc.a(_exit.o)
                0x00000fb4                _exit
                0x00000fb4                exit
 *(.fini9)
 *(.fini8)
 *(.fini8)
 *(.fini7)
 *(.fini7)
 *(.fini6)
 *(.fini6)
 *(.fini5)
 *(.fini5)
 *(.fini4)
 *(.fini4)
 *(.fini3)
 *(.fini3)
 *(.fini2)
 *(.fini2)
 *(.fini1)
 *(.fini1)
 *(.fini0)
 .fini0         0x00000fb4        0x4 d:/atmel/studio/7.0/toolchain/avr8/avr8-gnu-toolchain/bin/../lib/gcc/avr/5.4.0/avr6\libgcc.a(_exit.o)
 *(.fini0)
                0x00000fb8                _etext = .

.data           0x00800200      0x282 load address 0x00000fb8
                0x00800200                PROVIDE (__data_start, .)
 *(.data)
 *(.data*)
 .data.tempo_TA
                0x00800200        0x4 deteccao_intruso.o
                0x00800200                tempo_TA
 .data.confereNovaSenha
                0x00800204        0x6 subRotinaAdm.o
                0x00800204                confereNovaSenha
 .data.novaSenha
                0x0080020a        0x6 subRotinaAdm.o
                0x0080020a                novaSenha
 .data.sair     0x00800210        0x1 subRotinaAdm.o
                0x00800210                sair
 .data.usuario2Status
                0x00800211        0x1 subRotinaAdm.o
                0x00800211                usuario2Status
 .data.usuario1Status
                0x00800212        0x1 subRotinaAdm.o
                0x00800212                usuario1Status
 .data.teclado  0x00800213       0x10 teclado.o
                0x00800213                teclado
 .data.senhas   0x00800223       0x3c validacao_senhas.o
                0x00800223                senhas
 *(.gnu.linkonce.d*)
 *(.rodata)
 *(.rodata*)
 .rodata.str1.1
                0x0080025f      0x113 subRotinaAdm.o
                                0x115 (size before relaxing)
 .rodata.str1.1
                0x00800372       0xa9 main.o
                                 0xb9 (size before relaxing)
 .rodata.str1.1
                0x0080041b       0x66 validacao_senhas.o
                                 0x6d (size before relaxing)
 *(.gnu.linkonce.r*)
                0x00800482                . = ALIGN (0x2)
 *fill*         0x00800481        0x1 
                0x00800482                _edata = .
                0x00800482                PROVIDE (__data_end, .)

.bss            0x00800482       0x20
                0x00800482                PROVIDE (__bss_start, .)
 *(.bss)
 *(.bss*)
 .bss.chamada   0x00800482        0x1 deteccao_intruso.o
                0x00800482                chamada
 .bss.intruso_detectado
                0x00800483        0x1 deteccao_intruso.o
                0x00800483                intruso_detectado
 .bss.alarme_ativo
                0x00800484        0x1 deteccao_intruso.o
                0x00800484                alarme_ativo
 .bss.pediHorario
                0x00800485        0x2 serial.o
                0x00800485                pediHorario
 .bss.senhaConferida
                0x00800487        0x1 subRotinaAdm.o
                0x00800487                senhaConferida
 .bss.modoNoturnoStatus
                0x00800488        0x1 subRotinaAdm.o
                0x00800488                modoNoturnoStatus
 .bss.instrucaoDigitada
                0x00800489        0x1 subRotinaAdm.o
                0x00800489                instrucaoDigitada
 .bss.nr_ciclos_relogio
                0x0080048a        0x2 timerRelogio.o
                0x0080048a                nr_ciclos_relogio
 .bss.min       0x0080048c        0x1 timerRelogio.o
                0x0080048c                min
 .bss.hora      0x0080048d        0x1 timerRelogio.o
                0x0080048d                hora
 .bss.dia       0x0080048e        0x1 timerRelogio.o
                0x0080048e                dia
 .bss.nr_ciclos_ok
                0x0080048f        0x2 timers.o
                0x0080048f                nr_ciclos_ok
 .bss.nr_ciclos_timer1
                0x00800491        0x2 timers.o
                0x00800491                nr_ciclos_timer1
 .bss.senha     0x00800493        0x6 validacao_senhas.o
                0x00800493                senha
 .bss.nr_digitados
                0x00800499        0x2 validacao_senhas.o
                0x00800499                nr_digitados
 *(COMMON)
 COMMON         0x0080049b        0x5 serial.o
                0x0080049b                possivelTecla
                0x0080049c                validacao
                0x0080049e                tecla
                0x0080049f                binColuna
 COMMON         0x008004a0        0x2 main.o
                0x008004a0                sensorAtivo
                0x008004a1                admLogin
                0x008004a2                PROVIDE (__bss_end, .)
                0x00000fb8                __data_load_start = LOADADDR (.data)
                0x0000123a                __data_load_end = (__data_load_start + SIZEOF (.data))

.noinit         0x008004a2        0x0
                [!provide]                PROVIDE (__noinit_start, .)
 *(.noinit*)
                [!provide]                PROVIDE (__noinit_end, .)
                0x008004a2                _end = .
                [!provide]                PROVIDE (__heap_start, .)

.eeprom         0x00810000        0x0
 *(.eeprom*)
                0x00810000                __eeprom_end = .

.fuse
 *(.fuse)
 *(.lfuse)
 *(.hfuse)
 *(.efuse)

.lock
 *(.lock*)

.signature
 *(.signature*)

.user_signatures
 *(.user_signatures*)

.stab
 *(.stab)

.stabstr
 *(.stabstr)

.stab.excl
 *(.stab.excl)

.stab.exclstr
 *(.stab.exclstr)

.stab.index
 *(.stab.index)

.stab.indexstr
 *(.stab.indexstr)

.comment        0x00000000       0x30
 *(.comment)
 .comment       0x00000000       0x30 deteccao_intruso.o
                                 0x31 (size before relaxing)
 .comment       0x00000030       0x31 serial.o
 .comment       0x00000030       0x31 subRotinaAdm.o
 .comment       0x00000030       0x31 teclado.o
 .comment       0x00000030       0x31 lcdio.o
 .comment       0x00000030       0x31 main.o
 .comment       0x00000030       0x31 timerRelogio.o
 .comment       0x00000030       0x31 timers.o
 .comment       0x00000030       0x31 validacao_senhas.o

.note.gnu.avr.deviceinfo
                0x00000000       0x40
 .note.gnu.avr.deviceinfo
                0x00000000       0x40 D:/Atmel/Studio/7.0/Packs/atmel/ATmega_DFP/1.7.374/gcc/dev/atmega2560/avr6/crtatmega2560.o

.note.gnu.build-id
 *(.note.gnu.build-id)

.debug
 *(.debug)

.line
 *(.line)

.debug_srcinfo
 *(.debug_srcinfo)

.debug_sfnames
 *(.debug_sfnames)

.debug_aranges  0x00000000      0x2e8
 *(.debug_aranges)
 .debug_aranges
                0x00000000       0x30 deteccao_intruso.o
 .debug_aranges
                0x00000030       0x58 serial.o
 .debug_aranges
                0x00000088       0x88 subRotinaAdm.o
 .debug_aranges
                0x00000110       0x30 teclado.o
 .debug_aranges
                0x00000140       0x68 lcdio.o
 .debug_aranges
                0x000001a8       0x70 main.o
 .debug_aranges
                0x00000218       0x28 timerRelogio.o
 .debug_aranges
                0x00000240       0x70 timers.o
 .debug_aranges
                0x000002b0       0x38 validacao_senhas.o

.debug_pubnames
 *(.debug_pubnames)

.debug_info     0x00000000     0x3bd2
 *(.debug_info .gnu.linkonce.wi.*)
 .debug_info    0x00000000      0xbbc D:/Atmel/Studio/7.0/Packs/atmel/ATmega_DFP/1.7.374/gcc/dev/atmega2560/avr6/crtatmega2560.o
 .debug_info    0x00000bbc      0x1f8 deteccao_intruso.o
 .debug_info    0x00000db4      0x436 serial.o
 .debug_info    0x000011ea      0xca5 subRotinaAdm.o
 .debug_info    0x00001e8f      0x27d teclado.o
 .debug_info    0x0000210c      0x3f5 lcdio.o
 .debug_info    0x00002501      0xb31 main.o
 .debug_info    0x00003032      0x38f timerRelogio.o
 .debug_info    0x000033c1      0x1d2 timers.o
 .debug_info    0x00003593      0x63f validacao_senhas.o

.debug_abbrev   0x00000000     0x14b9
 *(.debug_abbrev)
 .debug_abbrev  0x00000000      0xb1a D:/Atmel/Studio/7.0/Packs/atmel/ATmega_DFP/1.7.374/gcc/dev/atmega2560/avr6/crtatmega2560.o
 .debug_abbrev  0x00000b1a       0xb6 deteccao_intruso.o
 .debug_abbrev  0x00000bd0      0x13e serial.o
 .debug_abbrev  0x00000d0e      0x18e subRotinaAdm.o
 .debug_abbrev  0x00000e9c       0xf1 teclado.o
 .debug_abbrev  0x00000f8d      0x114 lcdio.o
 .debug_abbrev  0x000010a1      0x195 main.o
 .debug_abbrev  0x00001236       0xc0 timerRelogio.o
 .debug_abbrev  0x000012f6       0x60 timers.o
 .debug_abbrev  0x00001356      0x163 validacao_senhas.o

.debug_line     0x00000000     0x1bbf
 *(.debug_line .debug_line.* .debug_line_end)
 .debug_line    0x00000000      0x1fa D:/Atmel/Studio/7.0/Packs/atmel/ATmega_DFP/1.7.374/gcc/dev/atmega2560/avr6/crtatmega2560.o
 .debug_line    0x000001fa      0x19d deteccao_intruso.o
 .debug_line    0x00000397      0x1df serial.o
 .debug_line    0x00000576      0x5c6 subRotinaAdm.o
 .debug_line    0x00000b3c      0x187 teclado.o
 .debug_line    0x00000cc3      0x2cc lcdio.o
 .debug_line    0x00000f8f      0x5b7 main.o
 .debug_line    0x00001546      0x162 timerRelogio.o
 .debug_line    0x000016a8      0x2ba timers.o
 .debug_line    0x00001962      0x25d validacao_senhas.o

.debug_frame    0x00000000      0x6dc
 *(.debug_frame)
 .debug_frame   0x00000000       0x6c deteccao_intruso.o
 .debug_frame   0x0000006c       0xac serial.o
 .debug_frame   0x00000118      0x10c subRotinaAdm.o
 .debug_frame   0x00000224       0x50 teclado.o
 .debug_frame   0x00000274       0xd0 lcdio.o
 .debug_frame   0x00000344      0x240 main.o
 .debug_frame   0x00000584       0x34 timerRelogio.o
 .debug_frame   0x000005b8       0xc4 timers.o
 .debug_frame   0x0000067c       0x60 validacao_senhas.o

.debug_str      0x00000000      0xb6f
 *(.debug_str)
 .debug_str     0x00000000      0x3e6 D:/Atmel/Studio/7.0/Packs/atmel/ATmega_DFP/1.7.374/gcc/dev/atmega2560/avr6/crtatmega2560.o
 .debug_str     0x000003e6      0x1f0 deteccao_intruso.o
                                0x23d (size before relaxing)
 .debug_str     0x000005d6      0x1c6 serial.o
                                0x3b4 (size before relaxing)
 .debug_str     0x0000079c      0x19a subRotinaAdm.o
                                0x482 (size before relaxing)
 .debug_str     0x00000936       0x4f teclado.o
                                0x232 (size before relaxing)
 .debug_str     0x00000985       0x77 lcdio.o
                                0x26e (size before relaxing)
 .debug_str     0x000009fc       0xfa main.o
                                0x517 (size before relaxing)
 .debug_str     0x00000af6       0x14 timerRelogio.o
                                0x34a (size before relaxing)
 .debug_str     0x00000b0a       0x3f timers.o
                                0x244 (size before relaxing)
 .debug_str     0x00000b49       0x26 validacao_senhas.o
                                0x3c7 (size before relaxing)

.debug_loc      0x00000000      0xa23
 *(.debug_loc)
 .debug_loc     0x00000000      0x10e deteccao_intruso.o
 .debug_loc     0x0000010e       0xdd serial.o
 .debug_loc     0x000001eb       0xd0 subRotinaAdm.o
 .debug_loc     0x000002bb      0x152 teclado.o
 .debug_loc     0x0000040d       0xf3 lcdio.o
 .debug_loc     0x00000500      0x4a3 main.o
 .debug_loc     0x000009a3       0x80 validacao_senhas.o

.debug_macinfo
 *(.debug_macinfo)

.debug_weaknames
 *(.debug_weaknames)

.debug_funcnames
 *(.debug_funcnames)

.debug_typenames
 *(.debug_typenames)

.debug_varnames
 *(.debug_varnames)

.debug_pubtypes
 *(.debug_pubtypes)

.debug_ranges   0x00000000      0x270
 *(.debug_ranges)
 .debug_ranges  0x00000000       0x38 deteccao_intruso.o
 .debug_ranges  0x00000038       0x48 serial.o
 .debug_ranges  0x00000080       0x78 subRotinaAdm.o
 .debug_ranges  0x000000f8       0x20 teclado.o
 .debug_ranges  0x00000118       0x58 lcdio.o
 .debug_ranges  0x00000170       0x60 main.o
 .debug_ranges  0x000001d0       0x18 timerRelogio.o
 .debug_ranges  0x000001e8       0x60 timers.o
 .debug_ranges  0x00000248       0x28 validacao_senhas.o

.debug_macro
 *(.debug_macro)
OUTPUT(lcd_dale.elf elf32-avr)
LOAD linker stubs
