Archive member included to satisfy reference by file (symbol)

c:/program files (x86)/atmel/studio/7.0/toolchain/avr8/avr8-gnu-toolchain/bin/../lib/gcc/avr/5.4.0/avr6\libgcc.a(_exit.o)
                              C:/Program Files (x86)/Atmel/Studio/7.0/Packs/atmel/ATmega_DFP/1.7.374/gcc/dev/atmega2560/avr6/crtatmega2560.o (exit)
c:/program files (x86)/atmel/studio/7.0/toolchain/avr8/avr8-gnu-toolchain/bin/../lib/gcc/avr/5.4.0/avr6\libgcc.a(_copy_data.o)
                              deteccao_intruso.o (__do_copy_data)
c:/program files (x86)/atmel/studio/7.0/toolchain/avr8/avr8-gnu-toolchain/bin/../lib/gcc/avr/5.4.0/avr6\libgcc.a(_clear_bss.o)
                              deteccao_intruso.o (__do_clear_bss)
c:/program files (x86)/atmel/studio/7.0/toolchain/avr8/avr8-gnu-toolchain/bin/../lib/gcc/avr/5.4.0/../../../../avr/lib/avr6\libc.a(strcmp.o)
                              subRotinaAdm.o (strcmp)
c:/program files (x86)/atmel/studio/7.0/toolchain/avr8/avr8-gnu-toolchain/bin/../lib/gcc/avr/5.4.0/../../../../avr/lib/avr6\libc.a(strcpy.o)
                              subRotinaAdm.o (strcpy)

Allocating common symbols
Common symbol       size              file

possivelTecla       0x1               deteccao_intruso.o
horarioSensor       0x6               deteccao_intruso.o
validacao           0x2               deteccao_intruso.o
sensorAtivo         0x1               deteccao_intruso.o
tecla               0x1               deteccao_intruso.o
binColuna           0x1               deteccao_intruso.o
admLogin            0x1               deteccao_intruso.o

Discarded input sections

 .data          0x00000000        0x0 C:/Program Files (x86)/Atmel/Studio/7.0/Packs/atmel/ATmega_DFP/1.7.374/gcc/dev/atmega2560/avr6/crtatmega2560.o
 .bss           0x00000000        0x0 C:/Program Files (x86)/Atmel/Studio/7.0/Packs/atmel/ATmega_DFP/1.7.374/gcc/dev/atmega2560/avr6/crtatmega2560.o
 .text          0x00000000        0x0 deteccao_intruso.o
 .data          0x00000000        0x0 deteccao_intruso.o
 .bss           0x00000000        0x0 deteccao_intruso.o
 .text.desativa_buzzer
                0x00000000        0xe deteccao_intruso.o
 .text          0x00000000        0x0 serial.o
 .data          0x00000000        0x0 serial.o
 .bss           0x00000000        0x0 serial.o
 .text          0x00000000        0x0 subRotinaAdm.o
 .data          0x00000000        0x0 subRotinaAdm.o
 .bss           0x00000000        0x0 subRotinaAdm.o
 .text          0x00000000        0x0 teclado.o
 .data          0x00000000        0x0 teclado.o
 .bss           0x00000000        0x0 teclado.o
 .text          0x00000000        0x0 lcdio.o
 .data          0x00000000        0x0 lcdio.o
 .bss           0x00000000        0x0 lcdio.o
 .text          0x00000000        0x0 main.o
 .data          0x00000000        0x0 main.o
 .bss           0x00000000        0x0 main.o
 .text          0x00000000        0x0 timerRelogio.o
 .data          0x00000000        0x0 timerRelogio.o
 .bss           0x00000000        0x0 timerRelogio.o
 .text          0x00000000        0x0 timers.o
 .data          0x00000000        0x0 timers.o
 .bss           0x00000000        0x0 timers.o
 .text.onda_800hzint
                0x00000000       0x1e timers.o
 .text.onda_400hzint
                0x00000000       0x1e timers.o
 .text.led2hz_int
                0x00000000       0x24 timers.o
 .text.delay_1ms
                0x00000000       0x20 timers.o
 .bss.onda      0x00000000        0x1 timers.o
 .bss.ciclos_buzzer
                0x00000000        0x4 timers.o
 .bss.buzzer    0x00000000        0x1 timers.o
 .bss.led2hz    0x00000000        0x1 timers.o
 .text          0x00000000        0x0 validacao_senhas.o
 .data          0x00000000        0x0 validacao_senhas.o
 .bss           0x00000000        0x0 validacao_senhas.o
 .text          0x00000000        0x0 c:/program files (x86)/atmel/studio/7.0/toolchain/avr8/avr8-gnu-toolchain/bin/../lib/gcc/avr/5.4.0/avr6\libgcc.a(_exit.o)
 .data          0x00000000        0x0 c:/program files (x86)/atmel/studio/7.0/toolchain/avr8/avr8-gnu-toolchain/bin/../lib/gcc/avr/5.4.0/avr6\libgcc.a(_exit.o)
 .bss           0x00000000        0x0 c:/program files (x86)/atmel/studio/7.0/toolchain/avr8/avr8-gnu-toolchain/bin/../lib/gcc/avr/5.4.0/avr6\libgcc.a(_exit.o)
 .text.libgcc.mul
                0x00000000        0x0 c:/program files (x86)/atmel/studio/7.0/toolchain/avr8/avr8-gnu-toolchain/bin/../lib/gcc/avr/5.4.0/avr6\libgcc.a(_exit.o)
 .text.libgcc.div
                0x00000000        0x0 c:/program files (x86)/atmel/studio/7.0/toolchain/avr8/avr8-gnu-toolchain/bin/../lib/gcc/avr/5.4.0/avr6\libgcc.a(_exit.o)
 .text.libgcc   0x00000000        0x0 c:/program files (x86)/atmel/studio/7.0/toolchain/avr8/avr8-gnu-toolchain/bin/../lib/gcc/avr/5.4.0/avr6\libgcc.a(_exit.o)
 .text.libgcc.prologue
                0x00000000        0x0 c:/program files (x86)/atmel/studio/7.0/toolchain/avr8/avr8-gnu-toolchain/bin/../lib/gcc/avr/5.4.0/avr6\libgcc.a(_exit.o)
 .text.libgcc.builtins
                0x00000000        0x0 c:/program files (x86)/atmel/studio/7.0/toolchain/avr8/avr8-gnu-toolchain/bin/../lib/gcc/avr/5.4.0/avr6\libgcc.a(_exit.o)
 .text.libgcc.fmul
                0x00000000        0x0 c:/program files (x86)/atmel/studio/7.0/toolchain/avr8/avr8-gnu-toolchain/bin/../lib/gcc/avr/5.4.0/avr6\libgcc.a(_exit.o)
 .text.libgcc.fixed
                0x00000000        0x0 c:/program files (x86)/atmel/studio/7.0/toolchain/avr8/avr8-gnu-toolchain/bin/../lib/gcc/avr/5.4.0/avr6\libgcc.a(_exit.o)
 .text          0x00000000        0x0 c:/program files (x86)/atmel/studio/7.0/toolchain/avr8/avr8-gnu-toolchain/bin/../lib/gcc/avr/5.4.0/avr6\libgcc.a(_copy_data.o)
 .data          0x00000000        0x0 c:/program files (x86)/atmel/studio/7.0/toolchain/avr8/avr8-gnu-toolchain/bin/../lib/gcc/avr/5.4.0/avr6\libgcc.a(_copy_data.o)
 .bss           0x00000000        0x0 c:/program files (x86)/atmel/studio/7.0/toolchain/avr8/avr8-gnu-toolchain/bin/../lib/gcc/avr/5.4.0/avr6\libgcc.a(_copy_data.o)
 .text.libgcc.mul
                0x00000000        0x0 c:/program files (x86)/atmel/studio/7.0/toolchain/avr8/avr8-gnu-toolchain/bin/../lib/gcc/avr/5.4.0/avr6\libgcc.a(_copy_data.o)
 .text.libgcc.div
                0x00000000        0x0 c:/program files (x86)/atmel/studio/7.0/toolchain/avr8/avr8-gnu-toolchain/bin/../lib/gcc/avr/5.4.0/avr6\libgcc.a(_copy_data.o)
 .text.libgcc   0x00000000        0x0 c:/program files (x86)/atmel/studio/7.0/toolchain/avr8/avr8-gnu-toolchain/bin/../lib/gcc/avr/5.4.0/avr6\libgcc.a(_copy_data.o)
 .text.libgcc.prologue
                0x00000000        0x0 c:/program files (x86)/atmel/studio/7.0/toolchain/avr8/avr8-gnu-toolchain/bin/../lib/gcc/avr/5.4.0/avr6\libgcc.a(_copy_data.o)
 .text.libgcc.builtins
                0x00000000        0x0 c:/program files (x86)/atmel/studio/7.0/toolchain/avr8/avr8-gnu-toolchain/bin/../lib/gcc/avr/5.4.0/avr6\libgcc.a(_copy_data.o)
 .text.libgcc.fmul
                0x00000000        0x0 c:/program files (x86)/atmel/studio/7.0/toolchain/avr8/avr8-gnu-toolchain/bin/../lib/gcc/avr/5.4.0/avr6\libgcc.a(_copy_data.o)
 .text.libgcc.fixed
                0x00000000        0x0 c:/program files (x86)/atmel/studio/7.0/toolchain/avr8/avr8-gnu-toolchain/bin/../lib/gcc/avr/5.4.0/avr6\libgcc.a(_copy_data.o)
 .text          0x00000000        0x0 c:/program files (x86)/atmel/studio/7.0/toolchain/avr8/avr8-gnu-toolchain/bin/../lib/gcc/avr/5.4.0/avr6\libgcc.a(_clear_bss.o)
 .data          0x00000000        0x0 c:/program files (x86)/atmel/studio/7.0/toolchain/avr8/avr8-gnu-toolchain/bin/../lib/gcc/avr/5.4.0/avr6\libgcc.a(_clear_bss.o)
 .bss           0x00000000        0x0 c:/program files (x86)/atmel/studio/7.0/toolchain/avr8/avr8-gnu-toolchain/bin/../lib/gcc/avr/5.4.0/avr6\libgcc.a(_clear_bss.o)
 .text.libgcc.mul
                0x00000000        0x0 c:/program files (x86)/atmel/studio/7.0/toolchain/avr8/avr8-gnu-toolchain/bin/../lib/gcc/avr/5.4.0/avr6\libgcc.a(_clear_bss.o)
 .text.libgcc.div
                0x00000000        0x0 c:/program files (x86)/atmel/studio/7.0/toolchain/avr8/avr8-gnu-toolchain/bin/../lib/gcc/avr/5.4.0/avr6\libgcc.a(_clear_bss.o)
 .text.libgcc   0x00000000        0x0 c:/program files (x86)/atmel/studio/7.0/toolchain/avr8/avr8-gnu-toolchain/bin/../lib/gcc/avr/5.4.0/avr6\libgcc.a(_clear_bss.o)
 .text.libgcc.prologue
                0x00000000        0x0 c:/program files (x86)/atmel/studio/7.0/toolchain/avr8/avr8-gnu-toolchain/bin/../lib/gcc/avr/5.4.0/avr6\libgcc.a(_clear_bss.o)
 .text.libgcc.builtins
                0x00000000        0x0 c:/program files (x86)/atmel/studio/7.0/toolchain/avr8/avr8-gnu-toolchain/bin/../lib/gcc/avr/5.4.0/avr6\libgcc.a(_clear_bss.o)
 .text.libgcc.fmul
                0x00000000        0x0 c:/program files (x86)/atmel/studio/7.0/toolchain/avr8/avr8-gnu-toolchain/bin/../lib/gcc/avr/5.4.0/avr6\libgcc.a(_clear_bss.o)
 .text.libgcc.fixed
                0x00000000        0x0 c:/program files (x86)/atmel/studio/7.0/toolchain/avr8/avr8-gnu-toolchain/bin/../lib/gcc/avr/5.4.0/avr6\libgcc.a(_clear_bss.o)
 .text          0x00000000        0x0 c:/program files (x86)/atmel/studio/7.0/toolchain/avr8/avr8-gnu-toolchain/bin/../lib/gcc/avr/5.4.0/../../../../avr/lib/avr6\libc.a(strcmp.o)
 .data          0x00000000        0x0 c:/program files (x86)/atmel/studio/7.0/toolchain/avr8/avr8-gnu-toolchain/bin/../lib/gcc/avr/5.4.0/../../../../avr/lib/avr6\libc.a(strcmp.o)
 .bss           0x00000000        0x0 c:/program files (x86)/atmel/studio/7.0/toolchain/avr8/avr8-gnu-toolchain/bin/../lib/gcc/avr/5.4.0/../../../../avr/lib/avr6\libc.a(strcmp.o)
 .text          0x00000000        0x0 c:/program files (x86)/atmel/studio/7.0/toolchain/avr8/avr8-gnu-toolchain/bin/../lib/gcc/avr/5.4.0/../../../../avr/lib/avr6\libc.a(strcpy.o)
 .data          0x00000000        0x0 c:/program files (x86)/atmel/studio/7.0/toolchain/avr8/avr8-gnu-toolchain/bin/../lib/gcc/avr/5.4.0/../../../../avr/lib/avr6\libc.a(strcpy.o)
 .bss           0x00000000        0x0 c:/program files (x86)/atmel/studio/7.0/toolchain/avr8/avr8-gnu-toolchain/bin/../lib/gcc/avr/5.4.0/../../../../avr/lib/avr6\libc.a(strcpy.o)

Memory Configuration

Name             Origin             Length             Attributes
text             0x00000000         0x00040000         xr
data             0x00800200         0x00002000         rw !x
eeprom           0x00810000         0x00001000         rw !x
fuse             0x00820000         0x00000003         rw !x
lock             0x00830000         0x00000400         rw !x
signature        0x00840000         0x00000400         rw !x
user_signatures  0x00850000         0x00000400         rw !x
*default*        0x00000000         0xffffffff

Linker script and memory map

Address of section .data set to 0x800200
LOAD C:/Program Files (x86)/Atmel/Studio/7.0/Packs/atmel/ATmega_DFP/1.7.374/gcc/dev/atmega2560/avr6/crtatmega2560.o
LOAD deteccao_intruso.o
LOAD serial.o
LOAD subRotinaAdm.o
LOAD teclado.o
LOAD lcdio.o
LOAD main.o
LOAD timerRelogio.o
LOAD timers.o
LOAD validacao_senhas.o
START GROUP
LOAD c:/program files (x86)/atmel/studio/7.0/toolchain/avr8/avr8-gnu-toolchain/bin/../lib/gcc/avr/5.4.0/../../../../avr/lib/avr6\libm.a
END GROUP
START GROUP
LOAD c:/program files (x86)/atmel/studio/7.0/toolchain/avr8/avr8-gnu-toolchain/bin/../lib/gcc/avr/5.4.0/avr6\libgcc.a
LOAD c:/program files (x86)/atmel/studio/7.0/toolchain/avr8/avr8-gnu-toolchain/bin/../lib/gcc/avr/5.4.0/../../../../avr/lib/avr6\libm.a
LOAD c:/program files (x86)/atmel/studio/7.0/toolchain/avr8/avr8-gnu-toolchain/bin/../lib/gcc/avr/5.4.0/../../../../avr/lib/avr6\libc.a
LOAD C:/Program Files (x86)/Atmel/Studio/7.0/Packs/atmel/ATmega_DFP/1.7.374/gcc/dev/atmega2560/avr6\libatmega2560.a
END GROUP
                0x00000000                __TEXT_REGION_ORIGIN__ = DEFINED (__TEXT_REGION_ORIGIN__)?__TEXT_REGION_ORIGIN__:0x0
                [0x00800200]                __DATA_REGION_ORIGIN__ = DEFINED (__DATA_REGION_ORIGIN__)?__DATA_REGION_ORIGIN__:0x800200
                [0x00040000]                __TEXT_REGION_LENGTH__ = DEFINED (__TEXT_REGION_LENGTH__)?__TEXT_REGION_LENGTH__:0x100000
                [0x00002000]                __DATA_REGION_LENGTH__ = DEFINED (__DATA_REGION_LENGTH__)?__DATA_REGION_LENGTH__:0xfe00
                [0x00001000]                __EEPROM_REGION_LENGTH__ = DEFINED (__EEPROM_REGION_LENGTH__)?__EEPROM_REGION_LENGTH__:0x10000
                [0x00000003]                __FUSE_REGION_LENGTH__ = DEFINED (__FUSE_REGION_LENGTH__)?__FUSE_REGION_LENGTH__:0x400
                0x00000400                __LOCK_REGION_LENGTH__ = DEFINED (__LOCK_REGION_LENGTH__)?__LOCK_REGION_LENGTH__:0x400
                0x00000400                __SIGNATURE_REGION_LENGTH__ = DEFINED (__SIGNATURE_REGION_LENGTH__)?__SIGNATURE_REGION_LENGTH__:0x400
                0x00000400                __USER_SIGNATURE_REGION_LENGTH__ = DEFINED (__USER_SIGNATURE_REGION_LENGTH__)?__USER_SIGNATURE_REGION_LENGTH__:0x400

.hash
 *(.hash)

.dynsym
 *(.dynsym)

.dynstr
 *(.dynstr)

.gnu.version
 *(.gnu.version)

.gnu.version_d
 *(.gnu.version_d)

.gnu.version_r
 *(.gnu.version_r)

.rel.init
 *(.rel.init)

.rela.init
 *(.rela.init)

.rel.text
 *(.rel.text)
 *(.rel.text.*)
 *(.rel.gnu.linkonce.t*)

.rela.text
 *(.rela.text)
 *(.rela.text.*)
 *(.rela.gnu.linkonce.t*)

.rel.fini
 *(.rel.fini)

.rela.fini
 *(.rela.fini)

.rel.rodata
 *(.rel.rodata)
 *(.rel.rodata.*)
 *(.rel.gnu.linkonce.r*)

.rela.rodata
 *(.rela.rodata)
 *(.rela.rodata.*)
 *(.rela.gnu.linkonce.r*)

.rel.data
 *(.rel.data)
 *(.rel.data.*)
 *(.rel.gnu.linkonce.d*)

.rela.data
 *(.rela.data)
 *(.rela.data.*)
 *(.rela.gnu.linkonce.d*)

.rel.ctors
 *(.rel.ctors)

.rela.ctors
 *(.rela.ctors)

.rel.dtors
 *(.rel.dtors)

.rela.dtors
 *(.rela.dtors)

.rel.got
 *(.rel.got)

.rela.got
 *(.rela.got)

.rel.bss
 *(.rel.bss)

.rela.bss
 *(.rela.bss)

.rel.plt
 *(.rel.plt)

.rela.plt
 *(.rela.plt)

.text           0x00000000     0x11c8
 *(.vectors)
 .vectors       0x00000000       0xe4 C:/Program Files (x86)/Atmel/Studio/7.0/Packs/atmel/ATmega_DFP/1.7.374/gcc/dev/atmega2560/avr6/crtatmega2560.o
                0x00000000                __vector_default
                0x00000000                __vectors
 *(.vectors)
 *(.progmem.gcc*)
                0x000000e4                . = ALIGN (0x2)
                0x000000e4                __trampolines_start = .
 *(.trampolines)
 .trampolines   0x000000e4        0x0 linker stubs
 *(.trampolines*)
                0x000000e4                __trampolines_end = .
 *libprintf_flt.a:*(.progmem.data)
 *libc.a:*(.progmem.data)
 *(.progmem*)
                0x000000e4                . = ALIGN (0x2)
 *(.jumptables)
 *(.jumptables*)
 *(.lowtext)
 *(.lowtext*)
                0x000000e4                __ctors_start = .
 *(.ctors)
                0x000000e4                __ctors_end = .
                0x000000e4                __dtors_start = .
 *(.dtors)
                0x000000e4                __dtors_end = .
 SORT(*)(.ctors)
 SORT(*)(.dtors)
 *(.init0)
 .init0         0x000000e4        0x0 C:/Program Files (x86)/Atmel/Studio/7.0/Packs/atmel/ATmega_DFP/1.7.374/gcc/dev/atmega2560/avr6/crtatmega2560.o
                0x000000e4                __init
 *(.init0)
 *(.init1)
 *(.init1)
 *(.init2)
 .init2         0x000000e4       0x10 C:/Program Files (x86)/Atmel/Studio/7.0/Packs/atmel/ATmega_DFP/1.7.374/gcc/dev/atmega2560/avr6/crtatmega2560.o
 *(.init2)
 *(.init3)
 *(.init3)
 *(.init4)
 .init4         0x000000f4       0x1a c:/program files (x86)/atmel/studio/7.0/toolchain/avr8/avr8-gnu-toolchain/bin/../lib/gcc/avr/5.4.0/avr6\libgcc.a(_copy_data.o)
                0x000000f4                __do_copy_data
 .init4         0x0000010e       0x10 c:/program files (x86)/atmel/studio/7.0/toolchain/avr8/avr8-gnu-toolchain/bin/../lib/gcc/avr/5.4.0/avr6\libgcc.a(_clear_bss.o)
                0x0000010e                __do_clear_bss
 *(.init4)
 *(.init5)
 *(.init5)
 *(.init6)
 *(.init6)
 *(.init7)
 *(.init7)
 *(.init8)
 *(.init8)
 *(.init9)
 .init9         0x0000011e        0x6 C:/Program Files (x86)/Atmel/Studio/7.0/Packs/atmel/ATmega_DFP/1.7.374/gcc/dev/atmega2560/avr6/crtatmega2560.o
 *(.init9)
 *(.text)
 .text          0x00000124        0x2 C:/Program Files (x86)/Atmel/Studio/7.0/Packs/atmel/ATmega_DFP/1.7.374/gcc/dev/atmega2560/avr6/crtatmega2560.o
                0x00000124                __vector_38
                0x00000124                __vector_22
                0x00000124                __vector_28
                0x00000124                __vector_1
                0x00000124                __vector_32
                0x00000124                __vector_34
                0x00000124                __vector_24
                0x00000124                __vector_12
                0x00000124                __vector_55
                0x00000124                __vector_46
                0x00000124                __bad_interrupt
                0x00000124                __vector_6
                0x00000124                __vector_31
                0x00000124                __vector_39
                0x00000124                __vector_3
                0x00000124                __vector_23
                0x00000124                __vector_30
                0x00000124                __vector_54
                0x00000124                __vector_13
                0x00000124                __vector_17
                0x00000124                __vector_19
                0x00000124                __vector_56
                0x00000124                __vector_7
                0x00000124                __vector_49
                0x00000124                __vector_41
                0x00000124                __vector_43
                0x00000124                __vector_27
                0x00000124                __vector_5
                0x00000124                __vector_33
                0x00000124                __vector_47
                0x00000124                __vector_52
                0x00000124                __vector_37
                0x00000124                __vector_4
                0x00000124                __vector_44
                0x00000124                __vector_51
                0x00000124                __vector_9
                0x00000124                __vector_2
                0x00000124                __vector_21
                0x00000124                __vector_15
                0x00000124                __vector_36
                0x00000124                __vector_29
                0x00000124                __vector_40
                0x00000124                __vector_8
                0x00000124                __vector_26
                0x00000124                __vector_48
                0x00000124                __vector_14
                0x00000124                __vector_53
                0x00000124                __vector_10
                0x00000124                __vector_50
                0x00000124                __vector_16
                0x00000124                __vector_18
                0x00000124                __vector_42
                0x00000126                . = ALIGN (0x2)
 *(.text.*)
 .text.delay_piscaled
                0x00000126       0x66 deteccao_intruso.o
                0x00000126                delay_piscaled
 .text.ativa_buzzer
                0x0000018c       0x9a deteccao_intruso.o
                0x0000018c                ativa_buzzer
 .text.enviaMotivo
                0x00000226       0x84 deteccao_intruso.o
                0x00000226                enviaMotivo
 .text.ativarSerialInterrupt
                0x000002aa        0xc serial.o
                0x000002aa                ativarSerialInterrupt
 .text.desativarSerialInterrupt
                0x000002b6        0xc serial.o
                0x000002b6                desativarSerialInterrupt
 .text.inicializarSerial
                0x000002c2       0x20 serial.o
                0x000002c2                inicializarSerial
 .text.byteDisponivelEnvio
                0x000002e2        0x8 serial.o
                0x000002e2                byteDisponivelEnvio
 .text.byteRecebidoSerial
                0x000002ea        0x8 serial.o
                0x000002ea                byteRecebidoSerial
 .text.enviarByteSerial
                0x000002f2       0x12 serial.o
                0x000002f2                enviarByteSerial
 .text.receberByteSerial
                0x00000304        0xc serial.o
                0x00000304                receberByteSerial
 .text.enviarStringSerial
                0x00000310       0x24 serial.o
                0x00000310                enviarStringSerial
 .text.escreveNumero
                0x00000334       0x4a subRotinaAdm.o
                0x00000334                escreveNumero
 .text.subRotinaAdm
                0x0000037e      0x210 subRotinaAdm.o
                0x0000037e                subRotinaAdm
 .text.ligaLinhas
                0x0000058e       0x9c teclado.o
                0x0000058e                ligaLinhas
 .text.procuraLinhas
                0x0000062a       0x44 teclado.o
                0x0000062a                procuraLinhas
 .text.procuraTecla
                0x0000066e       0x42 teclado.o
                0x0000066e                procuraTecla
 .text.config_delay_timer0_CTC
                0x000006b0        0xa lcdio.o
                0x000006b0                config_delay_timer0_CTC
 .text.delay_CTC
                0x000006ba       0x12 lcdio.o
                0x000006ba                delay_CTC
 .text.config_porta_avr
                0x000006cc        0xa lcdio.o
                0x000006cc                config_porta_avr
 .text.trigger_EN
                0x000006d6       0x1e lcdio.o
                0x000006d6                trigger_EN
 .text.send_data
                0x000006f4       0x32 lcdio.o
                0x000006f4                send_data
 .text.send_command
                0x00000726       0x32 lcdio.o
                0x00000726                send_command
 .text.send_string
                0x00000758       0x18 lcdio.o
                0x00000758                send_string
 .text.limpa_reseta_cursor
                0x00000770        0xe lcdio.o
                0x00000770                limpa_reseta_cursor
 .text.config_lcd_padrao
                0x0000077e       0x26 lcdio.o
                0x0000077e                config_lcd_padrao
 .text.proxima_linha
                0x000007a4        0xc lcdio.o
                0x000007a4                proxima_linha
 .text.telaSelecionarMotivoAlarme
                0x000007b0       0x12 lcdio.o
                0x000007b0                telaSelecionarMotivoAlarme
 .text.telaOpcaoIntrusoOuInvadido
                0x000007c2       0x12 lcdio.o
                0x000007c2                telaOpcaoIntrusoOuInvadido
 .text.telaMotivoAlarme
                0x000007d4        0xa lcdio.o
                0x000007d4                telaMotivoAlarme
 .text.printa_horarioreal
                0x000007de       0x34 lcdio.o
                0x000007de                printa_horarioreal
 .text.telaSenhasOuMais
                0x00000812       0x12 lcdio.o
                0x00000812                telaSenhasOuMais
 .text.telaEstadosOuMais
                0x00000824       0x12 lcdio.o
                0x00000824                telaEstadosOuMais
 .text.telaHorasOuMais
                0x00000836       0x12 lcdio.o
                0x00000836                telaHorasOuMais
 .text.telaModNotOuSair
                0x00000848       0x2e lcdio.o
                0x00000848                telaModNotOuSair
 .text.telaSenhaInvalida
                0x00000876        0xa lcdio.o
                0x00000876                telaSenhaInvalida
 .text.telaTrocaSenhas
                0x00000880       0x12 lcdio.o
                0x00000880                telaTrocaSenhas
 .text.telaDeStatusUsuario
                0x00000892       0x4a lcdio.o
                0x00000892                telaDeStatusUsuario
 .text.telaResetSenhas
                0x000008dc       0x12 lcdio.o
                0x000008dc                telaResetSenhas
 .text.telaResetarSenhas
                0x000008ee       0x12 lcdio.o
                0x000008ee                telaResetarSenhas
 .text.telaSenhasDivergentes
                0x00000900       0x12 lcdio.o
                0x00000900                telaSenhasDivergentes
 .text.telaNovaSenha
                0x00000912        0xc lcdio.o
                0x00000912                telaNovaSenha
 .text.telaConfirmaSenha
                0x0000091e        0xc lcdio.o
                0x0000091e                telaConfirmaSenha
 .text.telaModoNoturnoOn
                0x0000092a       0x12 lcdio.o
                0x0000092a                telaModoNoturnoOn
 .text.telaModoNoturnoOff
                0x0000093c       0x12 lcdio.o
                0x0000093c                telaModoNoturnoOff
 .text.telaInicio
                0x0000094e       0x12 lcdio.o
                0x0000094e                telaInicio
 .text.telaSensorAtivado
                0x00000960       0x12 lcdio.o
                0x00000960                telaSensorAtivado
 .text.telaAlarmeOff
                0x00000972        0xa lcdio.o
                0x00000972                telaAlarmeOff
 .text.telaATivandoOSistema
                0x0000097c        0xa lcdio.o
                0x0000097c                telaATivandoOSistema
 .text.telaSenhaIncorreta
                0x00000986       0x12 lcdio.o
                0x00000986                telaSenhaIncorreta
 .text.telaSenhaCorreta
                0x00000998        0xa lcdio.o
                0x00000998                telaSenhaCorreta
 .text.telaBemVindoAdm
                0x000009a2        0xa lcdio.o
                0x000009a2                telaBemVindoAdm
 .text.telaAlarmeAtivo
                0x000009ac       0x12 lcdio.o
                0x000009ac                telaAlarmeAtivo
 .text.modoNoturno
                0x000009be       0x4c main.o
                0x000009be                modoNoturno
 .text.main     0x00000a0a      0x138 main.o
                0x00000a0a                main
 .text.__vector_11
                0x00000b42      0x136 main.o
                0x00000b42                __vector_11
 .text.__vector_20
                0x00000c78       0x80 main.o
                0x00000c78                __vector_20
 .text.__vector_35
                0x00000cf8       0x7a main.o
                0x00000cf8                __vector_35
 .text.__vector_25
                0x00000d72       0x96 main.o
                0x00000d72                __vector_25
 .text.__vector_45
                0x00000e08       0x74 main.o
                0x00000e08                __vector_45
 .text.configRelogio
                0x00000e7c       0x1c timerRelogio.o
                0x00000e7c                configRelogio
 .text.conversaoMinHr
                0x00000e98       0x48 timerRelogio.o
                0x00000e98                conversaoMinHr
 .text.config_timer1
                0x00000ee0       0x18 timers.o
                0x00000ee0                config_timer1
 .text.onda_800hz
                0x00000ef8       0x1e timers.o
                0x00000ef8                onda_800hz
 .text.onda_400hz
                0x00000f16       0x1e timers.o
                0x00000f16                onda_400hz
 .text.delay_250ms
                0x00000f34       0x20 timers.o
                0x00000f34                delay_250ms
 .text.delay_200ms
                0x00000f54       0x20 timers.o
                0x00000f54                delay_200ms
 .text.delay_1s
                0x00000f74       0x20 timers.o
                0x00000f74                delay_1s
 .text.config_timer_ok
                0x00000f94       0x1c timers.o
                0x00000f94                config_timer_ok
 .text.lendo_senha
                0x00000fb0       0x26 validacao_senhas.o
                0x00000fb0                lendo_senha
 .text.subRotinaTrocaSenha
                0x00000fd6       0xc0 validacao_senhas.o
                0x00000fd6                subRotinaTrocaSenha
 .text.validar_senha
                0x00001096       0x7a validacao_senhas.o
                0x00001096                validar_senha
 .text.resultado_validacao
                0x00001110       0x94 validacao_senhas.o
                0x00001110                resultado_validacao
 .text.avr-libc
                0x000011a4       0x12 c:/program files (x86)/atmel/studio/7.0/toolchain/avr8/avr8-gnu-toolchain/bin/../lib/gcc/avr/5.4.0/../../../../avr/lib/avr6\libc.a(strcmp.o)
                0x000011a4                strcmp
 .text.avr-libc
                0x000011b6        0xe c:/program files (x86)/atmel/studio/7.0/toolchain/avr8/avr8-gnu-toolchain/bin/../lib/gcc/avr/5.4.0/../../../../avr/lib/avr6\libc.a(strcpy.o)
                0x000011b6                strcpy
                0x000011c4                . = ALIGN (0x2)
 *(.fini9)
 .fini9         0x000011c4        0x0 c:/program files (x86)/atmel/studio/7.0/toolchain/avr8/avr8-gnu-toolchain/bin/../lib/gcc/avr/5.4.0/avr6\libgcc.a(_exit.o)
                0x000011c4                _exit
                0x000011c4                exit
 *(.fini9)
 *(.fini8)
 *(.fini8)
 *(.fini7)
 *(.fini7)
 *(.fini6)
 *(.fini6)
 *(.fini5)
 *(.fini5)
 *(.fini4)
 *(.fini4)
 *(.fini3)
 *(.fini3)
 *(.fini2)
 *(.fini2)
 *(.fini1)
 *(.fini1)
 *(.fini0)
 .fini0         0x000011c4        0x4 c:/program files (x86)/atmel/studio/7.0/toolchain/avr8/avr8-gnu-toolchain/bin/../lib/gcc/avr/5.4.0/avr6\libgcc.a(_exit.o)
 *(.fini0)
                0x000011c8                _etext = .

.data           0x00800200      0x2c0 load address 0x000011c8
                0x00800200                PROVIDE (__data_start, .)
 *(.data)
 *(.data*)
 .data.tempo_TA
                0x00800200        0x4 deteccao_intruso.o
                0x00800200                tempo_TA
 .data.confereNovaSenha
                0x00800204        0x6 subRotinaAdm.o
                0x00800204                confereNovaSenha
 .data.novaSenha
                0x0080020a        0x6 subRotinaAdm.o
                0x0080020a                novaSenha
 .data.sair     0x00800210        0x1 subRotinaAdm.o
                0x00800210                sair
 .data.usuario2Status
                0x00800211        0x1 subRotinaAdm.o
                0x00800211                usuario2Status
 .data.usuario1Status
                0x00800212        0x1 subRotinaAdm.o
                0x00800212                usuario1Status
 .data.teclado  0x00800213       0x10 teclado.o
                0x00800213                teclado
 .data.esperaAlarme
                0x00800223        0x1 main.o
                0x00800223                esperaAlarme
 .data.senhas   0x00800224       0x3c validacao_senhas.o
                0x00800224                senhas
 *(.gnu.linkonce.d*)
 *(.rodata)
 *(.rodata*)
 .rodata.str1.1
                0x00800260       0x1a deteccao_intruso.o
                                 0x1d (size before relaxing)
 .rodata.str1.1
                0x0080027a        0x9 subRotinaAdm.o
 .rodata.str1.1
                0x00800283      0x202 lcdio.o
                                0x20b (size before relaxing)
 .rodata.str1.1
                0x00800485        0x8 main.o
                                 0x11 (size before relaxing)
 .rodata.str1.1
                0x0080048d       0x32 validacao_senhas.o
                                 0x44 (size before relaxing)
 *(.gnu.linkonce.r*)
                0x008004c0                . = ALIGN (0x2)
 *fill*         0x008004bf        0x1 
                0x008004c0                _edata = .
                0x008004c0                PROVIDE (__data_end, .)

.bss            0x008004c0       0x26
                0x008004c0                PROVIDE (__bss_start, .)
 *(.bss)
 *(.bss*)
 .bss.chamada   0x008004c0        0x1 deteccao_intruso.o
                0x008004c0                chamada
 .bss.intruso_detectado
                0x008004c1        0x1 deteccao_intruso.o
                0x008004c1                intruso_detectado
 .bss.alarme_ativo
                0x008004c2        0x1 deteccao_intruso.o
                0x008004c2                alarme_ativo
 .bss.senhaConferida
                0x008004c3        0x1 subRotinaAdm.o
                0x008004c3                senhaConferida
 .bss.modoNoturnoStatus
                0x008004c4        0x1 subRotinaAdm.o
                0x008004c4                modoNoturnoStatus
 .bss.instrucaoDigitada
                0x008004c5        0x1 subRotinaAdm.o
                0x008004c5                instrucaoDigitada
 .bss.pediHorario
                0x008004c6        0x2 subRotinaAdm.o
                0x008004c6                pediHorario
 .bss.nr_ciclos_relogio
                0x008004c8        0x2 timerRelogio.o
                0x008004c8                nr_ciclos_relogio
 .bss.min       0x008004ca        0x1 timerRelogio.o
                0x008004ca                min
 .bss.hora      0x008004cb        0x1 timerRelogio.o
                0x008004cb                hora
 .bss.dia       0x008004cc        0x1 timerRelogio.o
                0x008004cc                dia
 .bss.nr_ciclos_ok
                0x008004cd        0x2 timers.o
                0x008004cd                nr_ciclos_ok
 .bss.nr_ciclos_timer1
                0x008004cf        0x2 timers.o
                0x008004cf                nr_ciclos_timer1
 .bss.senha     0x008004d1        0x6 validacao_senhas.o
                0x008004d1                senha
 .bss.nr_digitados
                0x008004d7        0x2 validacao_senhas.o
                0x008004d7                nr_digitados
 *(COMMON)
 COMMON         0x008004d9        0xd deteccao_intruso.o
                0x008004d9                possivelTecla
                0x008004da                horarioSensor
                0x008004e0                validacao
                0x008004e2                sensorAtivo
                0x008004e3                tecla
                0x008004e4                binColuna
                0x008004e5                admLogin
                0x008004e6                PROVIDE (__bss_end, .)
                0x000011c8                __data_load_start = LOADADDR (.data)
                0x00001488                __data_load_end = (__data_load_start + SIZEOF (.data))

.noinit         0x008004e6        0x0
                [!provide]                PROVIDE (__noinit_start, .)
 *(.noinit*)
                [!provide]                PROVIDE (__noinit_end, .)
                0x008004e6                _end = .
                [!provide]                PROVIDE (__heap_start, .)

.eeprom         0x00810000        0x0
 *(.eeprom*)
                0x00810000                __eeprom_end = .

.fuse
 *(.fuse)
 *(.lfuse)
 *(.hfuse)
 *(.efuse)

.lock
 *(.lock*)

.signature
 *(.signature*)

.user_signatures
 *(.user_signatures*)

.stab
 *(.stab)

.stabstr
 *(.stabstr)

.stab.excl
 *(.stab.excl)

.stab.exclstr
 *(.stab.exclstr)

.stab.index
 *(.stab.index)

.stab.indexstr
 *(.stab.indexstr)

.comment        0x00000000       0x30
 *(.comment)
 .comment       0x00000000       0x30 deteccao_intruso.o
                                 0x31 (size before relaxing)
 .comment       0x00000030       0x31 serial.o
 .comment       0x00000030       0x31 subRotinaAdm.o
 .comment       0x00000030       0x31 teclado.o
 .comment       0x00000030       0x31 lcdio.o
 .comment       0x00000030       0x31 main.o
 .comment       0x00000030       0x31 timerRelogio.o
 .comment       0x00000030       0x31 timers.o
 .comment       0x00000030       0x31 validacao_senhas.o

.note.gnu.avr.deviceinfo
                0x00000000       0x40
 .note.gnu.avr.deviceinfo
                0x00000000       0x40 C:/Program Files (x86)/Atmel/Studio/7.0/Packs/atmel/ATmega_DFP/1.7.374/gcc/dev/atmega2560/avr6/crtatmega2560.o

.note.gnu.build-id
 *(.note.gnu.build-id)

.debug
 *(.debug)

.line
 *(.line)

.debug_srcinfo
 *(.debug_srcinfo)

.debug_sfnames
 *(.debug_sfnames)

.debug_aranges  0x00000000      0x340
 *(.debug_aranges)
 .debug_aranges
                0x00000000       0x38 deteccao_intruso.o
 .debug_aranges
                0x00000038       0x58 serial.o
 .debug_aranges
                0x00000090       0x28 subRotinaAdm.o
 .debug_aranges
                0x000000b8       0x30 teclado.o
 .debug_aranges
                0x000000e8      0x138 lcdio.o
 .debug_aranges
                0x00000220       0x50 main.o
 .debug_aranges
                0x00000270       0x28 timerRelogio.o
 .debug_aranges
                0x00000298       0x70 timers.o
 .debug_aranges
                0x00000308       0x38 validacao_senhas.o

.debug_pubnames
 *(.debug_pubnames)

.debug_info     0x00000000     0x45a5
 *(.debug_info .gnu.linkonce.wi.*)
 .debug_info    0x00000000      0xbbc C:/Program Files (x86)/Atmel/Studio/7.0/Packs/atmel/ATmega_DFP/1.7.374/gcc/dev/atmega2560/avr6/crtatmega2560.o
 .debug_info    0x00000bbc      0x649 deteccao_intruso.o
 .debug_info    0x00001205      0x47d serial.o
 .debug_info    0x00001682      0x804 subRotinaAdm.o
 .debug_info    0x00001e86      0x27d teclado.o
 .debug_info    0x00002103      0xed3 lcdio.o
 .debug_info    0x00002fd6      0x8d3 main.o
 .debug_info    0x000038a9      0x3f0 timerRelogio.o
 .debug_info    0x00003c99      0x1d2 timers.o
 .debug_info    0x00003e6b      0x73a validacao_senhas.o

.debug_abbrev   0x00000000     0x1582
 *(.debug_abbrev)
 .debug_abbrev  0x00000000      0xb1a C:/Program Files (x86)/Atmel/Studio/7.0/Packs/atmel/ATmega_DFP/1.7.374/gcc/dev/atmega2560/avr6/crtatmega2560.o
 .debug_abbrev  0x00000b1a      0x147 deteccao_intruso.o
 .debug_abbrev  0x00000c61      0x14d serial.o
 .debug_abbrev  0x00000dae      0x176 subRotinaAdm.o
 .debug_abbrev  0x00000f24       0xf1 teclado.o
 .debug_abbrev  0x00001015      0x13e lcdio.o
 .debug_abbrev  0x00001153      0x177 main.o
 .debug_abbrev  0x000012ca       0xf5 timerRelogio.o
 .debug_abbrev  0x000013bf       0x60 timers.o
 .debug_abbrev  0x0000141f      0x163 validacao_senhas.o

.debug_line     0x00000000     0x1f5d
 *(.debug_line .debug_line.* .debug_line_end)
 .debug_line    0x00000000      0x1fa C:/Program Files (x86)/Atmel/Studio/7.0/Packs/atmel/ATmega_DFP/1.7.374/gcc/dev/atmega2560/avr6/crtatmega2560.o
 .debug_line    0x000001fa      0x2d4 deteccao_intruso.o
 .debug_line    0x000004ce      0x1f0 serial.o
 .debug_line    0x000006be      0x3bb subRotinaAdm.o
 .debug_line    0x00000a79      0x19b teclado.o
 .debug_line    0x00000c14      0x728 lcdio.o
 .debug_line    0x0000133c      0x500 main.o
 .debug_line    0x0000183c      0x17c timerRelogio.o
 .debug_line    0x000019b8      0x2ce timers.o
 .debug_line    0x00001c86      0x2d7 validacao_senhas.o

.debug_frame    0x00000000      0x798
 *(.debug_frame)
 .debug_frame   0x00000000       0x7c deteccao_intruso.o
 .debug_frame   0x0000007c       0xac serial.o
 .debug_frame   0x00000128       0x4c subRotinaAdm.o
 .debug_frame   0x00000174       0x50 teclado.o
 .debug_frame   0x000001c4      0x280 lcdio.o
 .debug_frame   0x00000444      0x1fc main.o
 .debug_frame   0x00000640       0x34 timerRelogio.o
 .debug_frame   0x00000674       0xc4 timers.o
 .debug_frame   0x00000738       0x60 validacao_senhas.o

.debug_str      0x00000000      0xcaa
 *(.debug_str)
 .debug_str     0x00000000      0x3e6 C:/Program Files (x86)/Atmel/Studio/7.0/Packs/atmel/ATmega_DFP/1.7.374/gcc/dev/atmega2560/avr6/crtatmega2560.o
 .debug_str     0x000003e6      0x401 deteccao_intruso.o
                                0x465 (size before relaxing)
 .debug_str     0x000007e7       0x80 serial.o
                                0x3dd (size before relaxing)
 .debug_str     0x00000867      0x17e subRotinaAdm.o
                                0x4b6 (size before relaxing)
 .debug_str     0x000009e5       0x4f teclado.o
                                0x239 (size before relaxing)
 .debug_str     0x00000a34      0x131 lcdio.o
                                0x4da (size before relaxing)
 .debug_str     0x00000b65       0xcc main.o
                                0x573 (size before relaxing)
 .debug_str     0x00000c31       0x14 timerRelogio.o
                                0x380 (size before relaxing)
 .debug_str     0x00000c45       0x3f timers.o
                                0x24b (size before relaxing)
 .debug_str     0x00000c84       0x26 validacao_senhas.o
                                0x40b (size before relaxing)

.debug_loc      0x00000000      0xab9
 *(.debug_loc)
 .debug_loc     0x00000000      0x10e deteccao_intruso.o
 .debug_loc     0x0000010e       0xdd serial.o
 .debug_loc     0x000001eb       0xd0 subRotinaAdm.o
 .debug_loc     0x000002bb      0x152 teclado.o
 .debug_loc     0x0000040d      0x1a1 lcdio.o
 .debug_loc     0x000005ae      0x48b main.o
 .debug_loc     0x00000a39       0x80 validacao_senhas.o

.debug_macinfo
 *(.debug_macinfo)

.debug_weaknames
 *(.debug_weaknames)

.debug_funcnames
 *(.debug_funcnames)

.debug_typenames
 *(.debug_typenames)

.debug_varnames
 *(.debug_varnames)

.debug_pubtypes
 *(.debug_pubtypes)

.debug_ranges   0x00000000      0x2c8
 *(.debug_ranges)
 .debug_ranges  0x00000000       0x40 deteccao_intruso.o
 .debug_ranges  0x00000040       0x48 serial.o
 .debug_ranges  0x00000088       0x18 subRotinaAdm.o
 .debug_ranges  0x000000a0       0x20 teclado.o
 .debug_ranges  0x000000c0      0x128 lcdio.o
 .debug_ranges  0x000001e8       0x40 main.o
 .debug_ranges  0x00000228       0x18 timerRelogio.o
 .debug_ranges  0x00000240       0x60 timers.o
 .debug_ranges  0x000002a0       0x28 validacao_senhas.o

.debug_macro
 *(.debug_macro)
OUTPUT(lcd_dale.elf elf32-avr)
LOAD linker stubs
