Archive member included to satisfy reference by file (symbol)

d:/atmel/studio/7.0/toolchain/avr8/avr8-gnu-toolchain/bin/../lib/gcc/avr/5.4.0/avr6\libgcc.a(_exit.o)
                              D:/Atmel/Studio/7.0/Packs/atmel/ATmega_DFP/1.7.374/gcc/dev/atmega2560/avr6/crtatmega2560.o (exit)
d:/atmel/studio/7.0/toolchain/avr8/avr8-gnu-toolchain/bin/../lib/gcc/avr/5.4.0/avr6\libgcc.a(_copy_data.o)
                              deteccao_intruso.o (__do_copy_data)
d:/atmel/studio/7.0/toolchain/avr8/avr8-gnu-toolchain/bin/../lib/gcc/avr/5.4.0/avr6\libgcc.a(_clear_bss.o)
                              deteccao_intruso.o (__do_clear_bss)
d:/atmel/studio/7.0/toolchain/avr8/avr8-gnu-toolchain/bin/../lib/gcc/avr/5.4.0/../../../../avr/lib/avr6\libc.a(strcmp.o)
                              subRotinaAdm.o (strcmp)
d:/atmel/studio/7.0/toolchain/avr8/avr8-gnu-toolchain/bin/../lib/gcc/avr/5.4.0/../../../../avr/lib/avr6\libc.a(strcpy.o)
                              subRotinaAdm.o (strcpy)

Allocating common symbols
Common symbol       size              file

possivelTecla       0x1               serial.o
tecla               0x1               serial.o
binColuna           0x1               serial.o

Discarded input sections

 .data          0x00000000        0x0 D:/Atmel/Studio/7.0/Packs/atmel/ATmega_DFP/1.7.374/gcc/dev/atmega2560/avr6/crtatmega2560.o
 .bss           0x00000000        0x0 D:/Atmel/Studio/7.0/Packs/atmel/ATmega_DFP/1.7.374/gcc/dev/atmega2560/avr6/crtatmega2560.o
 .text          0x00000000        0x0 deteccao_intruso.o
 .data          0x00000000        0x0 deteccao_intruso.o
 .bss           0x00000000        0x0 deteccao_intruso.o
 .text.desativa_buzzer
                0x00000000        0xe deteccao_intruso.o
 COMMON         0x00000000        0x0 deteccao_intruso.o
 .text          0x00000000        0x0 serial.o
 .data          0x00000000        0x0 serial.o
 .bss           0x00000000        0x0 serial.o
 .text.serialDesativarInterrupt
                0x00000000        0xc serial.o
 .text          0x00000000        0x0 subRotinaAdm.o
 .data          0x00000000        0x0 subRotinaAdm.o
 .bss           0x00000000        0x0 subRotinaAdm.o
 .text          0x00000000        0x0 teclado.o
 .data          0x00000000        0x0 teclado.o
 .bss           0x00000000        0x0 teclado.o
 .text          0x00000000        0x0 lcdio.o
 .data          0x00000000        0x0 lcdio.o
 .bss           0x00000000        0x0 lcdio.o
 .text          0x00000000        0x0 main.o
 .data          0x00000000        0x0 main.o
 .bss           0x00000000        0x0 main.o
 .text          0x00000000        0x0 timerRelogio.o
 .data          0x00000000        0x0 timerRelogio.o
 .bss           0x00000000        0x0 timerRelogio.o
 .text.configRelogio
                0x00000000       0x20 timerRelogio.o
 .text.conversaoMinHr
                0x00000000       0x7a timerRelogio.o
 .bss.nr_ciclos_relogio
                0x00000000        0x2 timerRelogio.o
 .bss.min       0x00000000        0x2 timerRelogio.o
 .bss.hora      0x00000000        0x2 timerRelogio.o
 .bss.dia       0x00000000        0x2 timerRelogio.o
 .debug_info    0x00000000      0x34e timerRelogio.o
 .debug_abbrev  0x00000000       0xb0 timerRelogio.o
 .debug_aranges
                0x00000000       0x28 timerRelogio.o
 .debug_ranges  0x00000000       0x18 timerRelogio.o
 .debug_line    0x00000000      0x156 timerRelogio.o
 .debug_str     0x00000000      0x327 timerRelogio.o
 .comment       0x00000000       0x31 timerRelogio.o
 .debug_frame   0x00000000       0x34 timerRelogio.o
 .text          0x00000000        0x0 timers.o
 .data          0x00000000        0x0 timers.o
 .bss           0x00000000        0x0 timers.o
 .text.onda_800hzint
                0x00000000       0x1e timers.o
 .text.onda_400hzint
                0x00000000       0x1e timers.o
 .text.led2hz_int
                0x00000000       0x24 timers.o
 .text.delay_1ms
                0x00000000       0x20 timers.o
 .bss.onda      0x00000000        0x1 timers.o
 .bss.ciclos_buzzer
                0x00000000        0x4 timers.o
 .bss.buzzer    0x00000000        0x1 timers.o
 .bss.led2hz    0x00000000        0x1 timers.o
 .text          0x00000000        0x0 validacao_senhas.o
 .data          0x00000000        0x0 validacao_senhas.o
 .bss           0x00000000        0x0 validacao_senhas.o
 .text          0x00000000        0x0 d:/atmel/studio/7.0/toolchain/avr8/avr8-gnu-toolchain/bin/../lib/gcc/avr/5.4.0/avr6\libgcc.a(_exit.o)
 .data          0x00000000        0x0 d:/atmel/studio/7.0/toolchain/avr8/avr8-gnu-toolchain/bin/../lib/gcc/avr/5.4.0/avr6\libgcc.a(_exit.o)
 .bss           0x00000000        0x0 d:/atmel/studio/7.0/toolchain/avr8/avr8-gnu-toolchain/bin/../lib/gcc/avr/5.4.0/avr6\libgcc.a(_exit.o)
 .text.libgcc.mul
                0x00000000        0x0 d:/atmel/studio/7.0/toolchain/avr8/avr8-gnu-toolchain/bin/../lib/gcc/avr/5.4.0/avr6\libgcc.a(_exit.o)
 .text.libgcc.div
                0x00000000        0x0 d:/atmel/studio/7.0/toolchain/avr8/avr8-gnu-toolchain/bin/../lib/gcc/avr/5.4.0/avr6\libgcc.a(_exit.o)
 .text.libgcc   0x00000000        0x0 d:/atmel/studio/7.0/toolchain/avr8/avr8-gnu-toolchain/bin/../lib/gcc/avr/5.4.0/avr6\libgcc.a(_exit.o)
 .text.libgcc.prologue
                0x00000000        0x0 d:/atmel/studio/7.0/toolchain/avr8/avr8-gnu-toolchain/bin/../lib/gcc/avr/5.4.0/avr6\libgcc.a(_exit.o)
 .text.libgcc.builtins
                0x00000000        0x0 d:/atmel/studio/7.0/toolchain/avr8/avr8-gnu-toolchain/bin/../lib/gcc/avr/5.4.0/avr6\libgcc.a(_exit.o)
 .text.libgcc.fmul
                0x00000000        0x0 d:/atmel/studio/7.0/toolchain/avr8/avr8-gnu-toolchain/bin/../lib/gcc/avr/5.4.0/avr6\libgcc.a(_exit.o)
 .text.libgcc.fixed
                0x00000000        0x0 d:/atmel/studio/7.0/toolchain/avr8/avr8-gnu-toolchain/bin/../lib/gcc/avr/5.4.0/avr6\libgcc.a(_exit.o)
 .text          0x00000000        0x0 d:/atmel/studio/7.0/toolchain/avr8/avr8-gnu-toolchain/bin/../lib/gcc/avr/5.4.0/avr6\libgcc.a(_copy_data.o)
 .data          0x00000000        0x0 d:/atmel/studio/7.0/toolchain/avr8/avr8-gnu-toolchain/bin/../lib/gcc/avr/5.4.0/avr6\libgcc.a(_copy_data.o)
 .bss           0x00000000        0x0 d:/atmel/studio/7.0/toolchain/avr8/avr8-gnu-toolchain/bin/../lib/gcc/avr/5.4.0/avr6\libgcc.a(_copy_data.o)
 .text.libgcc.mul
                0x00000000        0x0 d:/atmel/studio/7.0/toolchain/avr8/avr8-gnu-toolchain/bin/../lib/gcc/avr/5.4.0/avr6\libgcc.a(_copy_data.o)
 .text.libgcc.div
                0x00000000        0x0 d:/atmel/studio/7.0/toolchain/avr8/avr8-gnu-toolchain/bin/../lib/gcc/avr/5.4.0/avr6\libgcc.a(_copy_data.o)
 .text.libgcc   0x00000000        0x0 d:/atmel/studio/7.0/toolchain/avr8/avr8-gnu-toolchain/bin/../lib/gcc/avr/5.4.0/avr6\libgcc.a(_copy_data.o)
 .text.libgcc.prologue
                0x00000000        0x0 d:/atmel/studio/7.0/toolchain/avr8/avr8-gnu-toolchain/bin/../lib/gcc/avr/5.4.0/avr6\libgcc.a(_copy_data.o)
 .text.libgcc.builtins
                0x00000000        0x0 d:/atmel/studio/7.0/toolchain/avr8/avr8-gnu-toolchain/bin/../lib/gcc/avr/5.4.0/avr6\libgcc.a(_copy_data.o)
 .text.libgcc.fmul
                0x00000000        0x0 d:/atmel/studio/7.0/toolchain/avr8/avr8-gnu-toolchain/bin/../lib/gcc/avr/5.4.0/avr6\libgcc.a(_copy_data.o)
 .text.libgcc.fixed
                0x00000000        0x0 d:/atmel/studio/7.0/toolchain/avr8/avr8-gnu-toolchain/bin/../lib/gcc/avr/5.4.0/avr6\libgcc.a(_copy_data.o)
 .text          0x00000000        0x0 d:/atmel/studio/7.0/toolchain/avr8/avr8-gnu-toolchain/bin/../lib/gcc/avr/5.4.0/avr6\libgcc.a(_clear_bss.o)
 .data          0x00000000        0x0 d:/atmel/studio/7.0/toolchain/avr8/avr8-gnu-toolchain/bin/../lib/gcc/avr/5.4.0/avr6\libgcc.a(_clear_bss.o)
 .bss           0x00000000        0x0 d:/atmel/studio/7.0/toolchain/avr8/avr8-gnu-toolchain/bin/../lib/gcc/avr/5.4.0/avr6\libgcc.a(_clear_bss.o)
 .text.libgcc.mul
                0x00000000        0x0 d:/atmel/studio/7.0/toolchain/avr8/avr8-gnu-toolchain/bin/../lib/gcc/avr/5.4.0/avr6\libgcc.a(_clear_bss.o)
 .text.libgcc.div
                0x00000000        0x0 d:/atmel/studio/7.0/toolchain/avr8/avr8-gnu-toolchain/bin/../lib/gcc/avr/5.4.0/avr6\libgcc.a(_clear_bss.o)
 .text.libgcc   0x00000000        0x0 d:/atmel/studio/7.0/toolchain/avr8/avr8-gnu-toolchain/bin/../lib/gcc/avr/5.4.0/avr6\libgcc.a(_clear_bss.o)
 .text.libgcc.prologue
                0x00000000        0x0 d:/atmel/studio/7.0/toolchain/avr8/avr8-gnu-toolchain/bin/../lib/gcc/avr/5.4.0/avr6\libgcc.a(_clear_bss.o)
 .text.libgcc.builtins
                0x00000000        0x0 d:/atmel/studio/7.0/toolchain/avr8/avr8-gnu-toolchain/bin/../lib/gcc/avr/5.4.0/avr6\libgcc.a(_clear_bss.o)
 .text.libgcc.fmul
                0x00000000        0x0 d:/atmel/studio/7.0/toolchain/avr8/avr8-gnu-toolchain/bin/../lib/gcc/avr/5.4.0/avr6\libgcc.a(_clear_bss.o)
 .text.libgcc.fixed
                0x00000000        0x0 d:/atmel/studio/7.0/toolchain/avr8/avr8-gnu-toolchain/bin/../lib/gcc/avr/5.4.0/avr6\libgcc.a(_clear_bss.o)
 .text          0x00000000        0x0 d:/atmel/studio/7.0/toolchain/avr8/avr8-gnu-toolchain/bin/../lib/gcc/avr/5.4.0/../../../../avr/lib/avr6\libc.a(strcmp.o)
 .data          0x00000000        0x0 d:/atmel/studio/7.0/toolchain/avr8/avr8-gnu-toolchain/bin/../lib/gcc/avr/5.4.0/../../../../avr/lib/avr6\libc.a(strcmp.o)
 .bss           0x00000000        0x0 d:/atmel/studio/7.0/toolchain/avr8/avr8-gnu-toolchain/bin/../lib/gcc/avr/5.4.0/../../../../avr/lib/avr6\libc.a(strcmp.o)
 .text          0x00000000        0x0 d:/atmel/studio/7.0/toolchain/avr8/avr8-gnu-toolchain/bin/../lib/gcc/avr/5.4.0/../../../../avr/lib/avr6\libc.a(strcpy.o)
 .data          0x00000000        0x0 d:/atmel/studio/7.0/toolchain/avr8/avr8-gnu-toolchain/bin/../lib/gcc/avr/5.4.0/../../../../avr/lib/avr6\libc.a(strcpy.o)
 .bss           0x00000000        0x0 d:/atmel/studio/7.0/toolchain/avr8/avr8-gnu-toolchain/bin/../lib/gcc/avr/5.4.0/../../../../avr/lib/avr6\libc.a(strcpy.o)

Memory Configuration

Name             Origin             Length             Attributes
text             0x00000000         0x00040000         xr
data             0x00800200         0x00002000         rw !x
eeprom           0x00810000         0x00001000         rw !x
fuse             0x00820000         0x00000003         rw !x
lock             0x00830000         0x00000400         rw !x
signature        0x00840000         0x00000400         rw !x
user_signatures  0x00850000         0x00000400         rw !x
*default*        0x00000000         0xffffffff

Linker script and memory map

Address of section .data set to 0x800200
LOAD D:/Atmel/Studio/7.0/Packs/atmel/ATmega_DFP/1.7.374/gcc/dev/atmega2560/avr6/crtatmega2560.o
LOAD deteccao_intruso.o
LOAD serial.o
LOAD subRotinaAdm.o
LOAD teclado.o
LOAD lcdio.o
LOAD main.o
LOAD timerRelogio.o
LOAD timers.o
LOAD validacao_senhas.o
START GROUP
LOAD d:/atmel/studio/7.0/toolchain/avr8/avr8-gnu-toolchain/bin/../lib/gcc/avr/5.4.0/../../../../avr/lib/avr6\libm.a
END GROUP
START GROUP
LOAD d:/atmel/studio/7.0/toolchain/avr8/avr8-gnu-toolchain/bin/../lib/gcc/avr/5.4.0/avr6\libgcc.a
LOAD d:/atmel/studio/7.0/toolchain/avr8/avr8-gnu-toolchain/bin/../lib/gcc/avr/5.4.0/../../../../avr/lib/avr6\libm.a
LOAD d:/atmel/studio/7.0/toolchain/avr8/avr8-gnu-toolchain/bin/../lib/gcc/avr/5.4.0/../../../../avr/lib/avr6\libc.a
LOAD D:/Atmel/Studio/7.0/Packs/atmel/ATmega_DFP/1.7.374/gcc/dev/atmega2560/avr6\libatmega2560.a
END GROUP
                0x00000000                __TEXT_REGION_ORIGIN__ = DEFINED (__TEXT_REGION_ORIGIN__)?__TEXT_REGION_ORIGIN__:0x0
                [0x00800200]                __DATA_REGION_ORIGIN__ = DEFINED (__DATA_REGION_ORIGIN__)?__DATA_REGION_ORIGIN__:0x800200
                [0x00040000]                __TEXT_REGION_LENGTH__ = DEFINED (__TEXT_REGION_LENGTH__)?__TEXT_REGION_LENGTH__:0x100000
                [0x00002000]                __DATA_REGION_LENGTH__ = DEFINED (__DATA_REGION_LENGTH__)?__DATA_REGION_LENGTH__:0xfe00
                [0x00001000]                __EEPROM_REGION_LENGTH__ = DEFINED (__EEPROM_REGION_LENGTH__)?__EEPROM_REGION_LENGTH__:0x10000
                [0x00000003]                __FUSE_REGION_LENGTH__ = DEFINED (__FUSE_REGION_LENGTH__)?__FUSE_REGION_LENGTH__:0x400
                0x00000400                __LOCK_REGION_LENGTH__ = DEFINED (__LOCK_REGION_LENGTH__)?__LOCK_REGION_LENGTH__:0x400
                0x00000400                __SIGNATURE_REGION_LENGTH__ = DEFINED (__SIGNATURE_REGION_LENGTH__)?__SIGNATURE_REGION_LENGTH__:0x400
                0x00000400                __USER_SIGNATURE_REGION_LENGTH__ = DEFINED (__USER_SIGNATURE_REGION_LENGTH__)?__USER_SIGNATURE_REGION_LENGTH__:0x400

.hash
 *(.hash)

.dynsym
 *(.dynsym)

.dynstr
 *(.dynstr)

.gnu.version
 *(.gnu.version)

.gnu.version_d
 *(.gnu.version_d)

.gnu.version_r
 *(.gnu.version_r)

.rel.init
 *(.rel.init)

.rela.init
 *(.rela.init)

.rel.text
 *(.rel.text)
 *(.rel.text.*)
 *(.rel.gnu.linkonce.t*)

.rela.text
 *(.rela.text)
 *(.rela.text.*)
 *(.rela.gnu.linkonce.t*)

.rel.fini
 *(.rel.fini)

.rela.fini
 *(.rela.fini)

.rel.rodata
 *(.rel.rodata)
 *(.rel.rodata.*)
 *(.rel.gnu.linkonce.r*)

.rela.rodata
 *(.rela.rodata)
 *(.rela.rodata.*)
 *(.rela.gnu.linkonce.r*)

.rel.data
 *(.rel.data)
 *(.rel.data.*)
 *(.rel.gnu.linkonce.d*)

.rela.data
 *(.rela.data)
 *(.rela.data.*)
 *(.rela.gnu.linkonce.d*)

.rel.ctors
 *(.rel.ctors)

.rela.ctors
 *(.rela.ctors)

.rel.dtors
 *(.rel.dtors)

.rela.dtors
 *(.rela.dtors)

.rel.got
 *(.rel.got)

.rela.got
 *(.rela.got)

.rel.bss
 *(.rel.bss)

.rela.bss
 *(.rela.bss)

.rel.plt
 *(.rel.plt)

.rela.plt
 *(.rela.plt)

.text           0x00000000      0xcea
 *(.vectors)
 .vectors       0x00000000       0xe4 D:/Atmel/Studio/7.0/Packs/atmel/ATmega_DFP/1.7.374/gcc/dev/atmega2560/avr6/crtatmega2560.o
                0x00000000                __vector_default
                0x00000000                __vectors
 *(.vectors)
 *(.progmem.gcc*)
                0x000000e4                . = ALIGN (0x2)
                0x000000e4                __trampolines_start = .
 *(.trampolines)
 .trampolines   0x000000e4        0x0 linker stubs
 *(.trampolines*)
                0x000000e4                __trampolines_end = .
 *libprintf_flt.a:*(.progmem.data)
 *libc.a:*(.progmem.data)
 *(.progmem*)
                0x000000e4                . = ALIGN (0x2)
 *(.jumptables)
 *(.jumptables*)
 *(.lowtext)
 *(.lowtext*)
                0x000000e4                __ctors_start = .
 *(.ctors)
                0x000000e4                __ctors_end = .
                0x000000e4                __dtors_start = .
 *(.dtors)
                0x000000e4                __dtors_end = .
 SORT(*)(.ctors)
 SORT(*)(.dtors)
 *(.init0)
 .init0         0x000000e4        0x0 D:/Atmel/Studio/7.0/Packs/atmel/ATmega_DFP/1.7.374/gcc/dev/atmega2560/avr6/crtatmega2560.o
                0x000000e4                __init
 *(.init0)
 *(.init1)
 *(.init1)
 *(.init2)
 .init2         0x000000e4       0x10 D:/Atmel/Studio/7.0/Packs/atmel/ATmega_DFP/1.7.374/gcc/dev/atmega2560/avr6/crtatmega2560.o
 *(.init2)
 *(.init3)
 *(.init3)
 *(.init4)
 .init4         0x000000f4       0x1a d:/atmel/studio/7.0/toolchain/avr8/avr8-gnu-toolchain/bin/../lib/gcc/avr/5.4.0/avr6\libgcc.a(_copy_data.o)
                0x000000f4                __do_copy_data
 .init4         0x0000010e       0x10 d:/atmel/studio/7.0/toolchain/avr8/avr8-gnu-toolchain/bin/../lib/gcc/avr/5.4.0/avr6\libgcc.a(_clear_bss.o)
                0x0000010e                __do_clear_bss
 *(.init4)
 *(.init5)
 *(.init5)
 *(.init6)
 *(.init6)
 *(.init7)
 *(.init7)
 *(.init8)
 *(.init8)
 *(.init9)
 .init9         0x0000011e        0x4 D:/Atmel/Studio/7.0/Packs/atmel/ATmega_DFP/1.7.374/gcc/dev/atmega2560/avr6/crtatmega2560.o
 *(.init9)
 *(.text)
 .text          0x00000122        0x2 D:/Atmel/Studio/7.0/Packs/atmel/ATmega_DFP/1.7.374/gcc/dev/atmega2560/avr6/crtatmega2560.o
                0x00000122                __vector_38
                0x00000122                __vector_22
                0x00000122                __vector_28
                0x00000122                __vector_1
                0x00000122                __vector_32
                0x00000122                __vector_34
                0x00000122                __vector_24
                0x00000122                __vector_12
                0x00000122                __vector_55
                0x00000122                __vector_46
                0x00000122                __bad_interrupt
                0x00000122                __vector_6
                0x00000122                __vector_31
                0x00000122                __vector_39
                0x00000122                __vector_3
                0x00000122                __vector_23
                0x00000122                __vector_30
                0x00000122                __vector_45
                0x00000122                __vector_54
                0x00000122                __vector_13
                0x00000122                __vector_17
                0x00000122                __vector_19
                0x00000122                __vector_56
                0x00000122                __vector_7
                0x00000122                __vector_49
                0x00000122                __vector_41
                0x00000122                __vector_43
                0x00000122                __vector_27
                0x00000122                __vector_5
                0x00000122                __vector_33
                0x00000122                __vector_47
                0x00000122                __vector_52
                0x00000122                __vector_37
                0x00000122                __vector_4
                0x00000122                __vector_44
                0x00000122                __vector_51
                0x00000122                __vector_9
                0x00000122                __vector_2
                0x00000122                __vector_21
                0x00000122                __vector_15
                0x00000122                __vector_36
                0x00000122                __vector_29
                0x00000122                __vector_40
                0x00000122                __vector_8
                0x00000122                __vector_26
                0x00000122                __vector_48
                0x00000122                __vector_14
                0x00000122                __vector_53
                0x00000122                __vector_10
                0x00000122                __vector_50
                0x00000122                __vector_16
                0x00000122                __vector_18
                0x00000122                __vector_42
                0x00000124                . = ALIGN (0x2)
 *(.text.*)
 .text.delay_piscaled
                0x00000124       0x66 deteccao_intruso.o
                0x00000124                delay_piscaled
 .text.ativa_buzzer
                0x0000018a       0x98 deteccao_intruso.o
                0x0000018a                ativa_buzzer
 .text.serialAtivarInterrupt
                0x00000222        0xc serial.o
                0x00000222                serialAtivarInterrupt
 .text.serialInicializar
                0x0000022e       0x20 serial.o
                0x0000022e                serialInicializar
 .text.serialByteDisponivelEnvio
                0x0000024e        0x8 serial.o
                0x0000024e                serialByteDisponivelEnvio
 .text.serialByteRecebido
                0x00000256        0x8 serial.o
                0x00000256                serialByteRecebido
 .text.serialEnviarByte
                0x0000025e       0x12 serial.o
                0x0000025e                serialEnviarByte
 .text.serialReceberByte
                0x00000270        0xc serial.o
                0x00000270                serialReceberByte
 .text.serialEnviarString
                0x0000027c       0x24 serial.o
                0x0000027c                serialEnviarString
 .text.tela1    0x000002a0       0x12 subRotinaAdm.o
                0x000002a0                tela1
 .text.tela2    0x000002b2       0x12 subRotinaAdm.o
                0x000002b2                tela2
 .text.tela3    0x000002c4       0x12 subRotinaAdm.o
                0x000002c4                tela3
 .text.tela4    0x000002d6       0x2e subRotinaAdm.o
                0x000002d6                tela4
 .text.telaTrocaSenhas
                0x00000304       0x12 subRotinaAdm.o
                0x00000304                telaTrocaSenhas
 .text.telaDeStatusUsuario
                0x00000316       0x4a subRotinaAdm.o
                0x00000316                telaDeStatusUsuario
 .text.telaResetSenhas
                0x00000360       0x12 subRotinaAdm.o
                0x00000360                telaResetSenhas
 .text.telaResetarSenhas
                0x00000372       0x12 subRotinaAdm.o
                0x00000372                telaResetarSenhas
 .text.telaSenhasDivergentes
                0x00000384       0x12 subRotinaAdm.o
                0x00000384                telaSenhasDivergentes
 .text.telaNovaSenha
                0x00000396        0xc subRotinaAdm.o
                0x00000396                telaNovaSenha
 .text.telaConfirmaSenha
                0x000003a2        0xc subRotinaAdm.o
                0x000003a2                telaConfirmaSenha
 .text.subRotinaAdm
                0x000003ae      0x1ca subRotinaAdm.o
                0x000003ae                subRotinaAdm
 .text.ligaLinhas
                0x00000578       0x9c teclado.o
                0x00000578                ligaLinhas
 .text.procuraLinhas
                0x00000614       0x44 teclado.o
                0x00000614                procuraLinhas
 .text.procuraTecla
                0x00000658       0x42 teclado.o
                0x00000658                procuraTecla
 .text.config_delay_timer0_CTC
                0x0000069a        0xa lcdio.o
                0x0000069a                config_delay_timer0_CTC
 .text.delay_CTC
                0x000006a4       0x12 lcdio.o
                0x000006a4                delay_CTC
 .text.config_porta_avr
                0x000006b6        0xa lcdio.o
                0x000006b6                config_porta_avr
 .text.trigger_EN
                0x000006c0       0x1e lcdio.o
                0x000006c0                trigger_EN
 .text.send_data
                0x000006de       0x32 lcdio.o
                0x000006de                send_data
 .text.send_command
                0x00000710       0x32 lcdio.o
                0x00000710                send_command
 .text.send_string
                0x00000742       0x18 lcdio.o
                0x00000742                send_string
 .text.limpa_reseta_cursor
                0x0000075a        0xe lcdio.o
                0x0000075a                limpa_reseta_cursor
 .text.config_lcd_padrao
                0x00000768       0x26 lcdio.o
                0x00000768                config_lcd_padrao
 .text.proxima_linha
                0x0000078e        0xc lcdio.o
                0x0000078e                proxima_linha
 .text.main     0x0000079a       0x5a main.o
                0x0000079a                main
 .text.__vector_11
                0x000007f4      0x12e main.o
                0x000007f4                __vector_11
 .text.__vector_20
                0x00000922       0x8e main.o
                0x00000922                __vector_20
 .text.__vector_35
                0x000009b0       0x8e main.o
                0x000009b0                __vector_35
 .text.__vector_25
                0x00000a3e       0x82 main.o
                0x00000a3e                __vector_25
 .text.config_timer1
                0x00000ac0       0x18 timers.o
                0x00000ac0                config_timer1
 .text.onda_800hz
                0x00000ad8       0x1e timers.o
                0x00000ad8                onda_800hz
 .text.onda_400hz
                0x00000af6       0x1e timers.o
                0x00000af6                onda_400hz
 .text.delay_250ms
                0x00000b14       0x20 timers.o
                0x00000b14                delay_250ms
 .text.delay_200ms
                0x00000b34       0x20 timers.o
                0x00000b34                delay_200ms
 .text.delay_1s
                0x00000b54       0x20 timers.o
                0x00000b54                delay_1s
 .text.lendo_senha
                0x00000b74       0x26 validacao_senhas.o
                0x00000b74                lendo_senha
 .text.subRotinaTrocaSenha
                0x00000b9a       0x4e validacao_senhas.o
                0x00000b9a                subRotinaTrocaSenha
 .text.validar_senha
                0x00000be8       0x6a validacao_senhas.o
                0x00000be8                validar_senha
 .text.resultado_validacao
                0x00000c52       0x74 validacao_senhas.o
                0x00000c52                resultado_validacao
 .text.avr-libc
                0x00000cc6       0x12 d:/atmel/studio/7.0/toolchain/avr8/avr8-gnu-toolchain/bin/../lib/gcc/avr/5.4.0/../../../../avr/lib/avr6\libc.a(strcmp.o)
                0x00000cc6                strcmp
 .text.avr-libc
                0x00000cd8        0xe d:/atmel/studio/7.0/toolchain/avr8/avr8-gnu-toolchain/bin/../lib/gcc/avr/5.4.0/../../../../avr/lib/avr6\libc.a(strcpy.o)
                0x00000cd8                strcpy
                0x00000ce6                . = ALIGN (0x2)
 *(.fini9)
 .fini9         0x00000ce6        0x0 d:/atmel/studio/7.0/toolchain/avr8/avr8-gnu-toolchain/bin/../lib/gcc/avr/5.4.0/avr6\libgcc.a(_exit.o)
                0x00000ce6                _exit
                0x00000ce6                exit
 *(.fini9)
 *(.fini8)
 *(.fini8)
 *(.fini7)
 *(.fini7)
 *(.fini6)
 *(.fini6)
 *(.fini5)
 *(.fini5)
 *(.fini4)
 *(.fini4)
 *(.fini3)
 *(.fini3)
 *(.fini2)
 *(.fini2)
 *(.fini1)
 *(.fini1)
 *(.fini0)
 .fini0         0x00000ce6        0x4 d:/atmel/studio/7.0/toolchain/avr8/avr8-gnu-toolchain/bin/../lib/gcc/avr/5.4.0/avr6\libgcc.a(_exit.o)
 *(.fini0)
                0x00000cea                _etext = .

.data           0x00800200      0x202 load address 0x00000cea
                0x00800200                PROVIDE (__data_start, .)
 *(.data)
 *(.data*)
 .data.tempo_TA
                0x00800200        0x4 deteccao_intruso.o
                0x00800200                tempo_TA
 .data.confereNovaSenha
                0x00800204        0x6 subRotinaAdm.o
                0x00800204                confereNovaSenha
 .data.novaSenha
                0x0080020a        0x6 subRotinaAdm.o
                0x0080020a                novaSenha
 .data.sair     0x00800210        0x1 subRotinaAdm.o
                0x00800210                sair
 .data.modoNoturnoStatus
                0x00800211        0x1 subRotinaAdm.o
                0x00800211                modoNoturnoStatus
 .data.usuario2Status
                0x00800212        0x1 subRotinaAdm.o
                0x00800212                usuario2Status
 .data.usuario1Status
                0x00800213        0x1 subRotinaAdm.o
                0x00800213                usuario1Status
 .data.teclado  0x00800214       0x10 teclado.o
                0x00800214                teclado
 .data.senhas   0x00800224       0x3c validacao_senhas.o
                0x00800224                senhas
 *(.gnu.linkonce.d*)
 *(.rodata)
 *(.rodata*)
 .rodata.str1.1
                0x00800260      0x109 subRotinaAdm.o
 .rodata.str1.1
                0x00800369       0x45 main.o
                                 0x4c (size before relaxing)
 .rodata.str1.1
                0x008003ae       0x54 validacao_senhas.o
                                 0x6c (size before relaxing)
 *(.gnu.linkonce.r*)
                0x00800402                . = ALIGN (0x2)
                0x00800402                _edata = .
                0x00800402                PROVIDE (__data_end, .)

.bss            0x00800402       0x12
                0x00800402                PROVIDE (__bss_start, .)
 *(.bss)
 *(.bss*)
 .bss.chamada   0x00800402        0x1 deteccao_intruso.o
                0x00800402                chamada
 .bss.intruso_detectado
                0x00800403        0x1 deteccao_intruso.o
                0x00800403                intruso_detectado
 .bss.alarme_ativo
                0x00800404        0x1 deteccao_intruso.o
                0x00800404                alarme_ativo
 .bss.senhaConferida
                0x00800405        0x1 subRotinaAdm.o
                0x00800405                senhaConferida
 .bss.instrucaoDigitada
                0x00800406        0x1 subRotinaAdm.o
                0x00800406                instrucaoDigitada
 .bss.nr_ciclos_timer1
                0x00800407        0x2 timers.o
                0x00800407                nr_ciclos_timer1
 .bss.senha     0x00800409        0x6 validacao_senhas.o
                0x00800409                senha
 .bss.nr_digitados
                0x0080040f        0x2 validacao_senhas.o
                0x0080040f                nr_digitados
 *(COMMON)
 COMMON         0x00800411        0x3 serial.o
                0x00800411                possivelTecla
                0x00800412                tecla
                0x00800413                binColuna
                0x00800414                PROVIDE (__bss_end, .)
                0x00000cea                __data_load_start = LOADADDR (.data)
                0x00000eec                __data_load_end = (__data_load_start + SIZEOF (.data))

.noinit         0x00800414        0x0
                [!provide]                PROVIDE (__noinit_start, .)
 *(.noinit*)
                [!provide]                PROVIDE (__noinit_end, .)
                0x00800414                _end = .
                [!provide]                PROVIDE (__heap_start, .)

.eeprom         0x00810000        0x0
 *(.eeprom*)
                0x00810000                __eeprom_end = .

.fuse
 *(.fuse)
 *(.lfuse)
 *(.hfuse)
 *(.efuse)

.lock
 *(.lock*)

.signature
 *(.signature*)

.user_signatures
 *(.user_signatures*)

.stab
 *(.stab)

.stabstr
 *(.stabstr)

.stab.excl
 *(.stab.excl)

.stab.exclstr
 *(.stab.exclstr)

.stab.index
 *(.stab.index)

.stab.indexstr
 *(.stab.indexstr)

.comment        0x00000000       0x30
 *(.comment)
 .comment       0x00000000       0x30 deteccao_intruso.o
                                 0x31 (size before relaxing)
 .comment       0x00000030       0x31 serial.o
 .comment       0x00000030       0x31 subRotinaAdm.o
 .comment       0x00000030       0x31 teclado.o
 .comment       0x00000030       0x31 lcdio.o
 .comment       0x00000030       0x31 main.o
 .comment       0x00000030       0x31 timers.o
 .comment       0x00000030       0x31 validacao_senhas.o

.note.gnu.avr.deviceinfo
                0x00000000       0x40
 .note.gnu.avr.deviceinfo
                0x00000000       0x40 D:/Atmel/Studio/7.0/Packs/atmel/ATmega_DFP/1.7.374/gcc/dev/atmega2560/avr6/crtatmega2560.o

.note.gnu.build-id
 *(.note.gnu.build-id)

.debug
 *(.debug)

.line
 *(.line)

.debug_srcinfo
 *(.debug_srcinfo)

.debug_sfnames
 *(.debug_sfnames)

.debug_aranges  0x00000000      0x278
 *(.debug_aranges)
 .debug_aranges
                0x00000000       0x30 deteccao_intruso.o
 .debug_aranges
                0x00000030       0x58 serial.o
 .debug_aranges
                0x00000088       0x78 subRotinaAdm.o
 .debug_aranges
                0x00000100       0x30 teclado.o
 .debug_aranges
                0x00000130       0x68 lcdio.o
 .debug_aranges
                0x00000198       0x40 main.o
 .debug_aranges
                0x000001d8       0x68 timers.o
 .debug_aranges
                0x00000240       0x38 validacao_senhas.o

.debug_pubnames
 *(.debug_pubnames)

.debug_info     0x00000000     0x3171
 *(.debug_info .gnu.linkonce.wi.*)
 .debug_info    0x00000000      0xbbc D:/Atmel/Studio/7.0/Packs/atmel/ATmega_DFP/1.7.374/gcc/dev/atmega2560/avr6/crtatmega2560.o
 .debug_info    0x00000bbc      0x1e6 deteccao_intruso.o
 .debug_info    0x00000da2      0x400 serial.o
 .debug_info    0x000011a2      0xa9b subRotinaAdm.o
 .debug_info    0x00001c3d      0x26b teclado.o
 .debug_info    0x00001ea8      0x3e3 lcdio.o
 .debug_info    0x0000228b      0x731 main.o
 .debug_info    0x000029bc      0x1ab timers.o
 .debug_info    0x00002b67      0x60a validacao_senhas.o

.debug_abbrev   0x00000000     0x1328
 *(.debug_abbrev)
 .debug_abbrev  0x00000000      0xb1a D:/Atmel/Studio/7.0/Packs/atmel/ATmega_DFP/1.7.374/gcc/dev/atmega2560/avr6/crtatmega2560.o
 .debug_abbrev  0x00000b1a       0xb6 deteccao_intruso.o
 .debug_abbrev  0x00000bd0      0x13e serial.o
 .debug_abbrev  0x00000d0e      0x126 subRotinaAdm.o
 .debug_abbrev  0x00000e34       0xf1 teclado.o
 .debug_abbrev  0x00000f25      0x114 lcdio.o
 .debug_abbrev  0x00001039      0x11d main.o
 .debug_abbrev  0x00001156       0x60 timers.o
 .debug_abbrev  0x000011b6      0x172 validacao_senhas.o

.debug_line     0x00000000     0x1728
 *(.debug_line .debug_line.* .debug_line_end)
 .debug_line    0x00000000      0x1fa D:/Atmel/Studio/7.0/Packs/atmel/ATmega_DFP/1.7.374/gcc/dev/atmega2560/avr6/crtatmega2560.o
 .debug_line    0x000001fa      0x197 deteccao_intruso.o
 .debug_line    0x00000391      0x1de serial.o
 .debug_line    0x0000056f      0x50e subRotinaAdm.o
 .debug_line    0x00000a7d      0x187 teclado.o
 .debug_line    0x00000c04      0x2cc lcdio.o
 .debug_line    0x00000ed0      0x37c main.o
 .debug_line    0x0000124c      0x28b timers.o
 .debug_line    0x000014d7      0x251 validacao_senhas.o

.debug_frame    0x00000000      0x5c4
 *(.debug_frame)
 .debug_frame   0x00000000       0x6c deteccao_intruso.o
 .debug_frame   0x0000006c       0xac serial.o
 .debug_frame   0x00000118       0xdc subRotinaAdm.o
 .debug_frame   0x000001f4       0x50 teclado.o
 .debug_frame   0x00000244       0xd0 lcdio.o
 .debug_frame   0x00000314      0x194 main.o
 .debug_frame   0x000004a8       0xb4 timers.o
 .debug_frame   0x0000055c       0x68 validacao_senhas.o

.debug_str      0x00000000      0xa62
 *(.debug_str)
 .debug_str     0x00000000      0x3e6 D:/Atmel/Studio/7.0/Packs/atmel/ATmega_DFP/1.7.374/gcc/dev/atmega2560/avr6/crtatmega2560.o
 .debug_str     0x000003e6      0x1e3 deteccao_intruso.o
                                0x230 (size before relaxing)
 .debug_str     0x000005c9      0x1ba serial.o
                                0x391 (size before relaxing)
 .debug_str     0x00000783      0x13b subRotinaAdm.o
                                0x3e1 (size before relaxing)
 .debug_str     0x000008be       0x4f teclado.o
                                0x225 (size before relaxing)
 .debug_str     0x0000090d       0x81 lcdio.o
                                0x261 (size before relaxing)
 .debug_str     0x0000098e       0x6f main.o
                                0x42b (size before relaxing)
 .debug_str     0x000009fd       0x3f timers.o
                                0x227 (size before relaxing)
 .debug_str     0x00000a3c       0x26 validacao_senhas.o
                                0x39f (size before relaxing)

.debug_loc      0x00000000      0x8c9
 *(.debug_loc)
 .debug_loc     0x00000000      0x10e deteccao_intruso.o
 .debug_loc     0x0000010e       0xdd serial.o
 .debug_loc     0x000001eb       0x3a subRotinaAdm.o
 .debug_loc     0x00000225      0x152 teclado.o
 .debug_loc     0x00000377       0xf3 lcdio.o
 .debug_loc     0x0000046a      0x3ad main.o
 .debug_loc     0x00000817       0xb2 validacao_senhas.o

.debug_macinfo
 *(.debug_macinfo)

.debug_weaknames
 *(.debug_weaknames)

.debug_funcnames
 *(.debug_funcnames)

.debug_typenames
 *(.debug_typenames)

.debug_varnames
 *(.debug_varnames)

.debug_pubtypes
 *(.debug_pubtypes)

.debug_ranges   0x00000000      0x210
 *(.debug_ranges)
 .debug_ranges  0x00000000       0x38 deteccao_intruso.o
 .debug_ranges  0x00000038       0x48 serial.o
 .debug_ranges  0x00000080       0x68 subRotinaAdm.o
 .debug_ranges  0x000000e8       0x20 teclado.o
 .debug_ranges  0x00000108       0x58 lcdio.o
 .debug_ranges  0x00000160       0x30 main.o
 .debug_ranges  0x00000190       0x58 timers.o
 .debug_ranges  0x000001e8       0x28 validacao_senhas.o

.debug_macro
 *(.debug_macro)
OUTPUT(lcd_dale.elf elf32-avr)
LOAD linker stubs
